2026-08-30 04:40:10,841 [INFO] kaggriculture_self_play_training: Experiment directory: /Users/sweeden/kagg/working/run
2026-08-30 04:40:10,846 [DEBUG] kaggriculture_self_play_training: Verbose debug logging enabled
2026-08-30 04:40:10,846 [DEBUG] kaggriculture_self_play_training: Training config: {
  "experiment_dir": "/Users/sweeden/kagg/working/run",
  "seed": 42,
  "device": "auto",
  "total_episodes": 4,
  "learning_start_episodes": 3,
  "batch_size": 32,
  "checkpoint_interval": 10,
  "use_kaggle_env": true,
  "kinematic_phase_a": 3,
  "kinematic_phase_b": 4,
  "kinematic_phase_c": 6,
  "turns_per_cycle": 72,
  "cycles_per_episode": 1,
  "max_episode_steps": 72,
  "n_eval_episodes": 2,
  "bootstrap_episodes": null,
  "bootstrap_transitions": null,
  "data_dir": "/Users/sweeden/kagg/working/kaggle_episodes",
  "download_bootstrap": false,
  "bc_epochs": 0,
  "bc_batch_size": 64,
  "bc_steps_per_epoch": 6,
  "buffer_capacity": 50000,
  "metadata_path": "/Users/sweeden/kagg/working/kaggle_episodes/metadata.json",
  "bootstrap_top_per_day": 3,
  "bootstrap_passes": 3,
  "bc_epochs_per_pass": 4,
  "verbose": true,
  "code_src": "/Users/sweeden/kagg/datasets/scottweeden/self-training-code",
  "bootstrap_mode": "daily_incremental",
  "bootstrap_days_per_run": 2,
  "publish_code_dataset": false,
  "opponents_dir": "/Users/sweeden/kagg/opponents",
  "ladder_eval_episodes": 1,
  "ladder_win_rate_target": 0.5,
  "min_self_play_episodes": 0,
  "timestamp": "2026-08-30T04:40:10.841441",
  "resumed_from": null
}
2026-08-30 04:40:10,857 [INFO] kaggriculture_self_play_training: Self-play pipeline running on device: mps
2026-08-30 04:40:10,910 [DEBUG] kaggriculture_self_play_training: Model init: HierarchicalDQNBranching params=1716765 (1.72M) buffer_capacity=50000
2026-08-30 04:40:11,457 [DEBUG] kaggriculture_self_play_training: Bootstrap phase: mode=daily_incremental episodes=None passes=3 transitions=None metadata=/Users/sweeden/kagg/working/kaggle_episodes/metadata.json
2026-08-30 04:40:11,459 [INFO] path_b_bootstrap: Incremental daily bootstrap: adding 2 day(s) ['2026-08-15', '2026-08-16'] (0/2 dates already done)
2026-08-30 04:40:11,459 [INFO] path_b_bootstrap: Bootstrap day 2026-08-15: 2 episodes (streaming BC, top_per_day=3)
2026-08-30 04:40:11,460 [INFO] path_b_bootstrap: Streaming BC over 2 episode files (epochs=4, batch=64, steps/epoch=6)
2026-08-30 04:40:12,245 [DEBUG] path_b_bootstrap: BC stream epoch 1/4 step 1 | loss=2.43644 | file=93212493.json
2026-08-30 04:40:12,279 [DEBUG] path_b_bootstrap: BC stream epoch 1/4 step 2 | loss=2.41058 | file=93212493.json
2026-08-30 04:40:12,307 [DEBUG] path_b_bootstrap: BC stream epoch 1/4 step 3 | loss=2.38666 | file=93212493.json
2026-08-30 04:40:12,386 [INFO] path_b_bootstrap: BC stream epoch 1/4 | steps=6 | avg loss: 2.38359
2026-08-30 04:40:12,685 [DEBUG] path_b_bootstrap: BC stream epoch 2/4 step 1 | loss=2.28629 | file=93212493.json
2026-08-30 04:40:12,710 [DEBUG] path_b_bootstrap: BC stream epoch 2/4 step 2 | loss=2.26298 | file=93212493.json
2026-08-30 04:40:12,734 [DEBUG] path_b_bootstrap: BC stream epoch 2/4 step 3 | loss=2.24327 | file=93212493.json
2026-08-30 04:40:12,814 [INFO] path_b_bootstrap: BC stream epoch 2/4 | steps=6 | avg loss: 2.24528
2026-08-30 04:40:13,118 [DEBUG] path_b_bootstrap: BC stream epoch 3/4 step 1 | loss=2.15461 | file=93212493.json
2026-08-30 04:40:13,144 [DEBUG] path_b_bootstrap: BC stream epoch 3/4 step 2 | loss=2.12138 | file=93212493.json
2026-08-30 04:40:13,169 [DEBUG] path_b_bootstrap: BC stream epoch 3/4 step 3 | loss=2.09844 | file=93212493.json
2026-08-30 04:40:13,245 [INFO] path_b_bootstrap: BC stream epoch 3/4 | steps=6 | avg loss: 2.10543
2026-08-30 04:40:13,534 [DEBUG] path_b_bootstrap: BC stream epoch 4/4 step 1 | loss=2.00153 | file=93212493.json
2026-08-30 04:40:13,558 [DEBUG] path_b_bootstrap: BC stream epoch 4/4 step 2 | loss=1.95571 | file=93212493.json
2026-08-30 04:40:13,583 [DEBUG] path_b_bootstrap: BC stream epoch 4/4 step 3 | loss=1.92827 | file=93212493.json
2026-08-30 04:40:13,664 [INFO] path_b_bootstrap: BC stream epoch 4/4 | steps=6 | avg loss: 1.93988
2026-08-30 04:40:14,253 [INFO] path_b_bootstrap: Bootstrap state saved: 1 days bootstrapped → /Users/sweeden/kagg/working/run/metrics/bootstrap_state.json
2026-08-30 04:40:14,253 [INFO] path_b_bootstrap: Marked day bootstrapped: 2026-08-15 (1 days total)
2026-08-30 04:40:14,254 [INFO] path_b_bootstrap: Bootstrap day 2026-08-16: 2 episodes (streaming BC, top_per_day=3)
2026-08-30 04:40:14,254 [INFO] path_b_bootstrap: Streaming BC over 2 episode files (epochs=4, batch=64, steps/epoch=6)
2026-08-30 04:40:14,577 [DEBUG] path_b_bootstrap: BC stream epoch 1/4 step 1 | loss=1.81634 | file=93459936.json
2026-08-30 04:40:14,604 [DEBUG] path_b_bootstrap: BC stream epoch 1/4 step 2 | loss=1.75866 | file=93459936.json
2026-08-30 04:40:14,631 [DEBUG] path_b_bootstrap: BC stream epoch 1/4 step 3 | loss=1.74149 | file=93459936.json
2026-08-30 04:40:14,709 [INFO] path_b_bootstrap: BC stream epoch 1/4 | steps=6 | avg loss: 1.74875
2026-08-30 04:40:15,011 [DEBUG] path_b_bootstrap: BC stream epoch 2/4 step 1 | loss=1.63160 | file=93488444.json
2026-08-30 04:40:15,036 [DEBUG] path_b_bootstrap: BC stream epoch 2/4 step 2 | loss=1.54360 | file=93488444.json
2026-08-30 04:40:15,060 [DEBUG] path_b_bootstrap: BC stream epoch 2/4 step 3 | loss=1.52736 | file=93488444.json
2026-08-30 04:40:15,134 [INFO] path_b_bootstrap: BC stream epoch 2/4 | steps=6 | avg loss: 1.54529
2026-08-30 04:40:15,470 [DEBUG] path_b_bootstrap: BC stream epoch 3/4 step 1 | loss=1.39625 | file=93488444.json
2026-08-30 04:40:15,495 [DEBUG] path_b_bootstrap: BC stream epoch 3/4 step 2 | loss=1.29556 | file=93488444.json
2026-08-30 04:40:15,520 [DEBUG] path_b_bootstrap: BC stream epoch 3/4 step 3 | loss=1.26765 | file=93488444.json
2026-08-30 04:40:15,599 [INFO] path_b_bootstrap: BC stream epoch 3/4 | steps=6 | avg loss: 1.30771
2026-08-30 04:40:15,993 [DEBUG] path_b_bootstrap: BC stream epoch 4/4 step 1 | loss=1.15370 | file=93459936.json
2026-08-30 04:40:16,021 [DEBUG] path_b_bootstrap: BC stream epoch 4/4 step 2 | loss=1.06087 | file=93459936.json
2026-08-30 04:40:16,052 [DEBUG] path_b_bootstrap: BC stream epoch 4/4 step 3 | loss=1.03924 | file=93459936.json
2026-08-30 04:40:16,137 [INFO] path_b_bootstrap: BC stream epoch 4/4 | steps=6 | avg loss: 1.09520
2026-08-30 04:40:16,722 [INFO] path_b_bootstrap: Bootstrap state saved: 2 days bootstrapped → /Users/sweeden/kagg/working/run/metrics/bootstrap_state.json
2026-08-30 04:40:16,722 [INFO] path_b_bootstrap: Marked day bootstrapped: 2026-08-16 (2 days total)
2026-08-30 04:40:16,722 [INFO] path_b_bootstrap: Bootstrap state saved: 2 days bootstrapped → /Users/sweeden/kagg/working/run/metrics/bootstrap_state.json
2026-08-30 04:40:16,723 [INFO] kaggriculture_self_play_training: daily_incremental: 3 corpus BC pass(es) on buffer (5752 transitions)
2026-08-30 04:40:16,723 [INFO] path_b_bootstrap: Starting BC pretrain: 4 epochs, batch_size=64, buffer=5752, steps/epoch=6
2026-08-30 04:40:16,764 [DEBUG] path_b_bootstrap: BC epoch 1/4 step 1/6 | loss=1.35906 | batch shapes={'tiles': (64, 9, 10, 10), 'numeric': (64, 55), 'action_verb': (64,), 'action_crop': (64,), 'action_hands': (64, 6), 'action_market': (64, 10), 'reward': (64,), 'next_tiles': (64, 9, 10, 10), 'next_numeric': (64, 55), 'done': (64,), 'weights': (64,)}
2026-08-30 04:40:16,790 [DEBUG] path_b_bootstrap: BC epoch 1/4 step 2/6 | loss=1.33718 | batch shapes={'tiles': (64, 9, 10, 10), 'numeric': (64, 55), 'action_verb': (64,), 'action_crop': (64,), 'action_hands': (64, 6), 'action_market': (64, 10), 'reward': (64,), 'next_tiles': (64, 9, 10, 10), 'next_numeric': (64, 55), 'done': (64,), 'weights': (64,)}
2026-08-30 04:40:16,815 [DEBUG] path_b_bootstrap: BC epoch 1/4 step 3/6 | loss=1.37656 | batch shapes={'tiles': (64, 9, 10, 10), 'numeric': (64, 55), 'action_verb': (64,), 'action_crop': (64,), 'action_hands': (64, 6), 'action_market': (64, 10), 'reward': (64,), 'next_tiles': (64, 9, 10, 10), 'next_numeric': (64, 55), 'done': (64,), 'weights': (64,)}
2026-08-30 04:40:16,894 [DEBUG] path_b_bootstrap: BC epoch 1/4 step 6/6 | loss=1.22259 | batch shapes={'tiles': (64, 9, 10, 10), 'numeric': (64, 55), 'action_verb': (64,), 'action_crop': (64,), 'action_hands': (64, 6), 'action_market': (64, 10), 'reward': (64,), 'next_tiles': (64, 9, 10, 10), 'next_numeric': (64, 55), 'done': (64,), 'weights': (64,)}
2026-08-30 04:40:16,894 [INFO] path_b_bootstrap: BC epoch 1/4 | avg loss: 1.30348
2026-08-30 04:40:16,921 [DEBUG] path_b_bootstrap: BC epoch 2/4 step 1/6 | loss=1.14913 | batch shapes={'tiles': (64, 9, 10, 10), 'numeric': (64, 55), 'action_verb': (64,), 'action_crop': (64,), 'action_hands': (64, 6), 'action_market': (64, 10), 'reward': (64,), 'next_tiles': (64, 9, 10, 10), 'next_numeric': (64, 55), 'done': (64,), 'weights': (64,)}
2026-08-30 04:40:16,948 [DEBUG] path_b_bootstrap: BC epoch 2/4 step 2/6 | loss=1.16895 | batch shapes={'tiles': (64, 9, 10, 10), 'numeric': (64, 55), 'action_verb': (64,), 'action_crop': (64,), 'action_hands': (64, 6), 'action_market': (64, 10), 'reward': (64,), 'next_tiles': (64, 9, 10, 10), 'next_numeric': (64, 55), 'done': (64,), 'weights': (64,)}
2026-08-30 04:40:16,977 [DEBUG] path_b_bootstrap: BC epoch 2/4 step 3/6 | loss=1.19172 | batch shapes={'tiles': (64, 9, 10, 10), 'numeric': (64, 55), 'action_verb': (64,), 'action_crop': (64,), 'action_hands': (64, 6), 'action_market': (64, 10), 'reward': (64,), 'next_tiles': (64, 9, 10, 10), 'next_numeric': (64, 55), 'done': (64,), 'weights': (64,)}
2026-08-30 04:40:17,057 [DEBUG] path_b_bootstrap: BC epoch 2/4 step 6/6 | loss=1.21060 | batch shapes={'tiles': (64, 9, 10, 10), 'numeric': (64, 55), 'action_verb': (64,), 'action_crop': (64,), 'action_hands': (64, 6), 'action_market': (64, 10), 'reward': (64,), 'next_tiles': (64, 9, 10, 10), 'next_numeric': (64, 55), 'done': (64,), 'weights': (64,)}
2026-08-30 04:40:17,057 [INFO] path_b_bootstrap: BC epoch 2/4 | avg loss: 1.17652
2026-08-30 04:40:17,086 [DEBUG] path_b_bootstrap: BC epoch 3/4 step 1/6 | loss=1.12393 | batch shapes={'tiles': (64, 9, 10, 10), 'numeric': (64, 55), 'action_verb': (64,), 'action_crop': (64,), 'action_hands': (64, 6), 'action_market': (64, 10), 'reward': (64,), 'next_tiles': (64, 9, 10, 10), 'next_numeric': (64, 55), 'done': (64,), 'weights': (64,)}
2026-08-30 04:40:17,116 [DEBUG] path_b_bootstrap: BC epoch 3/4 step 2/6 | loss=1.21003 | batch shapes={'tiles': (64, 9, 10, 10), 'numeric': (64, 55), 'action_verb': (64,), 'action_crop': (64,), 'action_hands': (64, 6), 'action_market': (64, 10), 'reward': (64,), 'next_tiles': (64, 9, 10, 10), 'next_numeric': (64, 55), 'done': (64,), 'weights': (64,)}
2026-08-30 04:40:17,142 [DEBUG] path_b_bootstrap: BC epoch 3/4 step 3/6 | loss=1.24265 | batch shapes={'tiles': (64, 9, 10, 10), 'numeric': (64, 55), 'action_verb': (64,), 'action_crop': (64,), 'action_hands': (64, 6), 'action_market': (64, 10), 'reward': (64,), 'next_tiles': (64, 9, 10, 10), 'next_numeric': (64, 55), 'done': (64,), 'weights': (64,)}
2026-08-30 04:40:17,229 [DEBUG] path_b_bootstrap: BC epoch 3/4 step 6/6 | loss=1.13881 | batch shapes={'tiles': (64, 9, 10, 10), 'numeric': (64, 55), 'action_verb': (64,), 'action_crop': (64,), 'action_hands': (64, 6), 'action_market': (64, 10), 'reward': (64,), 'next_tiles': (64, 9, 10, 10), 'next_numeric': (64, 55), 'done': (64,), 'weights': (64,)}
2026-08-30 04:40:17,229 [INFO] path_b_bootstrap: BC epoch 3/4 | avg loss: 1.18218
2026-08-30 04:40:17,258 [DEBUG] path_b_bootstrap: BC epoch 4/4 step 1/6 | loss=1.12656 | batch shapes={'tiles': (64, 9, 10, 10), 'numeric': (64, 55), 'action_verb': (64,), 'action_crop': (64,), 'action_hands': (64, 6), 'action_market': (64, 10), 'reward': (64,), 'next_tiles': (64, 9, 10, 10), 'next_numeric': (64, 55), 'done': (64,), 'weights': (64,)}
2026-08-30 04:40:17,287 [DEBUG] path_b_bootstrap: BC epoch 4/4 step 2/6 | loss=1.04707 | batch shapes={'tiles': (64, 9, 10, 10), 'numeric': (64, 55), 'action_verb': (64,), 'action_crop': (64,), 'action_hands': (64, 6), 'action_market': (64, 10), 'reward': (64,), 'next_tiles': (64, 9, 10, 10), 'next_numeric': (64, 55), 'done': (64,), 'weights': (64,)}
2026-08-30 04:40:17,317 [DEBUG] path_b_bootstrap: BC epoch 4/4 step 3/6 | loss=1.06465 | batch shapes={'tiles': (64, 9, 10, 10), 'numeric': (64, 55), 'action_verb': (64,), 'action_crop': (64,), 'action_hands': (64, 6), 'action_market': (64, 10), 'reward': (64,), 'next_tiles': (64, 9, 10, 10), 'next_numeric': (64, 55), 'done': (64,), 'weights': (64,)}
2026-08-30 04:40:17,400 [DEBUG] path_b_bootstrap: BC epoch 4/4 step 6/6 | loss=1.17225 | batch shapes={'tiles': (64, 9, 10, 10), 'numeric': (64, 55), 'action_verb': (64,), 'action_crop': (64,), 'action_hands': (64, 6), 'action_market': (64, 10), 'reward': (64,), 'next_tiles': (64, 9, 10, 10), 'next_numeric': (64, 55), 'done': (64,), 'weights': (64,)}
2026-08-30 04:40:17,401 [INFO] path_b_bootstrap: BC epoch 4/4 | avg loss: 1.10464
2026-08-30 04:40:17,403 [INFO] kaggriculture_self_play_training: Bootstrap corpus pass 1/3 | epochs=4 | final_loss=1.10464
2026-08-30 04:40:17,403 [INFO] path_b_bootstrap: Starting BC pretrain: 4 epochs, batch_size=64, buffer=5752, steps/epoch=6
2026-08-30 04:40:17,434 [DEBUG] path_b_bootstrap: BC epoch 1/4 step 1/6 | loss=1.10031 | batch shapes={'tiles': (64, 9, 10, 10), 'numeric': (64, 55), 'action_verb': (64,), 'action_crop': (64,), 'action_hands': (64, 6), 'action_market': (64, 10), 'reward': (64,), 'next_tiles': (64, 9, 10, 10), 'next_numeric': (64, 55), 'done': (64,), 'weights': (64,)}
2026-08-30 04:40:17,464 [DEBUG] path_b_bootstrap: BC epoch 1/4 step 2/6 | loss=1.02372 | batch shapes={'tiles': (64, 9, 10, 10), 'numeric': (64, 55), 'action_verb': (64,), 'action_crop': (64,), 'action_hands': (64, 6), 'action_market': (64, 10), 'reward': (64,), 'next_tiles': (64, 9, 10, 10), 'next_numeric': (64, 55), 'done': (64,), 'weights': (64,)}
2026-08-30 04:40:17,493 [DEBUG] path_b_bootstrap: BC epoch 1/4 step 3/6 | loss=1.01723 | batch shapes={'tiles': (64, 9, 10, 10), 'numeric': (64, 55), 'action_verb': (64,), 'action_crop': (64,), 'action_hands': (64, 6), 'action_market': (64, 10), 'reward': (64,), 'next_tiles': (64, 9, 10, 10), 'next_numeric': (64, 55), 'done': (64,), 'weights': (64,)}
2026-08-30 04:40:17,581 [DEBUG] path_b_bootstrap: BC epoch 1/4 step 6/6 | loss=1.07026 | batch shapes={'tiles': (64, 9, 10, 10), 'numeric': (64, 55), 'action_verb': (64,), 'action_crop': (64,), 'action_hands': (64, 6), 'action_market': (64, 10), 'reward': (64,), 'next_tiles': (64, 9, 10, 10), 'next_numeric': (64, 55), 'done': (64,), 'weights': (64,)}
2026-08-30 04:40:17,581 [INFO] path_b_bootstrap: BC epoch 1/4 | avg loss: 1.06504
2026-08-30 04:40:17,609 [DEBUG] path_b_bootstrap: BC epoch 2/4 step 1/6 | loss=1.11112 | batch shapes={'tiles': (64, 9, 10, 10), 'numeric': (64, 55), 'action_verb': (64,), 'action_crop': (64,), 'action_hands': (64, 6), 'action_market': (64, 10), 'reward': (64,), 'next_tiles': (64, 9, 10, 10), 'next_numeric': (64, 55), 'done': (64,), 'weights': (64,)}
2026-08-30 04:40:17,638 [DEBUG] path_b_bootstrap: BC epoch 2/4 step 2/6 | loss=1.13246 | batch shapes={'tiles': (64, 9, 10, 10), 'numeric': (64, 55), 'action_verb': (64,), 'action_crop': (64,), 'action_hands': (64, 6), 'action_market': (64, 10), 'reward': (64,), 'next_tiles': (64, 9, 10, 10), 'next_numeric': (64, 55), 'done': (64,), 'weights': (64,)}
2026-08-30 04:40:17,668 [DEBUG] path_b_bootstrap: BC epoch 2/4 step 3/6 | loss=1.07808 | batch shapes={'tiles': (64, 9, 10, 10), 'numeric': (64, 55), 'action_verb': (64,), 'action_crop': (64,), 'action_hands': (64, 6), 'action_market': (64, 10), 'reward': (64,), 'next_tiles': (64, 9, 10, 10), 'next_numeric': (64, 55), 'done': (64,), 'weights': (64,)}
2026-08-30 04:40:17,752 [DEBUG] path_b_bootstrap: BC epoch 2/4 step 6/6 | loss=0.90792 | batch shapes={'tiles': (64, 9, 10, 10), 'numeric': (64, 55), 'action_verb': (64,), 'action_crop': (64,), 'action_hands': (64, 6), 'action_market': (64, 10), 'reward': (64,), 'next_tiles': (64, 9, 10, 10), 'next_numeric': (64, 55), 'done': (64,), 'weights': (64,)}
2026-08-30 04:40:17,752 [INFO] path_b_bootstrap: BC epoch 2/4 | avg loss: 1.05841
2026-08-30 04:40:17,780 [DEBUG] path_b_bootstrap: BC epoch 3/4 step 1/6 | loss=0.96279 | batch shapes={'tiles': (64, 9, 10, 10), 'numeric': (64, 55), 'action_verb': (64,), 'action_crop': (64,), 'action_hands': (64, 6), 'action_market': (64, 10), 'reward': (64,), 'next_tiles': (64, 9, 10, 10), 'next_numeric': (64, 55), 'done': (64,), 'weights': (64,)}
2026-08-30 04:40:17,808 [DEBUG] path_b_bootstrap: BC epoch 3/4 step 2/6 | loss=1.07857 | batch shapes={'tiles': (64, 9, 10, 10), 'numeric': (64, 55), 'action_verb': (64,), 'action_crop': (64,), 'action_hands': (64, 6), 'action_market': (64, 10), 'reward': (64,), 'next_tiles': (64, 9, 10, 10), 'next_numeric': (64, 55), 'done': (64,), 'weights': (64,)}
2026-08-30 04:40:17,837 [DEBUG] path_b_bootstrap: BC epoch 3/4 step 3/6 | loss=0.93575 | batch shapes={'tiles': (64, 9, 10, 10), 'numeric': (64, 55), 'action_verb': (64,), 'action_crop': (64,), 'action_hands': (64, 6), 'action_market': (64, 10), 'reward': (64,), 'next_tiles': (64, 9, 10, 10), 'next_numeric': (64, 55), 'done': (64,), 'weights': (64,)}
2026-08-30 04:40:17,921 [DEBUG] path_b_bootstrap: BC epoch 3/4 step 6/6 | loss=0.99630 | batch shapes={'tiles': (64, 9, 10, 10), 'numeric': (64, 55), 'action_verb': (64,), 'action_crop': (64,), 'action_hands': (64, 6), 'action_market': (64, 10), 'reward': (64,), 'next_tiles': (64, 9, 10, 10), 'next_numeric': (64, 55), 'done': (64,), 'weights': (64,)}
2026-08-30 04:40:17,922 [INFO] path_b_bootstrap: BC epoch 3/4 | avg loss: 1.00715
2026-08-30 04:40:17,951 [DEBUG] path_b_bootstrap: BC epoch 4/4 step 1/6 | loss=1.02829 | batch shapes={'tiles': (64, 9, 10, 10), 'numeric': (64, 55), 'action_verb': (64,), 'action_crop': (64,), 'action_hands': (64, 6), 'action_market': (64, 10), 'reward': (64,), 'next_tiles': (64, 9, 10, 10), 'next_numeric': (64, 55), 'done': (64,), 'weights': (64,)}
2026-08-30 04:40:17,980 [DEBUG] path_b_bootstrap: BC epoch 4/4 step 2/6 | loss=1.00283 | batch shapes={'tiles': (64, 9, 10, 10), 'numeric': (64, 55), 'action_verb': (64,), 'action_crop': (64,), 'action_hands': (64, 6), 'action_market': (64, 10), 'reward': (64,), 'next_tiles': (64, 9, 10, 10), 'next_numeric': (64, 55), 'done': (64,), 'weights': (64,)}
2026-08-30 04:40:18,010 [DEBUG] path_b_bootstrap: BC epoch 4/4 step 3/6 | loss=1.05333 | batch shapes={'tiles': (64, 9, 10, 10), 'numeric': (64, 55), 'action_verb': (64,), 'action_crop': (64,), 'action_hands': (64, 6), 'action_market': (64, 10), 'reward': (64,), 'next_tiles': (64, 9, 10, 10), 'next_numeric': (64, 55), 'done': (64,), 'weights': (64,)}
2026-08-30 04:40:18,098 [DEBUG] path_b_bootstrap: BC epoch 4/4 step 6/6 | loss=0.98058 | batch shapes={'tiles': (64, 9, 10, 10), 'numeric': (64, 55), 'action_verb': (64,), 'action_crop': (64,), 'action_hands': (64, 6), 'action_market': (64, 10), 'reward': (64,), 'next_tiles': (64, 9, 10, 10), 'next_numeric': (64, 55), 'done': (64,), 'weights': (64,)}
2026-08-30 04:40:18,098 [INFO] path_b_bootstrap: BC epoch 4/4 | avg loss: 1.02574
2026-08-30 04:40:18,100 [INFO] kaggriculture_self_play_training: Bootstrap corpus pass 2/3 | epochs=4 | final_loss=1.02574
2026-08-30 04:40:18,100 [INFO] path_b_bootstrap: Starting BC pretrain: 4 epochs, batch_size=64, buffer=5752, steps/epoch=6
2026-08-30 04:40:18,134 [DEBUG] path_b_bootstrap: BC epoch 1/4 step 1/6 | loss=1.05677 | batch shapes={'tiles': (64, 9, 10, 10), 'numeric': (64, 55), 'action_verb': (64,), 'action_crop': (64,), 'action_hands': (64, 6), 'action_market': (64, 10), 'reward': (64,), 'next_tiles': (64, 9, 10, 10), 'next_numeric': (64, 55), 'done': (64,), 'weights': (64,)}
2026-08-30 04:40:18,164 [DEBUG] path_b_bootstrap: BC epoch 1/4 step 2/6 | loss=0.94772 | batch shapes={'tiles': (64, 9, 10, 10), 'numeric': (64, 55), 'action_verb': (64,), 'action_crop': (64,), 'action_hands': (64, 6), 'action_market': (64, 10), 'reward': (64,), 'next_tiles': (64, 9, 10, 10), 'next_numeric': (64, 55), 'done': (64,), 'weights': (64,)}
2026-08-30 04:40:18,195 [DEBUG] path_b_bootstrap: BC epoch 1/4 step 3/6 | loss=1.08109 | batch shapes={'tiles': (64, 9, 10, 10), 'numeric': (64, 55), 'action_verb': (64,), 'action_crop': (64,), 'action_hands': (64, 6), 'action_market': (64, 10), 'reward': (64,), 'next_tiles': (64, 9, 10, 10), 'next_numeric': (64, 55), 'done': (64,), 'weights': (64,)}
2026-08-30 04:40:18,281 [DEBUG] path_b_bootstrap: BC epoch 1/4 step 6/6 | loss=1.03541 | batch shapes={'tiles': (64, 9, 10, 10), 'numeric': (64, 55), 'action_verb': (64,), 'action_crop': (64,), 'action_hands': (64, 6), 'action_market': (64, 10), 'reward': (64,), 'next_tiles': (64, 9, 10, 10), 'next_numeric': (64, 55), 'done': (64,), 'weights': (64,)}
2026-08-30 04:40:18,281 [INFO] path_b_bootstrap: BC epoch 1/4 | avg loss: 1.01776
2026-08-30 04:40:18,308 [DEBUG] path_b_bootstrap: BC epoch 2/4 step 1/6 | loss=0.96043 | batch shapes={'tiles': (64, 9, 10, 10), 'numeric': (64, 55), 'action_verb': (64,), 'action_crop': (64,), 'action_hands': (64, 6), 'action_market': (64, 10), 'reward': (64,), 'next_tiles': (64, 9, 10, 10), 'next_numeric': (64, 55), 'done': (64,), 'weights': (64,)}
2026-08-30 04:40:18,337 [DEBUG] path_b_bootstrap: BC epoch 2/4 step 2/6 | loss=1.03087 | batch shapes={'tiles': (64, 9, 10, 10), 'numeric': (64, 55), 'action_verb': (64,), 'action_crop': (64,), 'action_hands': (64, 6), 'action_market': (64, 10), 'reward': (64,), 'next_tiles': (64, 9, 10, 10), 'next_numeric': (64, 55), 'done': (64,), 'weights': (64,)}
2026-08-30 04:40:18,365 [DEBUG] path_b_bootstrap: BC epoch 2/4 step 3/6 | loss=0.96107 | batch shapes={'tiles': (64, 9, 10, 10), 'numeric': (64, 55), 'action_verb': (64,), 'action_crop': (64,), 'action_hands': (64, 6), 'action_market': (64, 10), 'reward': (64,), 'next_tiles': (64, 9, 10, 10), 'next_numeric': (64, 55), 'done': (64,), 'weights': (64,)}
2026-08-30 04:40:18,451 [DEBUG] path_b_bootstrap: BC epoch 2/4 step 6/6 | loss=1.02494 | batch shapes={'tiles': (64, 9, 10, 10), 'numeric': (64, 55), 'action_verb': (64,), 'action_crop': (64,), 'action_hands': (64, 6), 'action_market': (64, 10), 'reward': (64,), 'next_tiles': (64, 9, 10, 10), 'next_numeric': (64, 55), 'done': (64,), 'weights': (64,)}
2026-08-30 04:40:18,451 [INFO] path_b_bootstrap: BC epoch 2/4 | avg loss: 0.97132
2026-08-30 04:40:18,479 [DEBUG] path_b_bootstrap: BC epoch 3/4 step 1/6 | loss=1.02817 | batch shapes={'tiles': (64, 9, 10, 10), 'numeric': (64, 55), 'action_verb': (64,), 'action_crop': (64,), 'action_hands': (64, 6), 'action_market': (64, 10), 'reward': (64,), 'next_tiles': (64, 9, 10, 10), 'next_numeric': (64, 55), 'done': (64,), 'weights': (64,)}
2026-08-30 04:40:18,507 [DEBUG] path_b_bootstrap: BC epoch 3/4 step 2/6 | loss=0.95963 | batch shapes={'tiles': (64, 9, 10, 10), 'numeric': (64, 55), 'action_verb': (64,), 'action_crop': (64,), 'action_hands': (64, 6), 'action_market': (64, 10), 'reward': (64,), 'next_tiles': (64, 9, 10, 10), 'next_numeric': (64, 55), 'done': (64,), 'weights': (64,)}
2026-08-30 04:40:18,537 [DEBUG] path_b_bootstrap: BC epoch 3/4 step 3/6 | loss=1.04475 | batch shapes={'tiles': (64, 9, 10, 10), 'numeric': (64, 55), 'action_verb': (64,), 'action_crop': (64,), 'action_hands': (64, 6), 'action_market': (64, 10), 'reward': (64,), 'next_tiles': (64, 9, 10, 10), 'next_numeric': (64, 55), 'done': (64,), 'weights': (64,)}
2026-08-30 04:40:18,626 [DEBUG] path_b_bootstrap: BC epoch 3/4 step 6/6 | loss=1.01225 | batch shapes={'tiles': (64, 9, 10, 10), 'numeric': (64, 55), 'action_verb': (64,), 'action_crop': (64,), 'action_hands': (64, 6), 'action_market': (64, 10), 'reward': (64,), 'next_tiles': (64, 9, 10, 10), 'next_numeric': (64, 55), 'done': (64,), 'weights': (64,)}
2026-08-30 04:40:18,626 [INFO] path_b_bootstrap: BC epoch 3/4 | avg loss: 1.00908
2026-08-30 04:40:18,655 [DEBUG] path_b_bootstrap: BC epoch 4/4 step 1/6 | loss=0.98023 | batch shapes={'tiles': (64, 9, 10, 10), 'numeric': (64, 55), 'action_verb': (64,), 'action_crop': (64,), 'action_hands': (64, 6), 'action_market': (64, 10), 'reward': (64,), 'next_tiles': (64, 9, 10, 10), 'next_numeric': (64, 55), 'done': (64,), 'weights': (64,)}
2026-08-30 04:40:18,685 [DEBUG] path_b_bootstrap: BC epoch 4/4 step 2/6 | loss=0.99279 | batch shapes={'tiles': (64, 9, 10, 10), 'numeric': (64, 55), 'action_verb': (64,), 'action_crop': (64,), 'action_hands': (64, 6), 'action_market': (64, 10), 'reward': (64,), 'next_tiles': (64, 9, 10, 10), 'next_numeric': (64, 55), 'done': (64,), 'weights': (64,)}
2026-08-30 04:40:18,715 [DEBUG] path_b_bootstrap: BC epoch 4/4 step 3/6 | loss=1.03408 | batch shapes={'tiles': (64, 9, 10, 10), 'numeric': (64, 55), 'action_verb': (64,), 'action_crop': (64,), 'action_hands': (64, 6), 'action_market': (64, 10), 'reward': (64,), 'next_tiles': (64, 9, 10, 10), 'next_numeric': (64, 55), 'done': (64,), 'weights': (64,)}
2026-08-30 04:40:18,801 [DEBUG] path_b_bootstrap: BC epoch 4/4 step 6/6 | loss=0.95935 | batch shapes={'tiles': (64, 9, 10, 10), 'numeric': (64, 55), 'action_verb': (64,), 'action_crop': (64,), 'action_hands': (64, 6), 'action_market': (64, 10), 'reward': (64,), 'next_tiles': (64, 9, 10, 10), 'next_numeric': (64, 55), 'done': (64,), 'weights': (64,)}
2026-08-30 04:40:18,801 [INFO] path_b_bootstrap: BC epoch 4/4 | avg loss: 0.97264
2026-08-30 04:40:18,803 [INFO] kaggriculture_self_play_training: Bootstrap corpus pass 3/3 | epochs=4 | final_loss=0.97264
2026-08-30 04:40:18,803 [INFO] kaggriculture_self_play_training: Replay buffer size after bootstrap: 5752
2026-08-30 04:40:18,808 [INFO] kaggriculture_self_play_training: BC pretrain metrics saved to: /Users/sweeden/kagg/working/run/metrics/bc_pretrain.json
2026-08-30 04:40:20,324 [DEBUG] kaggriculture_self_play_training: Self-play env: KaggleCompetitiveEnv max_steps=72 turns_per_cycle=72 use_kaggle=True
2026-08-30 04:40:20,325 [INFO] kaggriculture_self_play_training: --- BEGINNING KAGGRICULTURE SELF-PLAY PIPELINE (episodes 1 → 4) ---
2026-08-30 04:40:20,389 [DEBUG] kaggriculture_self_play_training: === Episode 1/4 | opponent=/Users/sweeden/kagg/working/run/checkpoints/checkpoint_ep_0.pt | eps=1.000 | buffer=5752 ===
2026-08-30 04:40:20,398 [DEBUG] kaggriculture_self_play_training: Ep 1 step 0 obs: tiles=(1, 9, 10, 10) numeric=(1, 55) valid_verbs=3 valid_crops=0 valid_market=4
2026-08-30 04:40:20,474 [DEBUG] kaggriculture_self_play_training: Ep 1 step 0: verb=0 crop=0 raw_r=0.000 shaped_r=0.000 done=False buffer=5753 learn=False
2026-08-30 04:40:20,487 [DEBUG] kaggriculture_self_play_training: Ep 1 step 1: verb=7 crop=0 raw_r=-12.310 shaped_r=-12.110 done=False buffer=5754 learn=False
2026-08-30 04:40:20,499 [DEBUG] kaggriculture_self_play_training: Ep 1 step 2: verb=5 crop=0 raw_r=-0.010 shaped_r=-2.072 done=False buffer=5755 learn=False
2026-08-30 04:40:21,357 [INFO] kaggriculture_self_play_training: Episode 01/04 | Epsilon: 1.000 | Buffer Size: 5823 | Raw Reward: -29.92 | Shaped Reward: -98.75 | Avg Loss: 0.00000
2026-08-30 04:40:21,852 [DEBUG] kaggriculture_self_play_training: === Episode 2/4 | opponent=/Users/sweeden/kagg/working/run/checkpoints/checkpoint_ep_0.pt | eps=1.000 | buffer=5823 ===
2026-08-30 04:40:21,861 [DEBUG] kaggriculture_self_play_training: Ep 2 step 0 obs: tiles=(1, 9, 10, 10) numeric=(1, 55) valid_verbs=3 valid_crops=0 valid_market=4
2026-08-30 04:40:21,875 [DEBUG] kaggriculture_self_play_training: Ep 2 step 0: verb=5 crop=0 raw_r=-0.200 shaped_r=-0.200 done=False buffer=5824 learn=False
2026-08-30 04:40:21,889 [DEBUG] kaggriculture_self_play_training: Ep 2 step 1: verb=7 crop=0 raw_r=-4.010 shaped_r=-3.850 done=False buffer=5825 learn=False
2026-08-30 04:40:21,904 [DEBUG] kaggriculture_self_play_training: Ep 2 step 2: verb=5 crop=0 raw_r=-4.310 shaped_r=-4.752 done=False buffer=5826 learn=False
2026-08-30 04:40:22,856 [INFO] kaggriculture_self_play_training: Episode 02/04 | Epsilon: 1.000 | Buffer Size: 5894 | Raw Reward: -29.92 | Shaped Reward: -91.35 | Avg Loss: 0.00000
2026-08-30 04:40:23,422 [DEBUG] kaggriculture_self_play_training: === Episode 3/4 | opponent=/Users/sweeden/kagg/working/run/checkpoints/checkpoint_ep_0.pt | eps=1.000 | buffer=5894 ===
2026-08-30 04:40:23,431 [DEBUG] kaggriculture_self_play_training: Ep 3 step 0 obs: tiles=(1, 9, 10, 10) numeric=(1, 55) valid_verbs=3 valid_crops=0 valid_market=4
2026-08-30 04:40:23,443 [DEBUG] kaggriculture_self_play_training: Ep 3 step 0: verb=5 crop=0 raw_r=-0.120 shaped_r=-0.120 done=False buffer=5895 learn=False
2026-08-30 04:40:23,455 [DEBUG] kaggriculture_self_play_training: Ep 3 step 1: verb=5 crop=0 raw_r=-20.350 shaped_r=-20.000 done=False buffer=5896 learn=False
2026-08-30 04:40:23,466 [DEBUG] kaggriculture_self_play_training: Ep 3 step 2: verb=6 crop=0 raw_r=-4.000 shaped_r=-7.694 done=False buffer=5897 learn=False
2026-08-30 04:40:24,322 [INFO] kaggriculture_self_play_training: Episode 03/04 | Epsilon: 1.000 | Buffer Size: 5965 | Raw Reward: -30.00 | Shaped Reward: -243.82 | Avg Loss: 0.00000
2026-08-30 04:40:24,811 [DEBUG] kaggriculture_self_play_training: === Episode 4/4 | opponent=/Users/sweeden/kagg/working/run/checkpoints/checkpoint_ep_0.pt | eps=0.050 | buffer=5965 ===
2026-08-30 04:40:24,821 [DEBUG] kaggriculture_self_play_training: Ep 4 step 0 obs: tiles=(1, 9, 10, 10) numeric=(1, 55) valid_verbs=3 valid_crops=0 valid_market=4
2026-08-30 04:40:24,847 [DEBUG] kaggriculture_self_play_training: Ep 4 step 0: verb=0 crop=0 raw_r=0.000 shaped_r=0.000 done=False buffer=5966 learn=True
2026-08-30 04:40:25,196 [DEBUG] kaggriculture_self_play_training: Ep 4 step 1 DQN update: loss=51.13670 batch=32 priorities_updated=32
2026-08-30 04:40:25,221 [DEBUG] kaggriculture_self_play_training: Ep 4 step 1: verb=0 crop=0 raw_r=0.000 shaped_r=0.200 done=False buffer=5967 learn=True
2026-08-30 04:40:25,264 [DEBUG] kaggriculture_self_play_training: Ep 4 step 2 DQN update: loss=54.51160 batch=32 priorities_updated=32
2026-08-30 04:40:25,287 [DEBUG] kaggriculture_self_play_training: Ep 4 step 2: verb=0 crop=0 raw_r=0.000 shaped_r=0.400 done=False buffer=5968 learn=True
2026-08-30 04:40:25,375 [DEBUG] kaggriculture_self_play_training: Ep 4 step 3 DQN update: loss=46.79482 batch=32 priorities_updated=32
2026-08-30 04:40:29,626 [INFO] kaggriculture_self_play_training: Episode 04/04 | Epsilon: 0.050 | Buffer Size: 6036 | Raw Reward: -25.93 | Shaped Reward: 225.52 | Avg Loss: 21.25016
2026-08-30 04:40:30,097 [INFO] kaggriculture_self_play_training: Final model saved to: /Users/sweeden/kagg/working/run/models/model.pth
2026-08-30 04:40:31,875 [INFO] kaggriculture_self_play_training: Win-rate eval vs random baseline: 1.00 (2/2)
2026-08-30 04:40:40,773 [INFO] kaggriculture_self_play_training: Ladder eval (10 opponents, 1 ep each, target 50%): beats_all=False → /Users/sweeden/kagg/working/run/metrics/ladder_eval.json
2026-08-30 04:40:40,774 [INFO] kaggriculture_self_play_training:   [FAIL] vs fallow_finn      win=0% (0/1) money 417 vs 3000
2026-08-30 04:40:40,774 [INFO] kaggriculture_self_play_training:   [FAIL] vs wheat_walter     win=0% (0/1) money 417 vs 2840
2026-08-30 04:40:40,774 [INFO] kaggriculture_self_play_training:   [FAIL] vs rotation_rosa    win=0% (0/1) money 35 vs 2359
2026-08-30 04:40:40,774 [INFO] kaggriculture_self_play_training:   [FAIL] vs homestead_hana   win=0% (0/1) money 274 vs 659
2026-08-30 04:40:40,774 [INFO] kaggriculture_self_play_training:   [PASS] vs melon_mateo      win=100% (1/1) money 274 vs 176
2026-08-30 04:40:40,774 [INFO] kaggriculture_self_play_training:   [FAIL] vs rancher_rita     win=0% (0/1) money 325 vs 673
2026-08-30 04:40:40,774 [INFO] kaggriculture_self_play_training:   [PASS] vs broker_bea       win=100% (1/1) money 41 vs 1
2026-08-30 04:40:40,774 [INFO] kaggriculture_self_play_training:   [PASS] vs ledger_lena      win=100% (1/1) money 41 vs 1
2026-08-30 04:40:40,774 [INFO] kaggriculture_self_play_training:   [PASS] vs slotter_silas    win=100% (1/1) money 41 vs 1
2026-08-30 04:40:40,774 [INFO] kaggriculture_self_play_training:   [PASS] vs closer_cleo      win=100% (1/1) money 41 vs 0
2026-08-30 04:40:40,775 [INFO] kaggriculture_self_play_training: Agent export saved to: /Users/sweeden/kagg/working/run/agent.py
2026-08-30 04:40:40,775 [INFO] kaggriculture_self_play_training: Episode metrics saved to: /Users/sweeden/kagg/working/run/metrics/episode_metrics.json
2026-08-30 04:40:40,776 [INFO] kaggriculture_self_play_training: Cumulative training progress saved to: /Users/sweeden/kagg/working/run/metrics/training_progress.json
2026-08-30 04:40:40,776 [INFO] kaggriculture_self_play_training: --- SELF-PLAY TRAINING LOOP COMPLETED ---
