Successfully imported Kaggriculture Path B components.
2026-08-30 05:26:50,290 [INFO] kaggriculture_self_play_training: Experiment directory: /Users/sweeden/kagg/experiments/Hinesight Experience Replay for Double Q-Learning DQN SB3 Kaggriculture reinforcement learning/bc_only_ladder
2026-08-30 05:26:50,295 [DEBUG] kaggriculture_self_play_training: Verbose debug logging enabled
2026-08-30 05:26:50,295 [DEBUG] kaggriculture_self_play_training: Training config: {
  "experiment_dir": "/Users/sweeden/kagg/experiments/Hinesight Experience Replay for Double Q-Learning DQN SB3 Kaggriculture reinforcement learning/bc_only_ladder",
  "seed": 42,
  "device": "auto",
  "total_episodes": 0,
  "learning_start_episodes": 0,
  "batch_size": 32,
  "checkpoint_interval": 5,
  "use_kaggle_env": true,
  "kinematic_phase_a": 3,
  "kinematic_phase_b": 4,
  "kinematic_phase_c": 6,
  "turns_per_cycle": 72,
  "cycles_per_episode": 10,
  "max_episode_steps": 720,
  "n_eval_episodes": 5,
  "bootstrap_episodes": null,
  "bootstrap_transitions": 50000,
  "data_dir": "/Users/sweeden/kagg/working/kaggle_episodes",
  "download_bootstrap": false,
  "bc_epochs": 20,
  "bc_batch_size": 64,
  "bc_steps_per_epoch": 300,
  "buffer_capacity": 50000,
  "metadata_path": "/Users/sweeden/kagg/working/kaggle_episodes/metadata.json",
  "bootstrap_top_per_day": 40,
  "bootstrap_passes": 1,
  "bc_epochs_per_pass": 2,
  "verbose": true,
  "code_src": "/Users/sweeden/kagg/datasets/scottweeden/self-training-code",
  "bootstrap_mode": "daily_incremental",
  "bootstrap_days_per_run": 1,
  "publish_code_dataset": false,
  "opponents_dir": "/Users/sweeden/kagg/opponents",
  "ladder_eval_episodes": 6,
  "ladder_win_rate_target": 0.5,
  "min_self_play_episodes": 0,
  "timestamp": "2026-08-30T05:26:50.290170",
  "resumed_from": null
}
2026-08-30 05:26:50,313 [INFO] kaggriculture_self_play_training: Self-play pipeline running on device: mps
2026-08-30 05:26:50,411 [DEBUG] kaggriculture_self_play_training: Model init: HierarchicalDQNBranching params=1716765 (1.72M) buffer_capacity=50000
[Self-Play] Saved agent checkpoint to: /Users/sweeden/kagg/experiments/Hinesight Experience Replay for Double Q-Learning DQN SB3 Kaggriculture reinforcement learning/bc_only_ladder/checkpoints/checkpoint_ep_0.pt
[Self-Play] Opponent pool size: 1
2026-08-30 05:26:51,192 [DEBUG] kaggriculture_self_play_training: Bootstrap phase: mode=daily_incremental episodes=None passes=1 transitions=50000 metadata=/Users/sweeden/kagg/working/kaggle_episodes/metadata.json
2026-08-30 05:26:51,194 [INFO] path_b_bootstrap: Incremental daily bootstrap: adding 1 day(s) ['2026-08-15'] (0/2 dates already done)
2026-08-30 05:26:51,197 [INFO] path_b_bootstrap: Bootstrap day 2026-08-15: 26 episodes (streaming BC, top_per_day=40)
2026-08-30 05:26:51,197 [INFO] path_b_bootstrap: Streaming BC over 26 episode files (epochs=2, batch=64, steps/epoch=300)
2026-08-30 05:26:52,383 [DEBUG] path_b_bootstrap: BC stream epoch 1/2 step 1 | loss=2.43644 | file=93255405.json
2026-08-30 05:26:52,417 [DEBUG] path_b_bootstrap: BC stream epoch 1/2 step 2 | loss=2.41058 | file=93255405.json
2026-08-30 05:26:52,447 [DEBUG] path_b_bootstrap: BC stream epoch 1/2 step 3 | loss=2.38730 | file=93255405.json
2026-08-30 05:26:56,486 [DEBUG] path_b_bootstrap: BC stream epoch 1/2 step 100 | loss=1.01396 | file=93230335.json
2026-08-30 05:27:00,682 [DEBUG] path_b_bootstrap: BC stream epoch 1/2 step 200 | loss=1.13265 | file=93294734.json
2026-08-30 05:27:05,234 [DEBUG] path_b_bootstrap: BC stream epoch 1/2 step 300 | loss=0.71978 | file=93273309.json
2026-08-30 05:27:05,234 [INFO] path_b_bootstrap: BC stream epoch 1/2 | steps=300 | avg loss: 1.12497
2026-08-30 05:27:05,532 [DEBUG] path_b_bootstrap: BC stream epoch 2/2 step 1 | loss=0.75059 | file=93157132.json
2026-08-30 05:27:05,562 [DEBUG] path_b_bootstrap: BC stream epoch 2/2 step 2 | loss=0.56389 | file=93157132.json
2026-08-30 05:27:05,592 [DEBUG] path_b_bootstrap: BC stream epoch 2/2 step 3 | loss=0.59467 | file=93157132.json
2026-08-30 05:27:09,565 [DEBUG] path_b_bootstrap: BC stream epoch 2/2 step 100 | loss=0.71804 | file=93148715.json
2026-08-30 05:27:13,622 [DEBUG] path_b_bootstrap: BC stream epoch 2/2 step 200 | loss=0.92464 | file=93339612.json
2026-08-30 05:27:17,990 [DEBUG] path_b_bootstrap: BC stream epoch 2/2 step 300 | loss=0.68139 | file=93364654.json
2026-08-30 05:27:17,990 [INFO] path_b_bootstrap: BC stream epoch 2/2 | steps=300 | avg loss: 0.76422
2026-08-30 05:27:26,078 [INFO] path_b_bootstrap: Bootstrap state saved: 1 days bootstrapped → /Users/sweeden/kagg/experiments/Hinesight Experience Replay for Double Q-Learning DQN SB3 Kaggriculture reinforcement learning/bc_only_ladder/metrics/bootstrap_state.json
2026-08-30 05:27:26,079 [INFO] path_b_bootstrap: Marked day bootstrapped: 2026-08-15 (1 days total)
2026-08-30 05:27:26,079 [INFO] path_b_bootstrap: Bootstrap state saved: 1 days bootstrapped → /Users/sweeden/kagg/experiments/Hinesight Experience Replay for Double Q-Learning DQN SB3 Kaggriculture reinforcement learning/bc_only_ladder/metrics/bootstrap_state.json
2026-08-30 05:27:26,080 [INFO] kaggriculture_self_play_training: Replay buffer size after bootstrap: 25000
2026-08-30 05:27:26,084 [INFO] path_b_bootstrap: Starting BC pretrain: 20 epochs, batch_size=64, buffer=25000, steps/epoch=300
2026-08-30 05:27:26,268 [DEBUG] path_b_bootstrap: BC epoch 1/20 step 1/300 | loss=0.83372 | batch shapes={'tiles': (64, 9, 10, 10), 'numeric': (64, 55), 'action_verb': (64,), 'action_crop': (64,), 'action_hands': (64, 6), 'action_market': (64, 10), 'reward': (64,), 'next_tiles': (64, 9, 10, 10), 'next_numeric': (64, 55), 'done': (64,), 'weights': (64,)}
2026-08-30 05:27:26,302 [DEBUG] path_b_bootstrap: BC epoch 1/20 step 2/300 | loss=0.78091 | batch shapes={'tiles': (64, 9, 10, 10), 'numeric': (64, 55), 'action_verb': (64,), 'action_crop': (64,), 'action_hands': (64, 6), 'action_market': (64, 10), 'reward': (64,), 'next_tiles': (64, 9, 10, 10), 'next_numeric': (64, 55), 'done': (64,), 'weights': (64,)}
2026-08-30 05:27:26,345 [DEBUG] path_b_bootstrap: BC epoch 1/20 step 3/300 | loss=0.85952 | batch shapes={'tiles': (64, 9, 10, 10), 'numeric': (64, 55), 'action_verb': (64,), 'action_crop': (64,), 'action_hands': (64, 6), 'action_market': (64, 10), 'reward': (64,), 'next_tiles': (64, 9, 10, 10), 'next_numeric': (64, 55), 'done': (64,), 'weights': (64,)}
2026-08-30 05:27:27,951 [DEBUG] path_b_bootstrap: BC epoch 1/20 step 51/300 | loss=0.67047 | batch shapes={'tiles': (64, 9, 10, 10), 'numeric': (64, 55), 'action_verb': (64,), 'action_crop': (64,), 'action_hands': (64, 6), 'action_market': (64, 10), 'reward': (64,), 'next_tiles': (64, 9, 10, 10), 'next_numeric': (64, 55), 'done': (64,), 'weights': (64,)}
2026-08-30 05:27:29,563 [DEBUG] path_b_bootstrap: BC epoch 1/20 step 101/300 | loss=0.66199 | batch shapes={'tiles': (64, 9, 10, 10), 'numeric': (64, 55), 'action_verb': (64,), 'action_crop': (64,), 'action_hands': (64, 6), 'action_market': (64, 10), 'reward': (64,), 'next_tiles': (64, 9, 10, 10), 'next_numeric': (64, 55), 'done': (64,), 'weights': (64,)}
2026-08-30 05:27:31,186 [DEBUG] path_b_bootstrap: BC epoch 1/20 step 151/300 | loss=0.64636 | batch shapes={'tiles': (64, 9, 10, 10), 'numeric': (64, 55), 'action_verb': (64,), 'action_crop': (64,), 'action_hands': (64, 6), 'action_market': (64, 10), 'reward': (64,), 'next_tiles': (64, 9, 10, 10), 'next_numeric': (64, 55), 'done': (64,), 'weights': (64,)}
2026-08-30 05:27:32,761 [DEBUG] path_b_bootstrap: BC epoch 1/20 step 201/300 | loss=0.65583 | batch shapes={'tiles': (64, 9, 10, 10), 'numeric': (64, 55), 'action_verb': (64,), 'action_crop': (64,), 'action_hands': (64, 6), 'action_market': (64, 10), 'reward': (64,), 'next_tiles': (64, 9, 10, 10), 'next_numeric': (64, 55), 'done': (64,), 'weights': (64,)}
2026-08-30 05:27:34,320 [DEBUG] path_b_bootstrap: BC epoch 1/20 step 251/300 | loss=0.58816 | batch shapes={'tiles': (64, 9, 10, 10), 'numeric': (64, 55), 'action_verb': (64,), 'action_crop': (64,), 'action_hands': (64, 6), 'action_market': (64, 10), 'reward': (64,), 'next_tiles': (64, 9, 10, 10), 'next_numeric': (64, 55), 'done': (64,), 'weights': (64,)}
2026-08-30 05:27:35,781 [DEBUG] path_b_bootstrap: BC epoch 1/20 step 300/300 | loss=0.62889 | batch shapes={'tiles': (64, 9, 10, 10), 'numeric': (64, 55), 'action_verb': (64,), 'action_crop': (64,), 'action_hands': (64, 6), 'action_market': (64, 10), 'reward': (64,), 'next_tiles': (64, 9, 10, 10), 'next_numeric': (64, 55), 'done': (64,), 'weights': (64,)}
2026-08-30 05:27:35,782 [INFO] path_b_bootstrap: BC epoch 1/20 | avg loss: 0.67351
2026-08-30 05:27:35,812 [DEBUG] path_b_bootstrap: BC epoch 2/20 step 1/300 | loss=0.61156 | batch shapes={'tiles': (64, 9, 10, 10), 'numeric': (64, 55), 'action_verb': (64,), 'action_crop': (64,), 'action_hands': (64, 6), 'action_market': (64, 10), 'reward': (64,), 'next_tiles': (64, 9, 10, 10), 'next_numeric': (64, 55), 'done': (64,), 'weights': (64,)}
2026-08-30 05:27:35,842 [DEBUG] path_b_bootstrap: BC epoch 2/20 step 2/300 | loss=0.62815 | batch shapes={'tiles': (64, 9, 10, 10), 'numeric': (64, 55), 'action_verb': (64,), 'action_crop': (64,), 'action_hands': (64, 6), 'action_market': (64, 10), 'reward': (64,), 'next_tiles': (64, 9, 10, 10), 'next_numeric': (64, 55), 'done': (64,), 'weights': (64,)}
2026-08-30 05:27:35,873 [DEBUG] path_b_bootstrap: BC epoch 2/20 step 3/300 | loss=0.61252 | batch shapes={'tiles': (64, 9, 10, 10), 'numeric': (64, 55), 'action_verb': (64,), 'action_crop': (64,), 'action_hands': (64, 6), 'action_market': (64, 10), 'reward': (64,), 'next_tiles': (64, 9, 10, 10), 'next_numeric': (64, 55), 'done': (64,), 'weights': (64,)}
2026-08-30 05:27:37,437 [DEBUG] path_b_bootstrap: BC epoch 2/20 step 51/300 | loss=0.59242 | batch shapes={'tiles': (64, 9, 10, 10), 'numeric': (64, 55), 'action_verb': (64,), 'action_crop': (64,), 'action_hands': (64, 6), 'action_market': (64, 10), 'reward': (64,), 'next_tiles': (64, 9, 10, 10), 'next_numeric': (64, 55), 'done': (64,), 'weights': (64,)}
2026-08-30 05:27:39,089 [DEBUG] path_b_bootstrap: BC epoch 2/20 step 101/300 | loss=0.60933 | batch shapes={'tiles': (64, 9, 10, 10), 'numeric': (64, 55), 'action_verb': (64,), 'action_crop': (64,), 'action_hands': (64, 6), 'action_market': (64, 10), 'reward': (64,), 'next_tiles': (64, 9, 10, 10), 'next_numeric': (64, 55), 'done': (64,), 'weights': (64,)}
2026-08-30 05:27:40,725 [DEBUG] path_b_bootstrap: BC epoch 2/20 step 151/300 | loss=0.61868 | batch shapes={'tiles': (64, 9, 10, 10), 'numeric': (64, 55), 'action_verb': (64,), 'action_crop': (64,), 'action_hands': (64, 6), 'action_market': (64, 10), 'reward': (64,), 'next_tiles': (64, 9, 10, 10), 'next_numeric': (64, 55), 'done': (64,), 'weights': (64,)}
2026-08-30 05:27:42,221 [DEBUG] path_b_bootstrap: BC epoch 2/20 step 201/300 | loss=0.54619 | batch shapes={'tiles': (64, 9, 10, 10), 'numeric': (64, 55), 'action_verb': (64,), 'action_crop': (64,), 'action_hands': (64, 6), 'action_market': (64, 10), 'reward': (64,), 'next_tiles': (64, 9, 10, 10), 'next_numeric': (64, 55), 'done': (64,), 'weights': (64,)}
2026-08-30 05:27:43,774 [DEBUG] path_b_bootstrap: BC epoch 2/20 step 251/300 | loss=0.53291 | batch shapes={'tiles': (64, 9, 10, 10), 'numeric': (64, 55), 'action_verb': (64,), 'action_crop': (64,), 'action_hands': (64, 6), 'action_market': (64, 10), 'reward': (64,), 'next_tiles': (64, 9, 10, 10), 'next_numeric': (64, 55), 'done': (64,), 'weights': (64,)}
2026-08-30 05:27:45,237 [DEBUG] path_b_bootstrap: BC epoch 2/20 step 300/300 | loss=0.59448 | batch shapes={'tiles': (64, 9, 10, 10), 'numeric': (64, 55), 'action_verb': (64,), 'action_crop': (64,), 'action_hands': (64, 6), 'action_market': (64, 10), 'reward': (64,), 'next_tiles': (64, 9, 10, 10), 'next_numeric': (64, 55), 'done': (64,), 'weights': (64,)}
2026-08-30 05:27:45,238 [INFO] path_b_bootstrap: BC epoch 2/20 | avg loss: 0.58558
2026-08-30 05:27:45,269 [DEBUG] path_b_bootstrap: BC epoch 3/20 step 1/300 | loss=0.56967 | batch shapes={'tiles': (64, 9, 10, 10), 'numeric': (64, 55), 'action_verb': (64,), 'action_crop': (64,), 'action_hands': (64, 6), 'action_market': (64, 10), 'reward': (64,), 'next_tiles': (64, 9, 10, 10), 'next_numeric': (64, 55), 'done': (64,), 'weights': (64,)}
2026-08-30 05:27:45,299 [DEBUG] path_b_bootstrap: BC epoch 3/20 step 2/300 | loss=0.56991 | batch shapes={'tiles': (64, 9, 10, 10), 'numeric': (64, 55), 'action_verb': (64,), 'action_crop': (64,), 'action_hands': (64, 6), 'action_market': (64, 10), 'reward': (64,), 'next_tiles': (64, 9, 10, 10), 'next_numeric': (64, 55), 'done': (64,), 'weights': (64,)}
2026-08-30 05:27:45,329 [DEBUG] path_b_bootstrap: BC epoch 3/20 step 3/300 | loss=0.55068 | batch shapes={'tiles': (64, 9, 10, 10), 'numeric': (64, 55), 'action_verb': (64,), 'action_crop': (64,), 'action_hands': (64, 6), 'action_market': (64, 10), 'reward': (64,), 'next_tiles': (64, 9, 10, 10), 'next_numeric': (64, 55), 'done': (64,), 'weights': (64,)}
2026-08-30 05:27:46,801 [DEBUG] path_b_bootstrap: BC epoch 3/20 step 51/300 | loss=0.54860 | batch shapes={'tiles': (64, 9, 10, 10), 'numeric': (64, 55), 'action_verb': (64,), 'action_crop': (64,), 'action_hands': (64, 6), 'action_market': (64, 10), 'reward': (64,), 'next_tiles': (64, 9, 10, 10), 'next_numeric': (64, 55), 'done': (64,), 'weights': (64,)}
2026-08-30 05:27:48,292 [DEBUG] path_b_bootstrap: BC epoch 3/20 step 101/300 | loss=0.53277 | batch shapes={'tiles': (64, 9, 10, 10), 'numeric': (64, 55), 'action_verb': (64,), 'action_crop': (64,), 'action_hands': (64, 6), 'action_market': (64, 10), 'reward': (64,), 'next_tiles': (64, 9, 10, 10), 'next_numeric': (64, 55), 'done': (64,), 'weights': (64,)}
2026-08-30 05:27:49,809 [DEBUG] path_b_bootstrap: BC epoch 3/20 step 151/300 | loss=0.50340 | batch shapes={'tiles': (64, 9, 10, 10), 'numeric': (64, 55), 'action_verb': (64,), 'action_crop': (64,), 'action_hands': (64, 6), 'action_market': (64, 10), 'reward': (64,), 'next_tiles': (64, 9, 10, 10), 'next_numeric': (64, 55), 'done': (64,), 'weights': (64,)}
2026-08-30 05:27:51,296 [DEBUG] path_b_bootstrap: BC epoch 3/20 step 201/300 | loss=0.55076 | batch shapes={'tiles': (64, 9, 10, 10), 'numeric': (64, 55), 'action_verb': (64,), 'action_crop': (64,), 'action_hands': (64, 6), 'action_market': (64, 10), 'reward': (64,), 'next_tiles': (64, 9, 10, 10), 'next_numeric': (64, 55), 'done': (64,), 'weights': (64,)}
2026-08-30 05:27:52,809 [DEBUG] path_b_bootstrap: BC epoch 3/20 step 251/300 | loss=0.50733 | batch shapes={'tiles': (64, 9, 10, 10), 'numeric': (64, 55), 'action_verb': (64,), 'action_crop': (64,), 'action_hands': (64, 6), 'action_market': (64, 10), 'reward': (64,), 'next_tiles': (64, 9, 10, 10), 'next_numeric': (64, 55), 'done': (64,), 'weights': (64,)}
2026-08-30 05:27:54,290 [DEBUG] path_b_bootstrap: BC epoch 3/20 step 300/300 | loss=0.48446 | batch shapes={'tiles': (64, 9, 10, 10), 'numeric': (64, 55), 'action_verb': (64,), 'action_crop': (64,), 'action_hands': (64, 6), 'action_market': (64, 10), 'reward': (64,), 'next_tiles': (64, 9, 10, 10), 'next_numeric': (64, 55), 'done': (64,), 'weights': (64,)}
2026-08-30 05:27:54,290 [INFO] path_b_bootstrap: BC epoch 3/20 | avg loss: 0.52367
2026-08-30 05:27:54,320 [DEBUG] path_b_bootstrap: BC epoch 4/20 step 1/300 | loss=0.51506 | batch shapes={'tiles': (64, 9, 10, 10), 'numeric': (64, 55), 'action_verb': (64,), 'action_crop': (64,), 'action_hands': (64, 6), 'action_market': (64, 10), 'reward': (64,), 'next_tiles': (64, 9, 10, 10), 'next_numeric': (64, 55), 'done': (64,), 'weights': (64,)}
2026-08-30 05:27:54,351 [DEBUG] path_b_bootstrap: BC epoch 4/20 step 2/300 | loss=0.45993 | batch shapes={'tiles': (64, 9, 10, 10), 'numeric': (64, 55), 'action_verb': (64,), 'action_crop': (64,), 'action_hands': (64, 6), 'action_market': (64, 10), 'reward': (64,), 'next_tiles': (64, 9, 10, 10), 'next_numeric': (64, 55), 'done': (64,), 'weights': (64,)}
2026-08-30 05:27:54,381 [DEBUG] path_b_bootstrap: BC epoch 4/20 step 3/300 | loss=0.49861 | batch shapes={'tiles': (64, 9, 10, 10), 'numeric': (64, 55), 'action_verb': (64,), 'action_crop': (64,), 'action_hands': (64, 6), 'action_market': (64, 10), 'reward': (64,), 'next_tiles': (64, 9, 10, 10), 'next_numeric': (64, 55), 'done': (64,), 'weights': (64,)}
2026-08-30 05:27:55,885 [DEBUG] path_b_bootstrap: BC epoch 4/20 step 51/300 | loss=0.55383 | batch shapes={'tiles': (64, 9, 10, 10), 'numeric': (64, 55), 'action_verb': (64,), 'action_crop': (64,), 'action_hands': (64, 6), 'action_market': (64, 10), 'reward': (64,), 'next_tiles': (64, 9, 10, 10), 'next_numeric': (64, 55), 'done': (64,), 'weights': (64,)}
2026-08-30 05:27:57,463 [DEBUG] path_b_bootstrap: BC epoch 4/20 step 101/300 | loss=0.49523 | batch shapes={'tiles': (64, 9, 10, 10), 'numeric': (64, 55), 'action_verb': (64,), 'action_crop': (64,), 'action_hands': (64, 6), 'action_market': (64, 10), 'reward': (64,), 'next_tiles': (64, 9, 10, 10), 'next_numeric': (64, 55), 'done': (64,), 'weights': (64,)}
2026-08-30 05:27:59,106 [DEBUG] path_b_bootstrap: BC epoch 4/20 step 151/300 | loss=0.43333 | batch shapes={'tiles': (64, 9, 10, 10), 'numeric': (64, 55), 'action_verb': (64,), 'action_crop': (64,), 'action_hands': (64, 6), 'action_market': (64, 10), 'reward': (64,), 'next_tiles': (64, 9, 10, 10), 'next_numeric': (64, 55), 'done': (64,), 'weights': (64,)}
2026-08-30 05:28:00,820 [DEBUG] path_b_bootstrap: BC epoch 4/20 step 201/300 | loss=0.40992 | batch shapes={'tiles': (64, 9, 10, 10), 'numeric': (64, 55), 'action_verb': (64,), 'action_crop': (64,), 'action_hands': (64, 6), 'action_market': (64, 10), 'reward': (64,), 'next_tiles': (64, 9, 10, 10), 'next_numeric': (64, 55), 'done': (64,), 'weights': (64,)}
2026-08-30 05:28:02,458 [DEBUG] path_b_bootstrap: BC epoch 4/20 step 251/300 | loss=0.48033 | batch shapes={'tiles': (64, 9, 10, 10), 'numeric': (64, 55), 'action_verb': (64,), 'action_crop': (64,), 'action_hands': (64, 6), 'action_market': (64, 10), 'reward': (64,), 'next_tiles': (64, 9, 10, 10), 'next_numeric': (64, 55), 'done': (64,), 'weights': (64,)}
2026-08-30 05:28:04,031 [DEBUG] path_b_bootstrap: BC epoch 4/20 step 300/300 | loss=0.44738 | batch shapes={'tiles': (64, 9, 10, 10), 'numeric': (64, 55), 'action_verb': (64,), 'action_crop': (64,), 'action_hands': (64, 6), 'action_market': (64, 10), 'reward': (64,), 'next_tiles': (64, 9, 10, 10), 'next_numeric': (64, 55), 'done': (64,), 'weights': (64,)}
2026-08-30 05:28:04,032 [INFO] path_b_bootstrap: BC epoch 4/20 | avg loss: 0.47917
2026-08-30 05:28:04,062 [DEBUG] path_b_bootstrap: BC epoch 5/20 step 1/300 | loss=0.46157 | batch shapes={'tiles': (64, 9, 10, 10), 'numeric': (64, 55), 'action_verb': (64,), 'action_crop': (64,), 'action_hands': (64, 6), 'action_market': (64, 10), 'reward': (64,), 'next_tiles': (64, 9, 10, 10), 'next_numeric': (64, 55), 'done': (64,), 'weights': (64,)}
2026-08-30 05:28:04,093 [DEBUG] path_b_bootstrap: BC epoch 5/20 step 2/300 | loss=0.48581 | batch shapes={'tiles': (64, 9, 10, 10), 'numeric': (64, 55), 'action_verb': (64,), 'action_crop': (64,), 'action_hands': (64, 6), 'action_market': (64, 10), 'reward': (64,), 'next_tiles': (64, 9, 10, 10), 'next_numeric': (64, 55), 'done': (64,), 'weights': (64,)}
2026-08-30 05:28:04,123 [DEBUG] path_b_bootstrap: BC epoch 5/20 step 3/300 | loss=0.46683 | batch shapes={'tiles': (64, 9, 10, 10), 'numeric': (64, 55), 'action_verb': (64,), 'action_crop': (64,), 'action_hands': (64, 6), 'action_market': (64, 10), 'reward': (64,), 'next_tiles': (64, 9, 10, 10), 'next_numeric': (64, 55), 'done': (64,), 'weights': (64,)}
2026-08-30 05:28:05,621 [DEBUG] path_b_bootstrap: BC epoch 5/20 step 51/300 | loss=0.44794 | batch shapes={'tiles': (64, 9, 10, 10), 'numeric': (64, 55), 'action_verb': (64,), 'action_crop': (64,), 'action_hands': (64, 6), 'action_market': (64, 10), 'reward': (64,), 'next_tiles': (64, 9, 10, 10), 'next_numeric': (64, 55), 'done': (64,), 'weights': (64,)}
2026-08-30 05:28:07,132 [DEBUG] path_b_bootstrap: BC epoch 5/20 step 101/300 | loss=0.46743 | batch shapes={'tiles': (64, 9, 10, 10), 'numeric': (64, 55), 'action_verb': (64,), 'action_crop': (64,), 'action_hands': (64, 6), 'action_market': (64, 10), 'reward': (64,), 'next_tiles': (64, 9, 10, 10), 'next_numeric': (64, 55), 'done': (64,), 'weights': (64,)}
2026-08-30 05:28:08,663 [DEBUG] path_b_bootstrap: BC epoch 5/20 step 151/300 | loss=0.44374 | batch shapes={'tiles': (64, 9, 10, 10), 'numeric': (64, 55), 'action_verb': (64,), 'action_crop': (64,), 'action_hands': (64, 6), 'action_market': (64, 10), 'reward': (64,), 'next_tiles': (64, 9, 10, 10), 'next_numeric': (64, 55), 'done': (64,), 'weights': (64,)}
2026-08-30 05:28:10,179 [DEBUG] path_b_bootstrap: BC epoch 5/20 step 201/300 | loss=0.45120 | batch shapes={'tiles': (64, 9, 10, 10), 'numeric': (64, 55), 'action_verb': (64,), 'action_crop': (64,), 'action_hands': (64, 6), 'action_market': (64, 10), 'reward': (64,), 'next_tiles': (64, 9, 10, 10), 'next_numeric': (64, 55), 'done': (64,), 'weights': (64,)}
2026-08-30 05:28:11,702 [DEBUG] path_b_bootstrap: BC epoch 5/20 step 251/300 | loss=0.42939 | batch shapes={'tiles': (64, 9, 10, 10), 'numeric': (64, 55), 'action_verb': (64,), 'action_crop': (64,), 'action_hands': (64, 6), 'action_market': (64, 10), 'reward': (64,), 'next_tiles': (64, 9, 10, 10), 'next_numeric': (64, 55), 'done': (64,), 'weights': (64,)}
2026-08-30 05:28:13,190 [DEBUG] path_b_bootstrap: BC epoch 5/20 step 300/300 | loss=0.43132 | batch shapes={'tiles': (64, 9, 10, 10), 'numeric': (64, 55), 'action_verb': (64,), 'action_crop': (64,), 'action_hands': (64, 6), 'action_market': (64, 10), 'reward': (64,), 'next_tiles': (64, 9, 10, 10), 'next_numeric': (64, 55), 'done': (64,), 'weights': (64,)}
2026-08-30 05:28:13,190 [INFO] path_b_bootstrap: BC epoch 5/20 | avg loss: 0.43265
2026-08-30 05:28:13,219 [DEBUG] path_b_bootstrap: BC epoch 6/20 step 1/300 | loss=0.38774 | batch shapes={'tiles': (64, 9, 10, 10), 'numeric': (64, 55), 'action_verb': (64,), 'action_crop': (64,), 'action_hands': (64, 6), 'action_market': (64, 10), 'reward': (64,), 'next_tiles': (64, 9, 10, 10), 'next_numeric': (64, 55), 'done': (64,), 'weights': (64,)}
2026-08-30 05:28:13,251 [DEBUG] path_b_bootstrap: BC epoch 6/20 step 2/300 | loss=0.43796 | batch shapes={'tiles': (64, 9, 10, 10), 'numeric': (64, 55), 'action_verb': (64,), 'action_crop': (64,), 'action_hands': (64, 6), 'action_market': (64, 10), 'reward': (64,), 'next_tiles': (64, 9, 10, 10), 'next_numeric': (64, 55), 'done': (64,), 'weights': (64,)}
2026-08-30 05:28:13,280 [DEBUG] path_b_bootstrap: BC epoch 6/20 step 3/300 | loss=0.37490 | batch shapes={'tiles': (64, 9, 10, 10), 'numeric': (64, 55), 'action_verb': (64,), 'action_crop': (64,), 'action_hands': (64, 6), 'action_market': (64, 10), 'reward': (64,), 'next_tiles': (64, 9, 10, 10), 'next_numeric': (64, 55), 'done': (64,), 'weights': (64,)}
2026-08-30 05:28:14,745 [DEBUG] path_b_bootstrap: BC epoch 6/20 step 51/300 | loss=0.41143 | batch shapes={'tiles': (64, 9, 10, 10), 'numeric': (64, 55), 'action_verb': (64,), 'action_crop': (64,), 'action_hands': (64, 6), 'action_market': (64, 10), 'reward': (64,), 'next_tiles': (64, 9, 10, 10), 'next_numeric': (64, 55), 'done': (64,), 'weights': (64,)}
2026-08-30 05:28:16,273 [DEBUG] path_b_bootstrap: BC epoch 6/20 step 101/300 | loss=0.35695 | batch shapes={'tiles': (64, 9, 10, 10), 'numeric': (64, 55), 'action_verb': (64,), 'action_crop': (64,), 'action_hands': (64, 6), 'action_market': (64, 10), 'reward': (64,), 'next_tiles': (64, 9, 10, 10), 'next_numeric': (64, 55), 'done': (64,), 'weights': (64,)}
2026-08-30 05:28:17,780 [DEBUG] path_b_bootstrap: BC epoch 6/20 step 151/300 | loss=0.42923 | batch shapes={'tiles': (64, 9, 10, 10), 'numeric': (64, 55), 'action_verb': (64,), 'action_crop': (64,), 'action_hands': (64, 6), 'action_market': (64, 10), 'reward': (64,), 'next_tiles': (64, 9, 10, 10), 'next_numeric': (64, 55), 'done': (64,), 'weights': (64,)}
2026-08-30 05:28:19,317 [DEBUG] path_b_bootstrap: BC epoch 6/20 step 201/300 | loss=0.39781 | batch shapes={'tiles': (64, 9, 10, 10), 'numeric': (64, 55), 'action_verb': (64,), 'action_crop': (64,), 'action_hands': (64, 6), 'action_market': (64, 10), 'reward': (64,), 'next_tiles': (64, 9, 10, 10), 'next_numeric': (64, 55), 'done': (64,), 'weights': (64,)}
2026-08-30 05:28:20,835 [DEBUG] path_b_bootstrap: BC epoch 6/20 step 251/300 | loss=0.40547 | batch shapes={'tiles': (64, 9, 10, 10), 'numeric': (64, 55), 'action_verb': (64,), 'action_crop': (64,), 'action_hands': (64, 6), 'action_market': (64, 10), 'reward': (64,), 'next_tiles': (64, 9, 10, 10), 'next_numeric': (64, 55), 'done': (64,), 'weights': (64,)}
2026-08-30 05:28:22,296 [DEBUG] path_b_bootstrap: BC epoch 6/20 step 300/300 | loss=0.42664 | batch shapes={'tiles': (64, 9, 10, 10), 'numeric': (64, 55), 'action_verb': (64,), 'action_crop': (64,), 'action_hands': (64, 6), 'action_market': (64, 10), 'reward': (64,), 'next_tiles': (64, 9, 10, 10), 'next_numeric': (64, 55), 'done': (64,), 'weights': (64,)}
2026-08-30 05:28:22,297 [INFO] path_b_bootstrap: BC epoch 6/20 | avg loss: 0.39736
2026-08-30 05:28:22,326 [DEBUG] path_b_bootstrap: BC epoch 7/20 step 1/300 | loss=0.38657 | batch shapes={'tiles': (64, 9, 10, 10), 'numeric': (64, 55), 'action_verb': (64,), 'action_crop': (64,), 'action_hands': (64, 6), 'action_market': (64, 10), 'reward': (64,), 'next_tiles': (64, 9, 10, 10), 'next_numeric': (64, 55), 'done': (64,), 'weights': (64,)}
2026-08-30 05:28:22,364 [DEBUG] path_b_bootstrap: BC epoch 7/20 step 2/300 | loss=0.39832 | batch shapes={'tiles': (64, 9, 10, 10), 'numeric': (64, 55), 'action_verb': (64,), 'action_crop': (64,), 'action_hands': (64, 6), 'action_market': (64, 10), 'reward': (64,), 'next_tiles': (64, 9, 10, 10), 'next_numeric': (64, 55), 'done': (64,), 'weights': (64,)}
2026-08-30 05:28:22,396 [DEBUG] path_b_bootstrap: BC epoch 7/20 step 3/300 | loss=0.43265 | batch shapes={'tiles': (64, 9, 10, 10), 'numeric': (64, 55), 'action_verb': (64,), 'action_crop': (64,), 'action_hands': (64, 6), 'action_market': (64, 10), 'reward': (64,), 'next_tiles': (64, 9, 10, 10), 'next_numeric': (64, 55), 'done': (64,), 'weights': (64,)}
2026-08-30 05:28:23,832 [DEBUG] path_b_bootstrap: BC epoch 7/20 step 51/300 | loss=0.35062 | batch shapes={'tiles': (64, 9, 10, 10), 'numeric': (64, 55), 'action_verb': (64,), 'action_crop': (64,), 'action_hands': (64, 6), 'action_market': (64, 10), 'reward': (64,), 'next_tiles': (64, 9, 10, 10), 'next_numeric': (64, 55), 'done': (64,), 'weights': (64,)}
2026-08-30 05:28:25,339 [DEBUG] path_b_bootstrap: BC epoch 7/20 step 101/300 | loss=0.41422 | batch shapes={'tiles': (64, 9, 10, 10), 'numeric': (64, 55), 'action_verb': (64,), 'action_crop': (64,), 'action_hands': (64, 6), 'action_market': (64, 10), 'reward': (64,), 'next_tiles': (64, 9, 10, 10), 'next_numeric': (64, 55), 'done': (64,), 'weights': (64,)}
2026-08-30 05:28:26,856 [DEBUG] path_b_bootstrap: BC epoch 7/20 step 151/300 | loss=0.36040 | batch shapes={'tiles': (64, 9, 10, 10), 'numeric': (64, 55), 'action_verb': (64,), 'action_crop': (64,), 'action_hands': (64, 6), 'action_market': (64, 10), 'reward': (64,), 'next_tiles': (64, 9, 10, 10), 'next_numeric': (64, 55), 'done': (64,), 'weights': (64,)}
2026-08-30 05:28:28,365 [DEBUG] path_b_bootstrap: BC epoch 7/20 step 201/300 | loss=0.42123 | batch shapes={'tiles': (64, 9, 10, 10), 'numeric': (64, 55), 'action_verb': (64,), 'action_crop': (64,), 'action_hands': (64, 6), 'action_market': (64, 10), 'reward': (64,), 'next_tiles': (64, 9, 10, 10), 'next_numeric': (64, 55), 'done': (64,), 'weights': (64,)}
2026-08-30 05:28:29,890 [DEBUG] path_b_bootstrap: BC epoch 7/20 step 251/300 | loss=0.36211 | batch shapes={'tiles': (64, 9, 10, 10), 'numeric': (64, 55), 'action_verb': (64,), 'action_crop': (64,), 'action_hands': (64, 6), 'action_market': (64, 10), 'reward': (64,), 'next_tiles': (64, 9, 10, 10), 'next_numeric': (64, 55), 'done': (64,), 'weights': (64,)}
2026-08-30 05:28:31,370 [DEBUG] path_b_bootstrap: BC epoch 7/20 step 300/300 | loss=0.35089 | batch shapes={'tiles': (64, 9, 10, 10), 'numeric': (64, 55), 'action_verb': (64,), 'action_crop': (64,), 'action_hands': (64, 6), 'action_market': (64, 10), 'reward': (64,), 'next_tiles': (64, 9, 10, 10), 'next_numeric': (64, 55), 'done': (64,), 'weights': (64,)}
2026-08-30 05:28:31,370 [INFO] path_b_bootstrap: BC epoch 7/20 | avg loss: 0.36655
2026-08-30 05:28:31,401 [DEBUG] path_b_bootstrap: BC epoch 8/20 step 1/300 | loss=0.38117 | batch shapes={'tiles': (64, 9, 10, 10), 'numeric': (64, 55), 'action_verb': (64,), 'action_crop': (64,), 'action_hands': (64, 6), 'action_market': (64, 10), 'reward': (64,), 'next_tiles': (64, 9, 10, 10), 'next_numeric': (64, 55), 'done': (64,), 'weights': (64,)}
2026-08-30 05:28:31,440 [DEBUG] path_b_bootstrap: BC epoch 8/20 step 2/300 | loss=0.28057 | batch shapes={'tiles': (64, 9, 10, 10), 'numeric': (64, 55), 'action_verb': (64,), 'action_crop': (64,), 'action_hands': (64, 6), 'action_market': (64, 10), 'reward': (64,), 'next_tiles': (64, 9, 10, 10), 'next_numeric': (64, 55), 'done': (64,), 'weights': (64,)}
2026-08-30 05:28:31,471 [DEBUG] path_b_bootstrap: BC epoch 8/20 step 3/300 | loss=0.37910 | batch shapes={'tiles': (64, 9, 10, 10), 'numeric': (64, 55), 'action_verb': (64,), 'action_crop': (64,), 'action_hands': (64, 6), 'action_market': (64, 10), 'reward': (64,), 'next_tiles': (64, 9, 10, 10), 'next_numeric': (64, 55), 'done': (64,), 'weights': (64,)}
2026-08-30 05:28:32,947 [DEBUG] path_b_bootstrap: BC epoch 8/20 step 51/300 | loss=0.32658 | batch shapes={'tiles': (64, 9, 10, 10), 'numeric': (64, 55), 'action_verb': (64,), 'action_crop': (64,), 'action_hands': (64, 6), 'action_market': (64, 10), 'reward': (64,), 'next_tiles': (64, 9, 10, 10), 'next_numeric': (64, 55), 'done': (64,), 'weights': (64,)}
2026-08-30 05:28:34,419 [DEBUG] path_b_bootstrap: BC epoch 8/20 step 101/300 | loss=0.35471 | batch shapes={'tiles': (64, 9, 10, 10), 'numeric': (64, 55), 'action_verb': (64,), 'action_crop': (64,), 'action_hands': (64, 6), 'action_market': (64, 10), 'reward': (64,), 'next_tiles': (64, 9, 10, 10), 'next_numeric': (64, 55), 'done': (64,), 'weights': (64,)}
2026-08-30 05:28:35,911 [DEBUG] path_b_bootstrap: BC epoch 8/20 step 151/300 | loss=0.32606 | batch shapes={'tiles': (64, 9, 10, 10), 'numeric': (64, 55), 'action_verb': (64,), 'action_crop': (64,), 'action_hands': (64, 6), 'action_market': (64, 10), 'reward': (64,), 'next_tiles': (64, 9, 10, 10), 'next_numeric': (64, 55), 'done': (64,), 'weights': (64,)}
2026-08-30 05:28:37,448 [DEBUG] path_b_bootstrap: BC epoch 8/20 step 201/300 | loss=0.32333 | batch shapes={'tiles': (64, 9, 10, 10), 'numeric': (64, 55), 'action_verb': (64,), 'action_crop': (64,), 'action_hands': (64, 6), 'action_market': (64, 10), 'reward': (64,), 'next_tiles': (64, 9, 10, 10), 'next_numeric': (64, 55), 'done': (64,), 'weights': (64,)}
2026-08-30 05:28:38,968 [DEBUG] path_b_bootstrap: BC epoch 8/20 step 251/300 | loss=0.37670 | batch shapes={'tiles': (64, 9, 10, 10), 'numeric': (64, 55), 'action_verb': (64,), 'action_crop': (64,), 'action_hands': (64, 6), 'action_market': (64, 10), 'reward': (64,), 'next_tiles': (64, 9, 10, 10), 'next_numeric': (64, 55), 'done': (64,), 'weights': (64,)}
2026-08-30 05:28:40,529 [DEBUG] path_b_bootstrap: BC epoch 8/20 step 300/300 | loss=0.38643 | batch shapes={'tiles': (64, 9, 10, 10), 'numeric': (64, 55), 'action_verb': (64,), 'action_crop': (64,), 'action_hands': (64, 6), 'action_market': (64, 10), 'reward': (64,), 'next_tiles': (64, 9, 10, 10), 'next_numeric': (64, 55), 'done': (64,), 'weights': (64,)}
2026-08-30 05:28:40,529 [INFO] path_b_bootstrap: BC epoch 8/20 | avg loss: 0.34212
2026-08-30 05:28:40,560 [DEBUG] path_b_bootstrap: BC epoch 9/20 step 1/300 | loss=0.33573 | batch shapes={'tiles': (64, 9, 10, 10), 'numeric': (64, 55), 'action_verb': (64,), 'action_crop': (64,), 'action_hands': (64, 6), 'action_market': (64, 10), 'reward': (64,), 'next_tiles': (64, 9, 10, 10), 'next_numeric': (64, 55), 'done': (64,), 'weights': (64,)}
2026-08-30 05:28:40,590 [DEBUG] path_b_bootstrap: BC epoch 9/20 step 2/300 | loss=0.31743 | batch shapes={'tiles': (64, 9, 10, 10), 'numeric': (64, 55), 'action_verb': (64,), 'action_crop': (64,), 'action_hands': (64, 6), 'action_market': (64, 10), 'reward': (64,), 'next_tiles': (64, 9, 10, 10), 'next_numeric': (64, 55), 'done': (64,), 'weights': (64,)}
2026-08-30 05:28:40,622 [DEBUG] path_b_bootstrap: BC epoch 9/20 step 3/300 | loss=0.33722 | batch shapes={'tiles': (64, 9, 10, 10), 'numeric': (64, 55), 'action_verb': (64,), 'action_crop': (64,), 'action_hands': (64, 6), 'action_market': (64, 10), 'reward': (64,), 'next_tiles': (64, 9, 10, 10), 'next_numeric': (64, 55), 'done': (64,), 'weights': (64,)}
2026-08-30 05:28:42,153 [DEBUG] path_b_bootstrap: BC epoch 9/20 step 51/300 | loss=0.28090 | batch shapes={'tiles': (64, 9, 10, 10), 'numeric': (64, 55), 'action_verb': (64,), 'action_crop': (64,), 'action_hands': (64, 6), 'action_market': (64, 10), 'reward': (64,), 'next_tiles': (64, 9, 10, 10), 'next_numeric': (64, 55), 'done': (64,), 'weights': (64,)}
2026-08-30 05:28:43,716 [DEBUG] path_b_bootstrap: BC epoch 9/20 step 101/300 | loss=0.31259 | batch shapes={'tiles': (64, 9, 10, 10), 'numeric': (64, 55), 'action_verb': (64,), 'action_crop': (64,), 'action_hands': (64, 6), 'action_market': (64, 10), 'reward': (64,), 'next_tiles': (64, 9, 10, 10), 'next_numeric': (64, 55), 'done': (64,), 'weights': (64,)}
2026-08-30 05:28:45,257 [DEBUG] path_b_bootstrap: BC epoch 9/20 step 151/300 | loss=0.34707 | batch shapes={'tiles': (64, 9, 10, 10), 'numeric': (64, 55), 'action_verb': (64,), 'action_crop': (64,), 'action_hands': (64, 6), 'action_market': (64, 10), 'reward': (64,), 'next_tiles': (64, 9, 10, 10), 'next_numeric': (64, 55), 'done': (64,), 'weights': (64,)}
2026-08-30 05:28:46,798 [DEBUG] path_b_bootstrap: BC epoch 9/20 step 201/300 | loss=0.27256 | batch shapes={'tiles': (64, 9, 10, 10), 'numeric': (64, 55), 'action_verb': (64,), 'action_crop': (64,), 'action_hands': (64, 6), 'action_market': (64, 10), 'reward': (64,), 'next_tiles': (64, 9, 10, 10), 'next_numeric': (64, 55), 'done': (64,), 'weights': (64,)}
2026-08-30 05:28:48,360 [DEBUG] path_b_bootstrap: BC epoch 9/20 step 251/300 | loss=0.34424 | batch shapes={'tiles': (64, 9, 10, 10), 'numeric': (64, 55), 'action_verb': (64,), 'action_crop': (64,), 'action_hands': (64, 6), 'action_market': (64, 10), 'reward': (64,), 'next_tiles': (64, 9, 10, 10), 'next_numeric': (64, 55), 'done': (64,), 'weights': (64,)}
2026-08-30 05:28:49,863 [DEBUG] path_b_bootstrap: BC epoch 9/20 step 300/300 | loss=0.33333 | batch shapes={'tiles': (64, 9, 10, 10), 'numeric': (64, 55), 'action_verb': (64,), 'action_crop': (64,), 'action_hands': (64, 6), 'action_market': (64, 10), 'reward': (64,), 'next_tiles': (64, 9, 10, 10), 'next_numeric': (64, 55), 'done': (64,), 'weights': (64,)}
2026-08-30 05:28:49,863 [INFO] path_b_bootstrap: BC epoch 9/20 | avg loss: 0.32245
2026-08-30 05:28:49,894 [DEBUG] path_b_bootstrap: BC epoch 10/20 step 1/300 | loss=0.40777 | batch shapes={'tiles': (64, 9, 10, 10), 'numeric': (64, 55), 'action_verb': (64,), 'action_crop': (64,), 'action_hands': (64, 6), 'action_market': (64, 10), 'reward': (64,), 'next_tiles': (64, 9, 10, 10), 'next_numeric': (64, 55), 'done': (64,), 'weights': (64,)}
2026-08-30 05:28:49,923 [DEBUG] path_b_bootstrap: BC epoch 10/20 step 2/300 | loss=0.35414 | batch shapes={'tiles': (64, 9, 10, 10), 'numeric': (64, 55), 'action_verb': (64,), 'action_crop': (64,), 'action_hands': (64, 6), 'action_market': (64, 10), 'reward': (64,), 'next_tiles': (64, 9, 10, 10), 'next_numeric': (64, 55), 'done': (64,), 'weights': (64,)}
2026-08-30 05:28:49,956 [DEBUG] path_b_bootstrap: BC epoch 10/20 step 3/300 | loss=0.33537 | batch shapes={'tiles': (64, 9, 10, 10), 'numeric': (64, 55), 'action_verb': (64,), 'action_crop': (64,), 'action_hands': (64, 6), 'action_market': (64, 10), 'reward': (64,), 'next_tiles': (64, 9, 10, 10), 'next_numeric': (64, 55), 'done': (64,), 'weights': (64,)}
2026-08-30 05:28:51,429 [DEBUG] path_b_bootstrap: BC epoch 10/20 step 51/300 | loss=0.26471 | batch shapes={'tiles': (64, 9, 10, 10), 'numeric': (64, 55), 'action_verb': (64,), 'action_crop': (64,), 'action_hands': (64, 6), 'action_market': (64, 10), 'reward': (64,), 'next_tiles': (64, 9, 10, 10), 'next_numeric': (64, 55), 'done': (64,), 'weights': (64,)}
2026-08-30 05:28:52,956 [DEBUG] path_b_bootstrap: BC epoch 10/20 step 101/300 | loss=0.31225 | batch shapes={'tiles': (64, 9, 10, 10), 'numeric': (64, 55), 'action_verb': (64,), 'action_crop': (64,), 'action_hands': (64, 6), 'action_market': (64, 10), 'reward': (64,), 'next_tiles': (64, 9, 10, 10), 'next_numeric': (64, 55), 'done': (64,), 'weights': (64,)}
2026-08-30 05:28:54,477 [DEBUG] path_b_bootstrap: BC epoch 10/20 step 151/300 | loss=0.32450 | batch shapes={'tiles': (64, 9, 10, 10), 'numeric': (64, 55), 'action_verb': (64,), 'action_crop': (64,), 'action_hands': (64, 6), 'action_market': (64, 10), 'reward': (64,), 'next_tiles': (64, 9, 10, 10), 'next_numeric': (64, 55), 'done': (64,), 'weights': (64,)}
2026-08-30 05:28:55,994 [DEBUG] path_b_bootstrap: BC epoch 10/20 step 201/300 | loss=0.29994 | batch shapes={'tiles': (64, 9, 10, 10), 'numeric': (64, 55), 'action_verb': (64,), 'action_crop': (64,), 'action_hands': (64, 6), 'action_market': (64, 10), 'reward': (64,), 'next_tiles': (64, 9, 10, 10), 'next_numeric': (64, 55), 'done': (64,), 'weights': (64,)}
2026-08-30 05:28:57,529 [DEBUG] path_b_bootstrap: BC epoch 10/20 step 251/300 | loss=0.31749 | batch shapes={'tiles': (64, 9, 10, 10), 'numeric': (64, 55), 'action_verb': (64,), 'action_crop': (64,), 'action_hands': (64, 6), 'action_market': (64, 10), 'reward': (64,), 'next_tiles': (64, 9, 10, 10), 'next_numeric': (64, 55), 'done': (64,), 'weights': (64,)}
2026-08-30 05:28:59,014 [DEBUG] path_b_bootstrap: BC epoch 10/20 step 300/300 | loss=0.26291 | batch shapes={'tiles': (64, 9, 10, 10), 'numeric': (64, 55), 'action_verb': (64,), 'action_crop': (64,), 'action_hands': (64, 6), 'action_market': (64, 10), 'reward': (64,), 'next_tiles': (64, 9, 10, 10), 'next_numeric': (64, 55), 'done': (64,), 'weights': (64,)}
2026-08-30 05:28:59,015 [INFO] path_b_bootstrap: BC epoch 10/20 | avg loss: 0.30677
2026-08-30 05:28:59,045 [DEBUG] path_b_bootstrap: BC epoch 11/20 step 1/300 | loss=0.30783 | batch shapes={'tiles': (64, 9, 10, 10), 'numeric': (64, 55), 'action_verb': (64,), 'action_crop': (64,), 'action_hands': (64, 6), 'action_market': (64, 10), 'reward': (64,), 'next_tiles': (64, 9, 10, 10), 'next_numeric': (64, 55), 'done': (64,), 'weights': (64,)}
2026-08-30 05:28:59,074 [DEBUG] path_b_bootstrap: BC epoch 11/20 step 2/300 | loss=0.25588 | batch shapes={'tiles': (64, 9, 10, 10), 'numeric': (64, 55), 'action_verb': (64,), 'action_crop': (64,), 'action_hands': (64, 6), 'action_market': (64, 10), 'reward': (64,), 'next_tiles': (64, 9, 10, 10), 'next_numeric': (64, 55), 'done': (64,), 'weights': (64,)}
2026-08-30 05:28:59,105 [DEBUG] path_b_bootstrap: BC epoch 11/20 step 3/300 | loss=0.27437 | batch shapes={'tiles': (64, 9, 10, 10), 'numeric': (64, 55), 'action_verb': (64,), 'action_crop': (64,), 'action_hands': (64, 6), 'action_market': (64, 10), 'reward': (64,), 'next_tiles': (64, 9, 10, 10), 'next_numeric': (64, 55), 'done': (64,), 'weights': (64,)}
2026-08-30 05:29:00,581 [DEBUG] path_b_bootstrap: BC epoch 11/20 step 51/300 | loss=0.29055 | batch shapes={'tiles': (64, 9, 10, 10), 'numeric': (64, 55), 'action_verb': (64,), 'action_crop': (64,), 'action_hands': (64, 6), 'action_market': (64, 10), 'reward': (64,), 'next_tiles': (64, 9, 10, 10), 'next_numeric': (64, 55), 'done': (64,), 'weights': (64,)}
2026-08-30 05:29:02,040 [DEBUG] path_b_bootstrap: BC epoch 11/20 step 101/300 | loss=0.30496 | batch shapes={'tiles': (64, 9, 10, 10), 'numeric': (64, 55), 'action_verb': (64,), 'action_crop': (64,), 'action_hands': (64, 6), 'action_market': (64, 10), 'reward': (64,), 'next_tiles': (64, 9, 10, 10), 'next_numeric': (64, 55), 'done': (64,), 'weights': (64,)}
2026-08-30 05:29:03,538 [DEBUG] path_b_bootstrap: BC epoch 11/20 step 151/300 | loss=0.24395 | batch shapes={'tiles': (64, 9, 10, 10), 'numeric': (64, 55), 'action_verb': (64,), 'action_crop': (64,), 'action_hands': (64, 6), 'action_market': (64, 10), 'reward': (64,), 'next_tiles': (64, 9, 10, 10), 'next_numeric': (64, 55), 'done': (64,), 'weights': (64,)}
2026-08-30 05:29:04,980 [DEBUG] path_b_bootstrap: BC epoch 11/20 step 201/300 | loss=0.30358 | batch shapes={'tiles': (64, 9, 10, 10), 'numeric': (64, 55), 'action_verb': (64,), 'action_crop': (64,), 'action_hands': (64, 6), 'action_market': (64, 10), 'reward': (64,), 'next_tiles': (64, 9, 10, 10), 'next_numeric': (64, 55), 'done': (64,), 'weights': (64,)}
2026-08-30 05:29:06,372 [DEBUG] path_b_bootstrap: BC epoch 11/20 step 251/300 | loss=0.26124 | batch shapes={'tiles': (64, 9, 10, 10), 'numeric': (64, 55), 'action_verb': (64,), 'action_crop': (64,), 'action_hands': (64, 6), 'action_market': (64, 10), 'reward': (64,), 'next_tiles': (64, 9, 10, 10), 'next_numeric': (64, 55), 'done': (64,), 'weights': (64,)}
2026-08-30 05:29:07,780 [DEBUG] path_b_bootstrap: BC epoch 11/20 step 300/300 | loss=0.29938 | batch shapes={'tiles': (64, 9, 10, 10), 'numeric': (64, 55), 'action_verb': (64,), 'action_crop': (64,), 'action_hands': (64, 6), 'action_market': (64, 10), 'reward': (64,), 'next_tiles': (64, 9, 10, 10), 'next_numeric': (64, 55), 'done': (64,), 'weights': (64,)}
2026-08-30 05:29:07,780 [INFO] path_b_bootstrap: BC epoch 11/20 | avg loss: 0.29339
2026-08-30 05:29:07,809 [DEBUG] path_b_bootstrap: BC epoch 12/20 step 1/300 | loss=0.26523 | batch shapes={'tiles': (64, 9, 10, 10), 'numeric': (64, 55), 'action_verb': (64,), 'action_crop': (64,), 'action_hands': (64, 6), 'action_market': (64, 10), 'reward': (64,), 'next_tiles': (64, 9, 10, 10), 'next_numeric': (64, 55), 'done': (64,), 'weights': (64,)}
2026-08-30 05:29:07,839 [DEBUG] path_b_bootstrap: BC epoch 12/20 step 2/300 | loss=0.24442 | batch shapes={'tiles': (64, 9, 10, 10), 'numeric': (64, 55), 'action_verb': (64,), 'action_crop': (64,), 'action_hands': (64, 6), 'action_market': (64, 10), 'reward': (64,), 'next_tiles': (64, 9, 10, 10), 'next_numeric': (64, 55), 'done': (64,), 'weights': (64,)}
2026-08-30 05:29:07,869 [DEBUG] path_b_bootstrap: BC epoch 12/20 step 3/300 | loss=0.31384 | batch shapes={'tiles': (64, 9, 10, 10), 'numeric': (64, 55), 'action_verb': (64,), 'action_crop': (64,), 'action_hands': (64, 6), 'action_market': (64, 10), 'reward': (64,), 'next_tiles': (64, 9, 10, 10), 'next_numeric': (64, 55), 'done': (64,), 'weights': (64,)}
2026-08-30 05:29:09,243 [DEBUG] path_b_bootstrap: BC epoch 12/20 step 51/300 | loss=0.33909 | batch shapes={'tiles': (64, 9, 10, 10), 'numeric': (64, 55), 'action_verb': (64,), 'action_crop': (64,), 'action_hands': (64, 6), 'action_market': (64, 10), 'reward': (64,), 'next_tiles': (64, 9, 10, 10), 'next_numeric': (64, 55), 'done': (64,), 'weights': (64,)}
2026-08-30 05:29:10,694 [DEBUG] path_b_bootstrap: BC epoch 12/20 step 101/300 | loss=0.31218 | batch shapes={'tiles': (64, 9, 10, 10), 'numeric': (64, 55), 'action_verb': (64,), 'action_crop': (64,), 'action_hands': (64, 6), 'action_market': (64, 10), 'reward': (64,), 'next_tiles': (64, 9, 10, 10), 'next_numeric': (64, 55), 'done': (64,), 'weights': (64,)}
2026-08-30 05:29:12,195 [DEBUG] path_b_bootstrap: BC epoch 12/20 step 151/300 | loss=0.30539 | batch shapes={'tiles': (64, 9, 10, 10), 'numeric': (64, 55), 'action_verb': (64,), 'action_crop': (64,), 'action_hands': (64, 6), 'action_market': (64, 10), 'reward': (64,), 'next_tiles': (64, 9, 10, 10), 'next_numeric': (64, 55), 'done': (64,), 'weights': (64,)}
2026-08-30 05:29:13,726 [DEBUG] path_b_bootstrap: BC epoch 12/20 step 201/300 | loss=0.36829 | batch shapes={'tiles': (64, 9, 10, 10), 'numeric': (64, 55), 'action_verb': (64,), 'action_crop': (64,), 'action_hands': (64, 6), 'action_market': (64, 10), 'reward': (64,), 'next_tiles': (64, 9, 10, 10), 'next_numeric': (64, 55), 'done': (64,), 'weights': (64,)}
2026-08-30 05:29:15,255 [DEBUG] path_b_bootstrap: BC epoch 12/20 step 251/300 | loss=0.29825 | batch shapes={'tiles': (64, 9, 10, 10), 'numeric': (64, 55), 'action_verb': (64,), 'action_crop': (64,), 'action_hands': (64, 6), 'action_market': (64, 10), 'reward': (64,), 'next_tiles': (64, 9, 10, 10), 'next_numeric': (64, 55), 'done': (64,), 'weights': (64,)}
2026-08-30 05:29:16,726 [DEBUG] path_b_bootstrap: BC epoch 12/20 step 300/300 | loss=0.21591 | batch shapes={'tiles': (64, 9, 10, 10), 'numeric': (64, 55), 'action_verb': (64,), 'action_crop': (64,), 'action_hands': (64, 6), 'action_market': (64, 10), 'reward': (64,), 'next_tiles': (64, 9, 10, 10), 'next_numeric': (64, 55), 'done': (64,), 'weights': (64,)}
2026-08-30 05:29:16,726 [INFO] path_b_bootstrap: BC epoch 12/20 | avg loss: 0.27973
2026-08-30 05:29:16,756 [DEBUG] path_b_bootstrap: BC epoch 13/20 step 1/300 | loss=0.26050 | batch shapes={'tiles': (64, 9, 10, 10), 'numeric': (64, 55), 'action_verb': (64,), 'action_crop': (64,), 'action_hands': (64, 6), 'action_market': (64, 10), 'reward': (64,), 'next_tiles': (64, 9, 10, 10), 'next_numeric': (64, 55), 'done': (64,), 'weights': (64,)}
2026-08-30 05:29:16,788 [DEBUG] path_b_bootstrap: BC epoch 13/20 step 2/300 | loss=0.31677 | batch shapes={'tiles': (64, 9, 10, 10), 'numeric': (64, 55), 'action_verb': (64,), 'action_crop': (64,), 'action_hands': (64, 6), 'action_market': (64, 10), 'reward': (64,), 'next_tiles': (64, 9, 10, 10), 'next_numeric': (64, 55), 'done': (64,), 'weights': (64,)}
2026-08-30 05:29:16,819 [DEBUG] path_b_bootstrap: BC epoch 13/20 step 3/300 | loss=0.28482 | batch shapes={'tiles': (64, 9, 10, 10), 'numeric': (64, 55), 'action_verb': (64,), 'action_crop': (64,), 'action_hands': (64, 6), 'action_market': (64, 10), 'reward': (64,), 'next_tiles': (64, 9, 10, 10), 'next_numeric': (64, 55), 'done': (64,), 'weights': (64,)}
2026-08-30 05:29:18,336 [DEBUG] path_b_bootstrap: BC epoch 13/20 step 51/300 | loss=0.28494 | batch shapes={'tiles': (64, 9, 10, 10), 'numeric': (64, 55), 'action_verb': (64,), 'action_crop': (64,), 'action_hands': (64, 6), 'action_market': (64, 10), 'reward': (64,), 'next_tiles': (64, 9, 10, 10), 'next_numeric': (64, 55), 'done': (64,), 'weights': (64,)}
2026-08-30 05:29:19,881 [DEBUG] path_b_bootstrap: BC epoch 13/20 step 101/300 | loss=0.25834 | batch shapes={'tiles': (64, 9, 10, 10), 'numeric': (64, 55), 'action_verb': (64,), 'action_crop': (64,), 'action_hands': (64, 6), 'action_market': (64, 10), 'reward': (64,), 'next_tiles': (64, 9, 10, 10), 'next_numeric': (64, 55), 'done': (64,), 'weights': (64,)}
2026-08-30 05:29:21,463 [DEBUG] path_b_bootstrap: BC epoch 13/20 step 151/300 | loss=0.35077 | batch shapes={'tiles': (64, 9, 10, 10), 'numeric': (64, 55), 'action_verb': (64,), 'action_crop': (64,), 'action_hands': (64, 6), 'action_market': (64, 10), 'reward': (64,), 'next_tiles': (64, 9, 10, 10), 'next_numeric': (64, 55), 'done': (64,), 'weights': (64,)}
2026-08-30 05:29:23,108 [DEBUG] path_b_bootstrap: BC epoch 13/20 step 201/300 | loss=0.30983 | batch shapes={'tiles': (64, 9, 10, 10), 'numeric': (64, 55), 'action_verb': (64,), 'action_crop': (64,), 'action_hands': (64, 6), 'action_market': (64, 10), 'reward': (64,), 'next_tiles': (64, 9, 10, 10), 'next_numeric': (64, 55), 'done': (64,), 'weights': (64,)}
2026-08-30 05:29:24,749 [DEBUG] path_b_bootstrap: BC epoch 13/20 step 251/300 | loss=0.25218 | batch shapes={'tiles': (64, 9, 10, 10), 'numeric': (64, 55), 'action_verb': (64,), 'action_crop': (64,), 'action_hands': (64, 6), 'action_market': (64, 10), 'reward': (64,), 'next_tiles': (64, 9, 10, 10), 'next_numeric': (64, 55), 'done': (64,), 'weights': (64,)}
2026-08-30 05:29:26,386 [DEBUG] path_b_bootstrap: BC epoch 13/20 step 300/300 | loss=0.19647 | batch shapes={'tiles': (64, 9, 10, 10), 'numeric': (64, 55), 'action_verb': (64,), 'action_crop': (64,), 'action_hands': (64, 6), 'action_market': (64, 10), 'reward': (64,), 'next_tiles': (64, 9, 10, 10), 'next_numeric': (64, 55), 'done': (64,), 'weights': (64,)}
2026-08-30 05:29:26,386 [INFO] path_b_bootstrap: BC epoch 13/20 | avg loss: 0.26914
2026-08-30 05:29:26,421 [DEBUG] path_b_bootstrap: BC epoch 14/20 step 1/300 | loss=0.22391 | batch shapes={'tiles': (64, 9, 10, 10), 'numeric': (64, 55), 'action_verb': (64,), 'action_crop': (64,), 'action_hands': (64, 6), 'action_market': (64, 10), 'reward': (64,), 'next_tiles': (64, 9, 10, 10), 'next_numeric': (64, 55), 'done': (64,), 'weights': (64,)}
2026-08-30 05:29:26,454 [DEBUG] path_b_bootstrap: BC epoch 14/20 step 2/300 | loss=0.21895 | batch shapes={'tiles': (64, 9, 10, 10), 'numeric': (64, 55), 'action_verb': (64,), 'action_crop': (64,), 'action_hands': (64, 6), 'action_market': (64, 10), 'reward': (64,), 'next_tiles': (64, 9, 10, 10), 'next_numeric': (64, 55), 'done': (64,), 'weights': (64,)}
2026-08-30 05:29:26,488 [DEBUG] path_b_bootstrap: BC epoch 14/20 step 3/300 | loss=0.33062 | batch shapes={'tiles': (64, 9, 10, 10), 'numeric': (64, 55), 'action_verb': (64,), 'action_crop': (64,), 'action_hands': (64, 6), 'action_market': (64, 10), 'reward': (64,), 'next_tiles': (64, 9, 10, 10), 'next_numeric': (64, 55), 'done': (64,), 'weights': (64,)}
2026-08-30 05:29:28,082 [DEBUG] path_b_bootstrap: BC epoch 14/20 step 51/300 | loss=0.28838 | batch shapes={'tiles': (64, 9, 10, 10), 'numeric': (64, 55), 'action_verb': (64,), 'action_crop': (64,), 'action_hands': (64, 6), 'action_market': (64, 10), 'reward': (64,), 'next_tiles': (64, 9, 10, 10), 'next_numeric': (64, 55), 'done': (64,), 'weights': (64,)}
2026-08-30 05:29:29,716 [DEBUG] path_b_bootstrap: BC epoch 14/20 step 101/300 | loss=0.25849 | batch shapes={'tiles': (64, 9, 10, 10), 'numeric': (64, 55), 'action_verb': (64,), 'action_crop': (64,), 'action_hands': (64, 6), 'action_market': (64, 10), 'reward': (64,), 'next_tiles': (64, 9, 10, 10), 'next_numeric': (64, 55), 'done': (64,), 'weights': (64,)}
2026-08-30 05:29:31,407 [DEBUG] path_b_bootstrap: BC epoch 14/20 step 151/300 | loss=0.22358 | batch shapes={'tiles': (64, 9, 10, 10), 'numeric': (64, 55), 'action_verb': (64,), 'action_crop': (64,), 'action_hands': (64, 6), 'action_market': (64, 10), 'reward': (64,), 'next_tiles': (64, 9, 10, 10), 'next_numeric': (64, 55), 'done': (64,), 'weights': (64,)}
2026-08-30 05:29:33,061 [DEBUG] path_b_bootstrap: BC epoch 14/20 step 201/300 | loss=0.22546 | batch shapes={'tiles': (64, 9, 10, 10), 'numeric': (64, 55), 'action_verb': (64,), 'action_crop': (64,), 'action_hands': (64, 6), 'action_market': (64, 10), 'reward': (64,), 'next_tiles': (64, 9, 10, 10), 'next_numeric': (64, 55), 'done': (64,), 'weights': (64,)}
2026-08-30 05:29:34,715 [DEBUG] path_b_bootstrap: BC epoch 14/20 step 251/300 | loss=0.27320 | batch shapes={'tiles': (64, 9, 10, 10), 'numeric': (64, 55), 'action_verb': (64,), 'action_crop': (64,), 'action_hands': (64, 6), 'action_market': (64, 10), 'reward': (64,), 'next_tiles': (64, 9, 10, 10), 'next_numeric': (64, 55), 'done': (64,), 'weights': (64,)}
2026-08-30 05:29:36,253 [DEBUG] path_b_bootstrap: BC epoch 14/20 step 300/300 | loss=0.22659 | batch shapes={'tiles': (64, 9, 10, 10), 'numeric': (64, 55), 'action_verb': (64,), 'action_crop': (64,), 'action_hands': (64, 6), 'action_market': (64, 10), 'reward': (64,), 'next_tiles': (64, 9, 10, 10), 'next_numeric': (64, 55), 'done': (64,), 'weights': (64,)}
2026-08-30 05:29:36,253 [INFO] path_b_bootstrap: BC epoch 14/20 | avg loss: 0.26301
2026-08-30 05:29:36,286 [DEBUG] path_b_bootstrap: BC epoch 15/20 step 1/300 | loss=0.25888 | batch shapes={'tiles': (64, 9, 10, 10), 'numeric': (64, 55), 'action_verb': (64,), 'action_crop': (64,), 'action_hands': (64, 6), 'action_market': (64, 10), 'reward': (64,), 'next_tiles': (64, 9, 10, 10), 'next_numeric': (64, 55), 'done': (64,), 'weights': (64,)}
2026-08-30 05:29:36,317 [DEBUG] path_b_bootstrap: BC epoch 15/20 step 2/300 | loss=0.25092 | batch shapes={'tiles': (64, 9, 10, 10), 'numeric': (64, 55), 'action_verb': (64,), 'action_crop': (64,), 'action_hands': (64, 6), 'action_market': (64, 10), 'reward': (64,), 'next_tiles': (64, 9, 10, 10), 'next_numeric': (64, 55), 'done': (64,), 'weights': (64,)}
2026-08-30 05:29:36,347 [DEBUG] path_b_bootstrap: BC epoch 15/20 step 3/300 | loss=0.25488 | batch shapes={'tiles': (64, 9, 10, 10), 'numeric': (64, 55), 'action_verb': (64,), 'action_crop': (64,), 'action_hands': (64, 6), 'action_market': (64, 10), 'reward': (64,), 'next_tiles': (64, 9, 10, 10), 'next_numeric': (64, 55), 'done': (64,), 'weights': (64,)}
2026-08-30 05:29:37,823 [DEBUG] path_b_bootstrap: BC epoch 15/20 step 51/300 | loss=0.26044 | batch shapes={'tiles': (64, 9, 10, 10), 'numeric': (64, 55), 'action_verb': (64,), 'action_crop': (64,), 'action_hands': (64, 6), 'action_market': (64, 10), 'reward': (64,), 'next_tiles': (64, 9, 10, 10), 'next_numeric': (64, 55), 'done': (64,), 'weights': (64,)}
2026-08-30 05:29:39,362 [DEBUG] path_b_bootstrap: BC epoch 15/20 step 101/300 | loss=0.22849 | batch shapes={'tiles': (64, 9, 10, 10), 'numeric': (64, 55), 'action_verb': (64,), 'action_crop': (64,), 'action_hands': (64, 6), 'action_market': (64, 10), 'reward': (64,), 'next_tiles': (64, 9, 10, 10), 'next_numeric': (64, 55), 'done': (64,), 'weights': (64,)}
2026-08-30 05:29:40,896 [DEBUG] path_b_bootstrap: BC epoch 15/20 step 151/300 | loss=0.27531 | batch shapes={'tiles': (64, 9, 10, 10), 'numeric': (64, 55), 'action_verb': (64,), 'action_crop': (64,), 'action_hands': (64, 6), 'action_market': (64, 10), 'reward': (64,), 'next_tiles': (64, 9, 10, 10), 'next_numeric': (64, 55), 'done': (64,), 'weights': (64,)}
2026-08-30 05:29:42,551 [DEBUG] path_b_bootstrap: BC epoch 15/20 step 201/300 | loss=0.25070 | batch shapes={'tiles': (64, 9, 10, 10), 'numeric': (64, 55), 'action_verb': (64,), 'action_crop': (64,), 'action_hands': (64, 6), 'action_market': (64, 10), 'reward': (64,), 'next_tiles': (64, 9, 10, 10), 'next_numeric': (64, 55), 'done': (64,), 'weights': (64,)}
2026-08-30 05:29:44,181 [DEBUG] path_b_bootstrap: BC epoch 15/20 step 251/300 | loss=0.23812 | batch shapes={'tiles': (64, 9, 10, 10), 'numeric': (64, 55), 'action_verb': (64,), 'action_crop': (64,), 'action_hands': (64, 6), 'action_market': (64, 10), 'reward': (64,), 'next_tiles': (64, 9, 10, 10), 'next_numeric': (64, 55), 'done': (64,), 'weights': (64,)}
2026-08-30 05:29:45,790 [DEBUG] path_b_bootstrap: BC epoch 15/20 step 300/300 | loss=0.23857 | batch shapes={'tiles': (64, 9, 10, 10), 'numeric': (64, 55), 'action_verb': (64,), 'action_crop': (64,), 'action_hands': (64, 6), 'action_market': (64, 10), 'reward': (64,), 'next_tiles': (64, 9, 10, 10), 'next_numeric': (64, 55), 'done': (64,), 'weights': (64,)}
2026-08-30 05:29:45,790 [INFO] path_b_bootstrap: BC epoch 15/20 | avg loss: 0.25244
2026-08-30 05:29:45,824 [DEBUG] path_b_bootstrap: BC epoch 16/20 step 1/300 | loss=0.22388 | batch shapes={'tiles': (64, 9, 10, 10), 'numeric': (64, 55), 'action_verb': (64,), 'action_crop': (64,), 'action_hands': (64, 6), 'action_market': (64, 10), 'reward': (64,), 'next_tiles': (64, 9, 10, 10), 'next_numeric': (64, 55), 'done': (64,), 'weights': (64,)}
2026-08-30 05:29:45,857 [DEBUG] path_b_bootstrap: BC epoch 16/20 step 2/300 | loss=0.31185 | batch shapes={'tiles': (64, 9, 10, 10), 'numeric': (64, 55), 'action_verb': (64,), 'action_crop': (64,), 'action_hands': (64, 6), 'action_market': (64, 10), 'reward': (64,), 'next_tiles': (64, 9, 10, 10), 'next_numeric': (64, 55), 'done': (64,), 'weights': (64,)}
2026-08-30 05:29:45,891 [DEBUG] path_b_bootstrap: BC epoch 16/20 step 3/300 | loss=0.28497 | batch shapes={'tiles': (64, 9, 10, 10), 'numeric': (64, 55), 'action_verb': (64,), 'action_crop': (64,), 'action_hands': (64, 6), 'action_market': (64, 10), 'reward': (64,), 'next_tiles': (64, 9, 10, 10), 'next_numeric': (64, 55), 'done': (64,), 'weights': (64,)}
2026-08-30 05:29:47,444 [DEBUG] path_b_bootstrap: BC epoch 16/20 step 51/300 | loss=0.23992 | batch shapes={'tiles': (64, 9, 10, 10), 'numeric': (64, 55), 'action_verb': (64,), 'action_crop': (64,), 'action_hands': (64, 6), 'action_market': (64, 10), 'reward': (64,), 'next_tiles': (64, 9, 10, 10), 'next_numeric': (64, 55), 'done': (64,), 'weights': (64,)}
2026-08-30 05:29:49,138 [DEBUG] path_b_bootstrap: BC epoch 16/20 step 101/300 | loss=0.23270 | batch shapes={'tiles': (64, 9, 10, 10), 'numeric': (64, 55), 'action_verb': (64,), 'action_crop': (64,), 'action_hands': (64, 6), 'action_market': (64, 10), 'reward': (64,), 'next_tiles': (64, 9, 10, 10), 'next_numeric': (64, 55), 'done': (64,), 'weights': (64,)}
2026-08-30 05:29:50,699 [DEBUG] path_b_bootstrap: BC epoch 16/20 step 151/300 | loss=0.24842 | batch shapes={'tiles': (64, 9, 10, 10), 'numeric': (64, 55), 'action_verb': (64,), 'action_crop': (64,), 'action_hands': (64, 6), 'action_market': (64, 10), 'reward': (64,), 'next_tiles': (64, 9, 10, 10), 'next_numeric': (64, 55), 'done': (64,), 'weights': (64,)}
2026-08-30 05:29:52,261 [DEBUG] path_b_bootstrap: BC epoch 16/20 step 201/300 | loss=0.23703 | batch shapes={'tiles': (64, 9, 10, 10), 'numeric': (64, 55), 'action_verb': (64,), 'action_crop': (64,), 'action_hands': (64, 6), 'action_market': (64, 10), 'reward': (64,), 'next_tiles': (64, 9, 10, 10), 'next_numeric': (64, 55), 'done': (64,), 'weights': (64,)}
2026-08-30 05:29:53,653 [DEBUG] path_b_bootstrap: BC epoch 16/20 step 251/300 | loss=0.21880 | batch shapes={'tiles': (64, 9, 10, 10), 'numeric': (64, 55), 'action_verb': (64,), 'action_crop': (64,), 'action_hands': (64, 6), 'action_market': (64, 10), 'reward': (64,), 'next_tiles': (64, 9, 10, 10), 'next_numeric': (64, 55), 'done': (64,), 'weights': (64,)}
2026-08-30 05:29:55,112 [DEBUG] path_b_bootstrap: BC epoch 16/20 step 300/300 | loss=0.21284 | batch shapes={'tiles': (64, 9, 10, 10), 'numeric': (64, 55), 'action_verb': (64,), 'action_crop': (64,), 'action_hands': (64, 6), 'action_market': (64, 10), 'reward': (64,), 'next_tiles': (64, 9, 10, 10), 'next_numeric': (64, 55), 'done': (64,), 'weights': (64,)}
2026-08-30 05:29:55,112 [INFO] path_b_bootstrap: BC epoch 16/20 | avg loss: 0.24563
2026-08-30 05:29:55,143 [DEBUG] path_b_bootstrap: BC epoch 17/20 step 1/300 | loss=0.24804 | batch shapes={'tiles': (64, 9, 10, 10), 'numeric': (64, 55), 'action_verb': (64,), 'action_crop': (64,), 'action_hands': (64, 6), 'action_market': (64, 10), 'reward': (64,), 'next_tiles': (64, 9, 10, 10), 'next_numeric': (64, 55), 'done': (64,), 'weights': (64,)}
2026-08-30 05:29:55,173 [DEBUG] path_b_bootstrap: BC epoch 17/20 step 2/300 | loss=0.20806 | batch shapes={'tiles': (64, 9, 10, 10), 'numeric': (64, 55), 'action_verb': (64,), 'action_crop': (64,), 'action_hands': (64, 6), 'action_market': (64, 10), 'reward': (64,), 'next_tiles': (64, 9, 10, 10), 'next_numeric': (64, 55), 'done': (64,), 'weights': (64,)}
2026-08-30 05:29:55,204 [DEBUG] path_b_bootstrap: BC epoch 17/20 step 3/300 | loss=0.26910 | batch shapes={'tiles': (64, 9, 10, 10), 'numeric': (64, 55), 'action_verb': (64,), 'action_crop': (64,), 'action_hands': (64, 6), 'action_market': (64, 10), 'reward': (64,), 'next_tiles': (64, 9, 10, 10), 'next_numeric': (64, 55), 'done': (64,), 'weights': (64,)}
2026-08-30 05:29:56,719 [DEBUG] path_b_bootstrap: BC epoch 17/20 step 51/300 | loss=0.25301 | batch shapes={'tiles': (64, 9, 10, 10), 'numeric': (64, 55), 'action_verb': (64,), 'action_crop': (64,), 'action_hands': (64, 6), 'action_market': (64, 10), 'reward': (64,), 'next_tiles': (64, 9, 10, 10), 'next_numeric': (64, 55), 'done': (64,), 'weights': (64,)}
2026-08-30 05:29:58,246 [DEBUG] path_b_bootstrap: BC epoch 17/20 step 101/300 | loss=0.23946 | batch shapes={'tiles': (64, 9, 10, 10), 'numeric': (64, 55), 'action_verb': (64,), 'action_crop': (64,), 'action_hands': (64, 6), 'action_market': (64, 10), 'reward': (64,), 'next_tiles': (64, 9, 10, 10), 'next_numeric': (64, 55), 'done': (64,), 'weights': (64,)}
2026-08-30 05:29:59,745 [DEBUG] path_b_bootstrap: BC epoch 17/20 step 151/300 | loss=0.24956 | batch shapes={'tiles': (64, 9, 10, 10), 'numeric': (64, 55), 'action_verb': (64,), 'action_crop': (64,), 'action_hands': (64, 6), 'action_market': (64, 10), 'reward': (64,), 'next_tiles': (64, 9, 10, 10), 'next_numeric': (64, 55), 'done': (64,), 'weights': (64,)}
2026-08-30 05:30:01,257 [DEBUG] path_b_bootstrap: BC epoch 17/20 step 201/300 | loss=0.22534 | batch shapes={'tiles': (64, 9, 10, 10), 'numeric': (64, 55), 'action_verb': (64,), 'action_crop': (64,), 'action_hands': (64, 6), 'action_market': (64, 10), 'reward': (64,), 'next_tiles': (64, 9, 10, 10), 'next_numeric': (64, 55), 'done': (64,), 'weights': (64,)}
2026-08-30 05:30:02,757 [DEBUG] path_b_bootstrap: BC epoch 17/20 step 251/300 | loss=0.28787 | batch shapes={'tiles': (64, 9, 10, 10), 'numeric': (64, 55), 'action_verb': (64,), 'action_crop': (64,), 'action_hands': (64, 6), 'action_market': (64, 10), 'reward': (64,), 'next_tiles': (64, 9, 10, 10), 'next_numeric': (64, 55), 'done': (64,), 'weights': (64,)}
2026-08-30 05:30:04,234 [DEBUG] path_b_bootstrap: BC epoch 17/20 step 300/300 | loss=0.19824 | batch shapes={'tiles': (64, 9, 10, 10), 'numeric': (64, 55), 'action_verb': (64,), 'action_crop': (64,), 'action_hands': (64, 6), 'action_market': (64, 10), 'reward': (64,), 'next_tiles': (64, 9, 10, 10), 'next_numeric': (64, 55), 'done': (64,), 'weights': (64,)}
2026-08-30 05:30:04,234 [INFO] path_b_bootstrap: BC epoch 17/20 | avg loss: 0.23761
2026-08-30 05:30:04,262 [DEBUG] path_b_bootstrap: BC epoch 18/20 step 1/300 | loss=0.25571 | batch shapes={'tiles': (64, 9, 10, 10), 'numeric': (64, 55), 'action_verb': (64,), 'action_crop': (64,), 'action_hands': (64, 6), 'action_market': (64, 10), 'reward': (64,), 'next_tiles': (64, 9, 10, 10), 'next_numeric': (64, 55), 'done': (64,), 'weights': (64,)}
2026-08-30 05:30:04,290 [DEBUG] path_b_bootstrap: BC epoch 18/20 step 2/300 | loss=0.23646 | batch shapes={'tiles': (64, 9, 10, 10), 'numeric': (64, 55), 'action_verb': (64,), 'action_crop': (64,), 'action_hands': (64, 6), 'action_market': (64, 10), 'reward': (64,), 'next_tiles': (64, 9, 10, 10), 'next_numeric': (64, 55), 'done': (64,), 'weights': (64,)}
2026-08-30 05:30:04,318 [DEBUG] path_b_bootstrap: BC epoch 18/20 step 3/300 | loss=0.20512 | batch shapes={'tiles': (64, 9, 10, 10), 'numeric': (64, 55), 'action_verb': (64,), 'action_crop': (64,), 'action_hands': (64, 6), 'action_market': (64, 10), 'reward': (64,), 'next_tiles': (64, 9, 10, 10), 'next_numeric': (64, 55), 'done': (64,), 'weights': (64,)}
2026-08-30 05:30:05,769 [DEBUG] path_b_bootstrap: BC epoch 18/20 step 51/300 | loss=0.21245 | batch shapes={'tiles': (64, 9, 10, 10), 'numeric': (64, 55), 'action_verb': (64,), 'action_crop': (64,), 'action_hands': (64, 6), 'action_market': (64, 10), 'reward': (64,), 'next_tiles': (64, 9, 10, 10), 'next_numeric': (64, 55), 'done': (64,), 'weights': (64,)}
2026-08-30 05:30:07,282 [DEBUG] path_b_bootstrap: BC epoch 18/20 step 101/300 | loss=0.20405 | batch shapes={'tiles': (64, 9, 10, 10), 'numeric': (64, 55), 'action_verb': (64,), 'action_crop': (64,), 'action_hands': (64, 6), 'action_market': (64, 10), 'reward': (64,), 'next_tiles': (64, 9, 10, 10), 'next_numeric': (64, 55), 'done': (64,), 'weights': (64,)}
2026-08-30 05:30:08,774 [DEBUG] path_b_bootstrap: BC epoch 18/20 step 151/300 | loss=0.24762 | batch shapes={'tiles': (64, 9, 10, 10), 'numeric': (64, 55), 'action_verb': (64,), 'action_crop': (64,), 'action_hands': (64, 6), 'action_market': (64, 10), 'reward': (64,), 'next_tiles': (64, 9, 10, 10), 'next_numeric': (64, 55), 'done': (64,), 'weights': (64,)}
2026-08-30 05:30:10,279 [DEBUG] path_b_bootstrap: BC epoch 18/20 step 201/300 | loss=0.25756 | batch shapes={'tiles': (64, 9, 10, 10), 'numeric': (64, 55), 'action_verb': (64,), 'action_crop': (64,), 'action_hands': (64, 6), 'action_market': (64, 10), 'reward': (64,), 'next_tiles': (64, 9, 10, 10), 'next_numeric': (64, 55), 'done': (64,), 'weights': (64,)}
2026-08-30 05:30:11,770 [DEBUG] path_b_bootstrap: BC epoch 18/20 step 251/300 | loss=0.27826 | batch shapes={'tiles': (64, 9, 10, 10), 'numeric': (64, 55), 'action_verb': (64,), 'action_crop': (64,), 'action_hands': (64, 6), 'action_market': (64, 10), 'reward': (64,), 'next_tiles': (64, 9, 10, 10), 'next_numeric': (64, 55), 'done': (64,), 'weights': (64,)}
2026-08-30 05:30:13,272 [DEBUG] path_b_bootstrap: BC epoch 18/20 step 300/300 | loss=0.14571 | batch shapes={'tiles': (64, 9, 10, 10), 'numeric': (64, 55), 'action_verb': (64,), 'action_crop': (64,), 'action_hands': (64, 6), 'action_market': (64, 10), 'reward': (64,), 'next_tiles': (64, 9, 10, 10), 'next_numeric': (64, 55), 'done': (64,), 'weights': (64,)}
2026-08-30 05:30:13,272 [INFO] path_b_bootstrap: BC epoch 18/20 | avg loss: 0.22846
2026-08-30 05:30:13,300 [DEBUG] path_b_bootstrap: BC epoch 19/20 step 1/300 | loss=0.18807 | batch shapes={'tiles': (64, 9, 10, 10), 'numeric': (64, 55), 'action_verb': (64,), 'action_crop': (64,), 'action_hands': (64, 6), 'action_market': (64, 10), 'reward': (64,), 'next_tiles': (64, 9, 10, 10), 'next_numeric': (64, 55), 'done': (64,), 'weights': (64,)}
2026-08-30 05:30:13,328 [DEBUG] path_b_bootstrap: BC epoch 19/20 step 2/300 | loss=0.26837 | batch shapes={'tiles': (64, 9, 10, 10), 'numeric': (64, 55), 'action_verb': (64,), 'action_crop': (64,), 'action_hands': (64, 6), 'action_market': (64, 10), 'reward': (64,), 'next_tiles': (64, 9, 10, 10), 'next_numeric': (64, 55), 'done': (64,), 'weights': (64,)}
2026-08-30 05:30:13,360 [DEBUG] path_b_bootstrap: BC epoch 19/20 step 3/300 | loss=0.26585 | batch shapes={'tiles': (64, 9, 10, 10), 'numeric': (64, 55), 'action_verb': (64,), 'action_crop': (64,), 'action_hands': (64, 6), 'action_market': (64, 10), 'reward': (64,), 'next_tiles': (64, 9, 10, 10), 'next_numeric': (64, 55), 'done': (64,), 'weights': (64,)}
2026-08-30 05:30:14,817 [DEBUG] path_b_bootstrap: BC epoch 19/20 step 51/300 | loss=0.23694 | batch shapes={'tiles': (64, 9, 10, 10), 'numeric': (64, 55), 'action_verb': (64,), 'action_crop': (64,), 'action_hands': (64, 6), 'action_market': (64, 10), 'reward': (64,), 'next_tiles': (64, 9, 10, 10), 'next_numeric': (64, 55), 'done': (64,), 'weights': (64,)}
2026-08-30 05:30:16,356 [DEBUG] path_b_bootstrap: BC epoch 19/20 step 101/300 | loss=0.25747 | batch shapes={'tiles': (64, 9, 10, 10), 'numeric': (64, 55), 'action_verb': (64,), 'action_crop': (64,), 'action_hands': (64, 6), 'action_market': (64, 10), 'reward': (64,), 'next_tiles': (64, 9, 10, 10), 'next_numeric': (64, 55), 'done': (64,), 'weights': (64,)}
2026-08-30 05:30:17,852 [DEBUG] path_b_bootstrap: BC epoch 19/20 step 151/300 | loss=0.18470 | batch shapes={'tiles': (64, 9, 10, 10), 'numeric': (64, 55), 'action_verb': (64,), 'action_crop': (64,), 'action_hands': (64, 6), 'action_market': (64, 10), 'reward': (64,), 'next_tiles': (64, 9, 10, 10), 'next_numeric': (64, 55), 'done': (64,), 'weights': (64,)}
2026-08-30 05:30:19,354 [DEBUG] path_b_bootstrap: BC epoch 19/20 step 201/300 | loss=0.19484 | batch shapes={'tiles': (64, 9, 10, 10), 'numeric': (64, 55), 'action_verb': (64,), 'action_crop': (64,), 'action_hands': (64, 6), 'action_market': (64, 10), 'reward': (64,), 'next_tiles': (64, 9, 10, 10), 'next_numeric': (64, 55), 'done': (64,), 'weights': (64,)}
2026-08-30 05:30:20,847 [DEBUG] path_b_bootstrap: BC epoch 19/20 step 251/300 | loss=0.23024 | batch shapes={'tiles': (64, 9, 10, 10), 'numeric': (64, 55), 'action_verb': (64,), 'action_crop': (64,), 'action_hands': (64, 6), 'action_market': (64, 10), 'reward': (64,), 'next_tiles': (64, 9, 10, 10), 'next_numeric': (64, 55), 'done': (64,), 'weights': (64,)}
2026-08-30 05:30:22,390 [DEBUG] path_b_bootstrap: BC epoch 19/20 step 300/300 | loss=0.20766 | batch shapes={'tiles': (64, 9, 10, 10), 'numeric': (64, 55), 'action_verb': (64,), 'action_crop': (64,), 'action_hands': (64, 6), 'action_market': (64, 10), 'reward': (64,), 'next_tiles': (64, 9, 10, 10), 'next_numeric': (64, 55), 'done': (64,), 'weights': (64,)}
2026-08-30 05:30:22,390 [INFO] path_b_bootstrap: BC epoch 19/20 | avg loss: 0.22468
2026-08-30 05:30:22,422 [DEBUG] path_b_bootstrap: BC epoch 20/20 step 1/300 | loss=0.18842 | batch shapes={'tiles': (64, 9, 10, 10), 'numeric': (64, 55), 'action_verb': (64,), 'action_crop': (64,), 'action_hands': (64, 6), 'action_market': (64, 10), 'reward': (64,), 'next_tiles': (64, 9, 10, 10), 'next_numeric': (64, 55), 'done': (64,), 'weights': (64,)}
2026-08-30 05:30:22,453 [DEBUG] path_b_bootstrap: BC epoch 20/20 step 2/300 | loss=0.27513 | batch shapes={'tiles': (64, 9, 10, 10), 'numeric': (64, 55), 'action_verb': (64,), 'action_crop': (64,), 'action_hands': (64, 6), 'action_market': (64, 10), 'reward': (64,), 'next_tiles': (64, 9, 10, 10), 'next_numeric': (64, 55), 'done': (64,), 'weights': (64,)}
2026-08-30 05:30:22,484 [DEBUG] path_b_bootstrap: BC epoch 20/20 step 3/300 | loss=0.25072 | batch shapes={'tiles': (64, 9, 10, 10), 'numeric': (64, 55), 'action_verb': (64,), 'action_crop': (64,), 'action_hands': (64, 6), 'action_market': (64, 10), 'reward': (64,), 'next_tiles': (64, 9, 10, 10), 'next_numeric': (64, 55), 'done': (64,), 'weights': (64,)}
2026-08-30 05:30:23,925 [DEBUG] path_b_bootstrap: BC epoch 20/20 step 51/300 | loss=0.22939 | batch shapes={'tiles': (64, 9, 10, 10), 'numeric': (64, 55), 'action_verb': (64,), 'action_crop': (64,), 'action_hands': (64, 6), 'action_market': (64, 10), 'reward': (64,), 'next_tiles': (64, 9, 10, 10), 'next_numeric': (64, 55), 'done': (64,), 'weights': (64,)}
2026-08-30 05:30:25,442 [DEBUG] path_b_bootstrap: BC epoch 20/20 step 101/300 | loss=0.21232 | batch shapes={'tiles': (64, 9, 10, 10), 'numeric': (64, 55), 'action_verb': (64,), 'action_crop': (64,), 'action_hands': (64, 6), 'action_market': (64, 10), 'reward': (64,), 'next_tiles': (64, 9, 10, 10), 'next_numeric': (64, 55), 'done': (64,), 'weights': (64,)}
2026-08-30 05:30:26,931 [DEBUG] path_b_bootstrap: BC epoch 20/20 step 151/300 | loss=0.23814 | batch shapes={'tiles': (64, 9, 10, 10), 'numeric': (64, 55), 'action_verb': (64,), 'action_crop': (64,), 'action_hands': (64, 6), 'action_market': (64, 10), 'reward': (64,), 'next_tiles': (64, 9, 10, 10), 'next_numeric': (64, 55), 'done': (64,), 'weights': (64,)}
2026-08-30 05:30:28,428 [DEBUG] path_b_bootstrap: BC epoch 20/20 step 201/300 | loss=0.21438 | batch shapes={'tiles': (64, 9, 10, 10), 'numeric': (64, 55), 'action_verb': (64,), 'action_crop': (64,), 'action_hands': (64, 6), 'action_market': (64, 10), 'reward': (64,), 'next_tiles': (64, 9, 10, 10), 'next_numeric': (64, 55), 'done': (64,), 'weights': (64,)}
2026-08-30 05:30:30,054 [DEBUG] path_b_bootstrap: BC epoch 20/20 step 251/300 | loss=0.19699 | batch shapes={'tiles': (64, 9, 10, 10), 'numeric': (64, 55), 'action_verb': (64,), 'action_crop': (64,), 'action_hands': (64, 6), 'action_market': (64, 10), 'reward': (64,), 'next_tiles': (64, 9, 10, 10), 'next_numeric': (64, 55), 'done': (64,), 'weights': (64,)}
2026-08-30 05:30:31,541 [DEBUG] path_b_bootstrap: BC epoch 20/20 step 300/300 | loss=0.21964 | batch shapes={'tiles': (64, 9, 10, 10), 'numeric': (64, 55), 'action_verb': (64,), 'action_crop': (64,), 'action_hands': (64, 6), 'action_market': (64, 10), 'reward': (64,), 'next_tiles': (64, 9, 10, 10), 'next_numeric': (64, 55), 'done': (64,), 'weights': (64,)}
2026-08-30 05:30:31,541 [INFO] path_b_bootstrap: BC epoch 20/20 | avg loss: 0.21880
2026-08-30 05:30:31,545 [INFO] kaggriculture_self_play_training: BC pretrain metrics saved to: /Users/sweeden/kagg/experiments/Hinesight Experience Replay for Double Q-Learning DQN SB3 Kaggriculture reinforcement learning/bc_only_ladder/metrics/bc_pretrain.json
2026-08-30 05:30:33,504 [INFO] kaggriculture_self_play_training: Already completed 0 episodes (target 0). Running export/eval only.
2026-08-30 05:30:33,504 [INFO] kaggriculture_self_play_training: BC completed (20 epoch losses); self-play eps_start=0.25 (was 1.0 without BC)
2026-08-30 05:30:34,693 [DEBUG] kaggriculture_self_play_training: Self-play env: KaggleCompetitiveEnv max_steps=720 turns_per_cycle=72 use_kaggle=True
2026-08-30 05:30:34,726 [INFO] kaggriculture_self_play_training: Final model saved to: /Users/sweeden/kagg/experiments/Hinesight Experience Replay for Double Q-Learning DQN SB3 Kaggriculture reinforcement learning/bc_only_ladder/models/model.pth
2026-08-30 05:39:33,129 [INFO] kaggriculture_self_play_training: League win-rate summary: 0.00 (0/60 ep), cleared=0/10, beats_all=False
2026-08-30 05:39:33,129 [INFO] kaggriculture_self_play_training: Ladder eval (10 opponents, 6 ep each, target 50%): beats_all=False → /Users/sweeden/kagg/experiments/Hinesight Experience Replay for Double Q-Learning DQN SB3 Kaggriculture reinforcement learning/bc_only_ladder/metrics/ladder_eval.json
2026-08-30 05:39:33,129 [INFO] kaggriculture_self_play_training:   [FAIL] vs fallow_finn      win=0% (0/6) money 3000 vs 3000
2026-08-30 05:39:33,129 [INFO] kaggriculture_self_play_training:   [FAIL] vs wheat_walter     win=0% (0/6) money 3000 vs 6377
2026-08-30 05:39:33,129 [INFO] kaggriculture_self_play_training:   [FAIL] vs rotation_rosa    win=0% (0/6) money 3000 vs 12135
2026-08-30 05:39:33,129 [INFO] kaggriculture_self_play_training:   [FAIL] vs homestead_hana   win=0% (0/6) money 3000 vs 16408
2026-08-30 05:39:33,129 [INFO] kaggriculture_self_play_training:   [FAIL] vs melon_mateo      win=0% (0/6) money 3000 vs 25037
2026-08-30 05:39:33,129 [INFO] kaggriculture_self_play_training:   [FAIL] vs rancher_rita     win=0% (0/6) money 3000 vs 43493
2026-08-30 05:39:33,129 [INFO] kaggriculture_self_play_training:   [FAIL] vs broker_bea       win=0% (0/6) money 3000 vs 45294
2026-08-30 05:39:33,129 [INFO] kaggriculture_self_play_training:   [FAIL] vs ledger_lena      win=0% (0/6) money 3000 vs 44464
2026-08-30 05:39:33,129 [INFO] kaggriculture_self_play_training:   [FAIL] vs slotter_silas    win=0% (0/6) money 3000 vs 43456
2026-08-30 05:39:33,129 [INFO] kaggriculture_self_play_training:   [FAIL] vs closer_cleo      win=0% (0/6) money 3000 vs 17686
2026-08-30 05:39:33,132 [INFO] kaggriculture_self_play_training: Agent export saved to: /Users/sweeden/kagg/experiments/Hinesight Experience Replay for Double Q-Learning DQN SB3 Kaggriculture reinforcement learning/bc_only_ladder/agent.py
2026-08-30 05:39:33,133 [INFO] kaggriculture_self_play_training: Episode metrics saved to: /Users/sweeden/kagg/experiments/Hinesight Experience Replay for Double Q-Learning DQN SB3 Kaggriculture reinforcement learning/bc_only_ladder/metrics/episode_metrics.json
2026-08-30 05:39:33,133 [INFO] kaggriculture_self_play_training: Cumulative training progress saved to: /Users/sweeden/kagg/experiments/Hinesight Experience Replay for Double Q-Learning DQN SB3 Kaggriculture reinforcement learning/bc_only_ladder/metrics/training_progress.json
2026-08-30 05:39:33,133 [INFO] kaggriculture_self_play_training: --- SELF-PLAY TRAINING LOOP COMPLETED ---
