Successfully imported Kaggriculture Path B components.
2026-08-30 05:42:45,693 [INFO] kaggriculture_self_play_training: Experiment directory: /Users/sweeden/kagg/experiments/Hinesight Experience Replay for Double Q-Learning DQN SB3 Kaggriculture reinforcement learning/bc_pass_fix_ladder
2026-08-30 05:42:45,698 [DEBUG] kaggriculture_self_play_training: Verbose debug logging enabled
2026-08-30 05:42:45,698 [DEBUG] kaggriculture_self_play_training: Training config: {
  "experiment_dir": "/Users/sweeden/kagg/experiments/Hinesight Experience Replay for Double Q-Learning DQN SB3 Kaggriculture reinforcement learning/bc_pass_fix_ladder",
  "seed": 7,
  "device": "auto",
  "total_episodes": 0,
  "learning_start_episodes": 0,
  "batch_size": 32,
  "checkpoint_interval": 5,
  "use_kaggle_env": true,
  "kinematic_phase_a": 3,
  "kinematic_phase_b": 4,
  "kinematic_phase_c": 6,
  "turns_per_cycle": 72,
  "cycles_per_episode": 10,
  "max_episode_steps": 720,
  "n_eval_episodes": 2,
  "bootstrap_episodes": null,
  "bootstrap_transitions": 50000,
  "data_dir": "/Users/sweeden/kagg/working/kaggle_episodes",
  "download_bootstrap": false,
  "bc_epochs": 25,
  "bc_batch_size": 64,
  "bc_steps_per_epoch": 250,
  "buffer_capacity": 50000,
  "metadata_path": "/Users/sweeden/kagg/working/kaggle_episodes/metadata.json",
  "bootstrap_top_per_day": 40,
  "bootstrap_passes": 1,
  "bc_epochs_per_pass": 2,
  "verbose": true,
  "code_src": "/Users/sweeden/kagg/datasets/scottweeden/self-training-code",
  "bootstrap_mode": "daily_incremental",
  "bootstrap_days_per_run": 1,
  "publish_code_dataset": false,
  "opponents_dir": "/Users/sweeden/kagg/opponents",
  "ladder_eval_episodes": 6,
  "ladder_win_rate_target": 0.5,
  "min_self_play_episodes": 0,
  "timestamp": "2026-08-30T05:42:45.692822",
  "resumed_from": null
}
2026-08-30 05:42:45,713 [INFO] kaggriculture_self_play_training: Self-play pipeline running on device: mps
2026-08-30 05:42:45,773 [DEBUG] kaggriculture_self_play_training: Model init: HierarchicalDQNBranching params=1716765 (1.72M) buffer_capacity=50000
2026-08-30 05:42:46,443 [INFO] kaggriculture_self_play_training: Reward phase gates: {'season_days': 30, 'early_plant_until_day': 5, 'early_invest_until_day': 11, 'mid_expand_days': [11, 26], 'liquidate_days': [22, 28], 'turns_per_day_ref': 24}
[Self-Play] Saved agent checkpoint to: /Users/sweeden/kagg/experiments/Hinesight Experience Replay for Double Q-Learning DQN SB3 Kaggriculture reinforcement learning/bc_pass_fix_ladder/checkpoints/checkpoint_ep_0.pt
[Self-Play] Opponent pool size: 1
2026-08-30 05:42:46,473 [DEBUG] kaggriculture_self_play_training: Bootstrap phase: mode=daily_incremental episodes=None passes=1 transitions=50000 metadata=/Users/sweeden/kagg/working/kaggle_episodes/metadata.json
2026-08-30 05:42:46,476 [INFO] path_b_bootstrap: Incremental daily bootstrap: adding 1 day(s) ['2026-08-15'] (0/2 dates already done)
2026-08-30 05:42:46,478 [INFO] path_b_bootstrap: Bootstrap day 2026-08-15: 26 episodes (streaming BC, top_per_day=40)
2026-08-30 05:42:46,478 [INFO] path_b_bootstrap: Streaming BC over 26 episode files (epochs=2, batch=64, steps/epoch=250)
2026-08-30 05:42:47,550 [DEBUG] path_b_bootstrap: BC stream epoch 1/2 step 1 | loss=1.58228 | file=93377164.json
2026-08-30 05:42:47,588 [DEBUG] path_b_bootstrap: BC stream epoch 1/2 step 2 | loss=1.59297 | file=93377164.json
2026-08-30 05:42:47,619 [DEBUG] path_b_bootstrap: BC stream epoch 1/2 step 3 | loss=1.46054 | file=93377164.json
2026-08-30 05:42:51,738 [DEBUG] path_b_bootstrap: BC stream epoch 1/2 step 100 | loss=1.04012 | file=93140346.json
2026-08-30 05:42:55,915 [DEBUG] path_b_bootstrap: BC stream epoch 1/2 step 200 | loss=1.16130 | file=93175956.json
2026-08-30 05:42:58,301 [INFO] path_b_bootstrap: BC stream epoch 1/2 | steps=250 | avg loss: 1.13646
2026-08-30 05:42:58,615 [DEBUG] path_b_bootstrap: BC stream epoch 2/2 step 1 | loss=0.87404 | file=93238403.json
2026-08-30 05:42:58,646 [DEBUG] path_b_bootstrap: BC stream epoch 2/2 step 2 | loss=0.70428 | file=93238403.json
2026-08-30 05:42:58,674 [DEBUG] path_b_bootstrap: BC stream epoch 2/2 step 3 | loss=0.64696 | file=93238403.json
2026-08-30 05:43:02,660 [DEBUG] path_b_bootstrap: BC stream epoch 2/2 step 100 | loss=0.77831 | file=93273309.json
2026-08-30 05:43:06,736 [DEBUG] path_b_bootstrap: BC stream epoch 2/2 step 200 | loss=1.01442 | file=93339612.json
2026-08-30 05:43:09,076 [INFO] path_b_bootstrap: BC stream epoch 2/2 | steps=250 | avg loss: 0.83655
2026-08-30 05:43:17,467 [INFO] path_b_bootstrap: Bootstrap state saved: 1 days bootstrapped → /Users/sweeden/kagg/experiments/Hinesight Experience Replay for Double Q-Learning DQN SB3 Kaggriculture reinforcement learning/bc_pass_fix_ladder/metrics/bootstrap_state.json
2026-08-30 05:43:17,467 [INFO] path_b_bootstrap: Marked day bootstrapped: 2026-08-15 (1 days total)
2026-08-30 05:43:17,468 [INFO] path_b_bootstrap: Bootstrap state saved: 1 days bootstrapped → /Users/sweeden/kagg/experiments/Hinesight Experience Replay for Double Q-Learning DQN SB3 Kaggriculture reinforcement learning/bc_pass_fix_ladder/metrics/bootstrap_state.json
2026-08-30 05:43:17,468 [INFO] kaggriculture_self_play_training: Replay buffer size after bootstrap: 25000
2026-08-30 05:43:17,472 [INFO] path_b_bootstrap: Starting BC pretrain: 25 epochs, batch_size=64, buffer=25000, steps/epoch=250
2026-08-30 05:43:17,737 [DEBUG] path_b_bootstrap: BC epoch 1/25 step 1/250 | loss=0.74921 | batch shapes={'tiles': (64, 9, 10, 10), 'numeric': (64, 55), 'action_verb': (64,), 'action_crop': (64,), 'action_hands': (64, 6), 'action_market': (64, 10), 'reward': (64,), 'next_tiles': (64, 9, 10, 10), 'next_numeric': (64, 55), 'done': (64,), 'weights': (64,)}
2026-08-30 05:43:17,779 [DEBUG] path_b_bootstrap: BC epoch 1/25 step 2/250 | loss=0.86407 | batch shapes={'tiles': (64, 9, 10, 10), 'numeric': (64, 55), 'action_verb': (64,), 'action_crop': (64,), 'action_hands': (64, 6), 'action_market': (64, 10), 'reward': (64,), 'next_tiles': (64, 9, 10, 10), 'next_numeric': (64, 55), 'done': (64,), 'weights': (64,)}
2026-08-30 05:43:17,816 [DEBUG] path_b_bootstrap: BC epoch 1/25 step 3/250 | loss=0.89949 | batch shapes={'tiles': (64, 9, 10, 10), 'numeric': (64, 55), 'action_verb': (64,), 'action_crop': (64,), 'action_hands': (64, 6), 'action_market': (64, 10), 'reward': (64,), 'next_tiles': (64, 9, 10, 10), 'next_numeric': (64, 55), 'done': (64,), 'weights': (64,)}
2026-08-30 05:43:19,631 [DEBUG] path_b_bootstrap: BC epoch 1/25 step 51/250 | loss=0.74548 | batch shapes={'tiles': (64, 9, 10, 10), 'numeric': (64, 55), 'action_verb': (64,), 'action_crop': (64,), 'action_hands': (64, 6), 'action_market': (64, 10), 'reward': (64,), 'next_tiles': (64, 9, 10, 10), 'next_numeric': (64, 55), 'done': (64,), 'weights': (64,)}
2026-08-30 05:43:21,356 [DEBUG] path_b_bootstrap: BC epoch 1/25 step 101/250 | loss=0.74735 | batch shapes={'tiles': (64, 9, 10, 10), 'numeric': (64, 55), 'action_verb': (64,), 'action_crop': (64,), 'action_hands': (64, 6), 'action_market': (64, 10), 'reward': (64,), 'next_tiles': (64, 9, 10, 10), 'next_numeric': (64, 55), 'done': (64,), 'weights': (64,)}
2026-08-30 05:43:22,943 [DEBUG] path_b_bootstrap: BC epoch 1/25 step 151/250 | loss=0.74792 | batch shapes={'tiles': (64, 9, 10, 10), 'numeric': (64, 55), 'action_verb': (64,), 'action_crop': (64,), 'action_hands': (64, 6), 'action_market': (64, 10), 'reward': (64,), 'next_tiles': (64, 9, 10, 10), 'next_numeric': (64, 55), 'done': (64,), 'weights': (64,)}
2026-08-30 05:43:24,507 [DEBUG] path_b_bootstrap: BC epoch 1/25 step 201/250 | loss=0.70961 | batch shapes={'tiles': (64, 9, 10, 10), 'numeric': (64, 55), 'action_verb': (64,), 'action_crop': (64,), 'action_hands': (64, 6), 'action_market': (64, 10), 'reward': (64,), 'next_tiles': (64, 9, 10, 10), 'next_numeric': (64, 55), 'done': (64,), 'weights': (64,)}
2026-08-30 05:43:25,997 [DEBUG] path_b_bootstrap: BC epoch 1/25 step 250/250 | loss=0.72520 | batch shapes={'tiles': (64, 9, 10, 10), 'numeric': (64, 55), 'action_verb': (64,), 'action_crop': (64,), 'action_hands': (64, 6), 'action_market': (64, 10), 'reward': (64,), 'next_tiles': (64, 9, 10, 10), 'next_numeric': (64, 55), 'done': (64,), 'weights': (64,)}
2026-08-30 05:43:25,997 [INFO] path_b_bootstrap: BC epoch 1/25 | avg loss: 0.74108
2026-08-30 05:43:26,027 [DEBUG] path_b_bootstrap: BC epoch 2/25 step 1/250 | loss=0.73097 | batch shapes={'tiles': (64, 9, 10, 10), 'numeric': (64, 55), 'action_verb': (64,), 'action_crop': (64,), 'action_hands': (64, 6), 'action_market': (64, 10), 'reward': (64,), 'next_tiles': (64, 9, 10, 10), 'next_numeric': (64, 55), 'done': (64,), 'weights': (64,)}
2026-08-30 05:43:26,057 [DEBUG] path_b_bootstrap: BC epoch 2/25 step 2/250 | loss=0.66652 | batch shapes={'tiles': (64, 9, 10, 10), 'numeric': (64, 55), 'action_verb': (64,), 'action_crop': (64,), 'action_hands': (64, 6), 'action_market': (64, 10), 'reward': (64,), 'next_tiles': (64, 9, 10, 10), 'next_numeric': (64, 55), 'done': (64,), 'weights': (64,)}
2026-08-30 05:43:26,090 [DEBUG] path_b_bootstrap: BC epoch 2/25 step 3/250 | loss=0.73569 | batch shapes={'tiles': (64, 9, 10, 10), 'numeric': (64, 55), 'action_verb': (64,), 'action_crop': (64,), 'action_hands': (64, 6), 'action_market': (64, 10), 'reward': (64,), 'next_tiles': (64, 9, 10, 10), 'next_numeric': (64, 55), 'done': (64,), 'weights': (64,)}
2026-08-30 05:43:27,572 [DEBUG] path_b_bootstrap: BC epoch 2/25 step 51/250 | loss=0.60971 | batch shapes={'tiles': (64, 9, 10, 10), 'numeric': (64, 55), 'action_verb': (64,), 'action_crop': (64,), 'action_hands': (64, 6), 'action_market': (64, 10), 'reward': (64,), 'next_tiles': (64, 9, 10, 10), 'next_numeric': (64, 55), 'done': (64,), 'weights': (64,)}
2026-08-30 05:43:29,145 [DEBUG] path_b_bootstrap: BC epoch 2/25 step 101/250 | loss=0.60153 | batch shapes={'tiles': (64, 9, 10, 10), 'numeric': (64, 55), 'action_verb': (64,), 'action_crop': (64,), 'action_hands': (64, 6), 'action_market': (64, 10), 'reward': (64,), 'next_tiles': (64, 9, 10, 10), 'next_numeric': (64, 55), 'done': (64,), 'weights': (64,)}
2026-08-30 05:43:30,667 [DEBUG] path_b_bootstrap: BC epoch 2/25 step 151/250 | loss=0.62513 | batch shapes={'tiles': (64, 9, 10, 10), 'numeric': (64, 55), 'action_verb': (64,), 'action_crop': (64,), 'action_hands': (64, 6), 'action_market': (64, 10), 'reward': (64,), 'next_tiles': (64, 9, 10, 10), 'next_numeric': (64, 55), 'done': (64,), 'weights': (64,)}
2026-08-30 05:43:32,139 [DEBUG] path_b_bootstrap: BC epoch 2/25 step 201/250 | loss=0.71644 | batch shapes={'tiles': (64, 9, 10, 10), 'numeric': (64, 55), 'action_verb': (64,), 'action_crop': (64,), 'action_hands': (64, 6), 'action_market': (64, 10), 'reward': (64,), 'next_tiles': (64, 9, 10, 10), 'next_numeric': (64, 55), 'done': (64,), 'weights': (64,)}
2026-08-30 05:43:33,630 [DEBUG] path_b_bootstrap: BC epoch 2/25 step 250/250 | loss=0.61330 | batch shapes={'tiles': (64, 9, 10, 10), 'numeric': (64, 55), 'action_verb': (64,), 'action_crop': (64,), 'action_hands': (64, 6), 'action_market': (64, 10), 'reward': (64,), 'next_tiles': (64, 9, 10, 10), 'next_numeric': (64, 55), 'done': (64,), 'weights': (64,)}
2026-08-30 05:43:33,630 [INFO] path_b_bootstrap: BC epoch 2/25 | avg loss: 0.65839
2026-08-30 05:43:33,664 [DEBUG] path_b_bootstrap: BC epoch 3/25 step 1/250 | loss=0.66960 | batch shapes={'tiles': (64, 9, 10, 10), 'numeric': (64, 55), 'action_verb': (64,), 'action_crop': (64,), 'action_hands': (64, 6), 'action_market': (64, 10), 'reward': (64,), 'next_tiles': (64, 9, 10, 10), 'next_numeric': (64, 55), 'done': (64,), 'weights': (64,)}
2026-08-30 05:43:33,694 [DEBUG] path_b_bootstrap: BC epoch 3/25 step 2/250 | loss=0.62186 | batch shapes={'tiles': (64, 9, 10, 10), 'numeric': (64, 55), 'action_verb': (64,), 'action_crop': (64,), 'action_hands': (64, 6), 'action_market': (64, 10), 'reward': (64,), 'next_tiles': (64, 9, 10, 10), 'next_numeric': (64, 55), 'done': (64,), 'weights': (64,)}
2026-08-30 05:43:33,728 [DEBUG] path_b_bootstrap: BC epoch 3/25 step 3/250 | loss=0.62447 | batch shapes={'tiles': (64, 9, 10, 10), 'numeric': (64, 55), 'action_verb': (64,), 'action_crop': (64,), 'action_hands': (64, 6), 'action_market': (64, 10), 'reward': (64,), 'next_tiles': (64, 9, 10, 10), 'next_numeric': (64, 55), 'done': (64,), 'weights': (64,)}
2026-08-30 05:43:35,153 [DEBUG] path_b_bootstrap: BC epoch 3/25 step 51/250 | loss=0.58694 | batch shapes={'tiles': (64, 9, 10, 10), 'numeric': (64, 55), 'action_verb': (64,), 'action_crop': (64,), 'action_hands': (64, 6), 'action_market': (64, 10), 'reward': (64,), 'next_tiles': (64, 9, 10, 10), 'next_numeric': (64, 55), 'done': (64,), 'weights': (64,)}
2026-08-30 05:43:36,628 [DEBUG] path_b_bootstrap: BC epoch 3/25 step 101/250 | loss=0.63355 | batch shapes={'tiles': (64, 9, 10, 10), 'numeric': (64, 55), 'action_verb': (64,), 'action_crop': (64,), 'action_hands': (64, 6), 'action_market': (64, 10), 'reward': (64,), 'next_tiles': (64, 9, 10, 10), 'next_numeric': (64, 55), 'done': (64,), 'weights': (64,)}
2026-08-30 05:43:38,204 [DEBUG] path_b_bootstrap: BC epoch 3/25 step 151/250 | loss=0.60136 | batch shapes={'tiles': (64, 9, 10, 10), 'numeric': (64, 55), 'action_verb': (64,), 'action_crop': (64,), 'action_hands': (64, 6), 'action_market': (64, 10), 'reward': (64,), 'next_tiles': (64, 9, 10, 10), 'next_numeric': (64, 55), 'done': (64,), 'weights': (64,)}
2026-08-30 05:43:39,739 [DEBUG] path_b_bootstrap: BC epoch 3/25 step 201/250 | loss=0.57736 | batch shapes={'tiles': (64, 9, 10, 10), 'numeric': (64, 55), 'action_verb': (64,), 'action_crop': (64,), 'action_hands': (64, 6), 'action_market': (64, 10), 'reward': (64,), 'next_tiles': (64, 9, 10, 10), 'next_numeric': (64, 55), 'done': (64,), 'weights': (64,)}
2026-08-30 05:43:41,202 [DEBUG] path_b_bootstrap: BC epoch 3/25 step 250/250 | loss=0.53432 | batch shapes={'tiles': (64, 9, 10, 10), 'numeric': (64, 55), 'action_verb': (64,), 'action_crop': (64,), 'action_hands': (64, 6), 'action_market': (64, 10), 'reward': (64,), 'next_tiles': (64, 9, 10, 10), 'next_numeric': (64, 55), 'done': (64,), 'weights': (64,)}
2026-08-30 05:43:41,203 [INFO] path_b_bootstrap: BC epoch 3/25 | avg loss: 0.59576
2026-08-30 05:43:41,231 [DEBUG] path_b_bootstrap: BC epoch 4/25 step 1/250 | loss=0.58668 | batch shapes={'tiles': (64, 9, 10, 10), 'numeric': (64, 55), 'action_verb': (64,), 'action_crop': (64,), 'action_hands': (64, 6), 'action_market': (64, 10), 'reward': (64,), 'next_tiles': (64, 9, 10, 10), 'next_numeric': (64, 55), 'done': (64,), 'weights': (64,)}
2026-08-30 05:43:41,261 [DEBUG] path_b_bootstrap: BC epoch 4/25 step 2/250 | loss=0.58346 | batch shapes={'tiles': (64, 9, 10, 10), 'numeric': (64, 55), 'action_verb': (64,), 'action_crop': (64,), 'action_hands': (64, 6), 'action_market': (64, 10), 'reward': (64,), 'next_tiles': (64, 9, 10, 10), 'next_numeric': (64, 55), 'done': (64,), 'weights': (64,)}
2026-08-30 05:43:41,291 [DEBUG] path_b_bootstrap: BC epoch 4/25 step 3/250 | loss=0.62329 | batch shapes={'tiles': (64, 9, 10, 10), 'numeric': (64, 55), 'action_verb': (64,), 'action_crop': (64,), 'action_hands': (64, 6), 'action_market': (64, 10), 'reward': (64,), 'next_tiles': (64, 9, 10, 10), 'next_numeric': (64, 55), 'done': (64,), 'weights': (64,)}
2026-08-30 05:43:42,773 [DEBUG] path_b_bootstrap: BC epoch 4/25 step 51/250 | loss=0.57516 | batch shapes={'tiles': (64, 9, 10, 10), 'numeric': (64, 55), 'action_verb': (64,), 'action_crop': (64,), 'action_hands': (64, 6), 'action_market': (64, 10), 'reward': (64,), 'next_tiles': (64, 9, 10, 10), 'next_numeric': (64, 55), 'done': (64,), 'weights': (64,)}
2026-08-30 05:43:44,285 [DEBUG] path_b_bootstrap: BC epoch 4/25 step 101/250 | loss=0.60763 | batch shapes={'tiles': (64, 9, 10, 10), 'numeric': (64, 55), 'action_verb': (64,), 'action_crop': (64,), 'action_hands': (64, 6), 'action_market': (64, 10), 'reward': (64,), 'next_tiles': (64, 9, 10, 10), 'next_numeric': (64, 55), 'done': (64,), 'weights': (64,)}
2026-08-30 05:43:45,840 [DEBUG] path_b_bootstrap: BC epoch 4/25 step 151/250 | loss=0.57887 | batch shapes={'tiles': (64, 9, 10, 10), 'numeric': (64, 55), 'action_verb': (64,), 'action_crop': (64,), 'action_hands': (64, 6), 'action_market': (64, 10), 'reward': (64,), 'next_tiles': (64, 9, 10, 10), 'next_numeric': (64, 55), 'done': (64,), 'weights': (64,)}
2026-08-30 05:43:47,473 [DEBUG] path_b_bootstrap: BC epoch 4/25 step 201/250 | loss=0.54576 | batch shapes={'tiles': (64, 9, 10, 10), 'numeric': (64, 55), 'action_verb': (64,), 'action_crop': (64,), 'action_hands': (64, 6), 'action_market': (64, 10), 'reward': (64,), 'next_tiles': (64, 9, 10, 10), 'next_numeric': (64, 55), 'done': (64,), 'weights': (64,)}
2026-08-30 05:43:48,936 [DEBUG] path_b_bootstrap: BC epoch 4/25 step 250/250 | loss=0.58003 | batch shapes={'tiles': (64, 9, 10, 10), 'numeric': (64, 55), 'action_verb': (64,), 'action_crop': (64,), 'action_hands': (64, 6), 'action_market': (64, 10), 'reward': (64,), 'next_tiles': (64, 9, 10, 10), 'next_numeric': (64, 55), 'done': (64,), 'weights': (64,)}
2026-08-30 05:43:48,936 [INFO] path_b_bootstrap: BC epoch 4/25 | avg loss: 0.54947
2026-08-30 05:43:48,970 [DEBUG] path_b_bootstrap: BC epoch 5/25 step 1/250 | loss=0.56624 | batch shapes={'tiles': (64, 9, 10, 10), 'numeric': (64, 55), 'action_verb': (64,), 'action_crop': (64,), 'action_hands': (64, 6), 'action_market': (64, 10), 'reward': (64,), 'next_tiles': (64, 9, 10, 10), 'next_numeric': (64, 55), 'done': (64,), 'weights': (64,)}
2026-08-30 05:43:49,001 [DEBUG] path_b_bootstrap: BC epoch 5/25 step 2/250 | loss=0.51264 | batch shapes={'tiles': (64, 9, 10, 10), 'numeric': (64, 55), 'action_verb': (64,), 'action_crop': (64,), 'action_hands': (64, 6), 'action_market': (64, 10), 'reward': (64,), 'next_tiles': (64, 9, 10, 10), 'next_numeric': (64, 55), 'done': (64,), 'weights': (64,)}
2026-08-30 05:43:49,033 [DEBUG] path_b_bootstrap: BC epoch 5/25 step 3/250 | loss=0.56211 | batch shapes={'tiles': (64, 9, 10, 10), 'numeric': (64, 55), 'action_verb': (64,), 'action_crop': (64,), 'action_hands': (64, 6), 'action_market': (64, 10), 'reward': (64,), 'next_tiles': (64, 9, 10, 10), 'next_numeric': (64, 55), 'done': (64,), 'weights': (64,)}
2026-08-30 05:43:50,554 [DEBUG] path_b_bootstrap: BC epoch 5/25 step 51/250 | loss=0.52827 | batch shapes={'tiles': (64, 9, 10, 10), 'numeric': (64, 55), 'action_verb': (64,), 'action_crop': (64,), 'action_hands': (64, 6), 'action_market': (64, 10), 'reward': (64,), 'next_tiles': (64, 9, 10, 10), 'next_numeric': (64, 55), 'done': (64,), 'weights': (64,)}
2026-08-30 05:43:52,067 [DEBUG] path_b_bootstrap: BC epoch 5/25 step 101/250 | loss=0.46630 | batch shapes={'tiles': (64, 9, 10, 10), 'numeric': (64, 55), 'action_verb': (64,), 'action_crop': (64,), 'action_hands': (64, 6), 'action_market': (64, 10), 'reward': (64,), 'next_tiles': (64, 9, 10, 10), 'next_numeric': (64, 55), 'done': (64,), 'weights': (64,)}
2026-08-30 05:43:53,577 [DEBUG] path_b_bootstrap: BC epoch 5/25 step 151/250 | loss=0.53677 | batch shapes={'tiles': (64, 9, 10, 10), 'numeric': (64, 55), 'action_verb': (64,), 'action_crop': (64,), 'action_hands': (64, 6), 'action_market': (64, 10), 'reward': (64,), 'next_tiles': (64, 9, 10, 10), 'next_numeric': (64, 55), 'done': (64,), 'weights': (64,)}
2026-08-30 05:43:55,152 [DEBUG] path_b_bootstrap: BC epoch 5/25 step 201/250 | loss=0.50186 | batch shapes={'tiles': (64, 9, 10, 10), 'numeric': (64, 55), 'action_verb': (64,), 'action_crop': (64,), 'action_hands': (64, 6), 'action_market': (64, 10), 'reward': (64,), 'next_tiles': (64, 9, 10, 10), 'next_numeric': (64, 55), 'done': (64,), 'weights': (64,)}
2026-08-30 05:43:56,613 [DEBUG] path_b_bootstrap: BC epoch 5/25 step 250/250 | loss=0.46659 | batch shapes={'tiles': (64, 9, 10, 10), 'numeric': (64, 55), 'action_verb': (64,), 'action_crop': (64,), 'action_hands': (64, 6), 'action_market': (64, 10), 'reward': (64,), 'next_tiles': (64, 9, 10, 10), 'next_numeric': (64, 55), 'done': (64,), 'weights': (64,)}
2026-08-30 05:43:56,613 [INFO] path_b_bootstrap: BC epoch 5/25 | avg loss: 0.50715
2026-08-30 05:43:56,644 [DEBUG] path_b_bootstrap: BC epoch 6/25 step 1/250 | loss=0.54080 | batch shapes={'tiles': (64, 9, 10, 10), 'numeric': (64, 55), 'action_verb': (64,), 'action_crop': (64,), 'action_hands': (64, 6), 'action_market': (64, 10), 'reward': (64,), 'next_tiles': (64, 9, 10, 10), 'next_numeric': (64, 55), 'done': (64,), 'weights': (64,)}
2026-08-30 05:43:56,674 [DEBUG] path_b_bootstrap: BC epoch 6/25 step 2/250 | loss=0.47056 | batch shapes={'tiles': (64, 9, 10, 10), 'numeric': (64, 55), 'action_verb': (64,), 'action_crop': (64,), 'action_hands': (64, 6), 'action_market': (64, 10), 'reward': (64,), 'next_tiles': (64, 9, 10, 10), 'next_numeric': (64, 55), 'done': (64,), 'weights': (64,)}
2026-08-30 05:43:56,707 [DEBUG] path_b_bootstrap: BC epoch 6/25 step 3/250 | loss=0.47922 | batch shapes={'tiles': (64, 9, 10, 10), 'numeric': (64, 55), 'action_verb': (64,), 'action_crop': (64,), 'action_hands': (64, 6), 'action_market': (64, 10), 'reward': (64,), 'next_tiles': (64, 9, 10, 10), 'next_numeric': (64, 55), 'done': (64,), 'weights': (64,)}
2026-08-30 05:43:58,169 [DEBUG] path_b_bootstrap: BC epoch 6/25 step 51/250 | loss=0.48397 | batch shapes={'tiles': (64, 9, 10, 10), 'numeric': (64, 55), 'action_verb': (64,), 'action_crop': (64,), 'action_hands': (64, 6), 'action_market': (64, 10), 'reward': (64,), 'next_tiles': (64, 9, 10, 10), 'next_numeric': (64, 55), 'done': (64,), 'weights': (64,)}
2026-08-30 05:43:59,654 [DEBUG] path_b_bootstrap: BC epoch 6/25 step 101/250 | loss=0.35863 | batch shapes={'tiles': (64, 9, 10, 10), 'numeric': (64, 55), 'action_verb': (64,), 'action_crop': (64,), 'action_hands': (64, 6), 'action_market': (64, 10), 'reward': (64,), 'next_tiles': (64, 9, 10, 10), 'next_numeric': (64, 55), 'done': (64,), 'weights': (64,)}
2026-08-30 05:44:01,216 [DEBUG] path_b_bootstrap: BC epoch 6/25 step 151/250 | loss=0.44103 | batch shapes={'tiles': (64, 9, 10, 10), 'numeric': (64, 55), 'action_verb': (64,), 'action_crop': (64,), 'action_hands': (64, 6), 'action_market': (64, 10), 'reward': (64,), 'next_tiles': (64, 9, 10, 10), 'next_numeric': (64, 55), 'done': (64,), 'weights': (64,)}
2026-08-30 05:44:02,740 [DEBUG] path_b_bootstrap: BC epoch 6/25 step 201/250 | loss=0.48468 | batch shapes={'tiles': (64, 9, 10, 10), 'numeric': (64, 55), 'action_verb': (64,), 'action_crop': (64,), 'action_hands': (64, 6), 'action_market': (64, 10), 'reward': (64,), 'next_tiles': (64, 9, 10, 10), 'next_numeric': (64, 55), 'done': (64,), 'weights': (64,)}
2026-08-30 05:44:04,245 [DEBUG] path_b_bootstrap: BC epoch 6/25 step 250/250 | loss=0.46732 | batch shapes={'tiles': (64, 9, 10, 10), 'numeric': (64, 55), 'action_verb': (64,), 'action_crop': (64,), 'action_hands': (64, 6), 'action_market': (64, 10), 'reward': (64,), 'next_tiles': (64, 9, 10, 10), 'next_numeric': (64, 55), 'done': (64,), 'weights': (64,)}
2026-08-30 05:44:04,245 [INFO] path_b_bootstrap: BC epoch 6/25 | avg loss: 0.47255
2026-08-30 05:44:04,274 [DEBUG] path_b_bootstrap: BC epoch 7/25 step 1/250 | loss=0.49425 | batch shapes={'tiles': (64, 9, 10, 10), 'numeric': (64, 55), 'action_verb': (64,), 'action_crop': (64,), 'action_hands': (64, 6), 'action_market': (64, 10), 'reward': (64,), 'next_tiles': (64, 9, 10, 10), 'next_numeric': (64, 55), 'done': (64,), 'weights': (64,)}
2026-08-30 05:44:04,306 [DEBUG] path_b_bootstrap: BC epoch 7/25 step 2/250 | loss=0.42259 | batch shapes={'tiles': (64, 9, 10, 10), 'numeric': (64, 55), 'action_verb': (64,), 'action_crop': (64,), 'action_hands': (64, 6), 'action_market': (64, 10), 'reward': (64,), 'next_tiles': (64, 9, 10, 10), 'next_numeric': (64, 55), 'done': (64,), 'weights': (64,)}
2026-08-30 05:44:04,336 [DEBUG] path_b_bootstrap: BC epoch 7/25 step 3/250 | loss=0.49132 | batch shapes={'tiles': (64, 9, 10, 10), 'numeric': (64, 55), 'action_verb': (64,), 'action_crop': (64,), 'action_hands': (64, 6), 'action_market': (64, 10), 'reward': (64,), 'next_tiles': (64, 9, 10, 10), 'next_numeric': (64, 55), 'done': (64,), 'weights': (64,)}
2026-08-30 05:44:05,839 [DEBUG] path_b_bootstrap: BC epoch 7/25 step 51/250 | loss=0.49631 | batch shapes={'tiles': (64, 9, 10, 10), 'numeric': (64, 55), 'action_verb': (64,), 'action_crop': (64,), 'action_hands': (64, 6), 'action_market': (64, 10), 'reward': (64,), 'next_tiles': (64, 9, 10, 10), 'next_numeric': (64, 55), 'done': (64,), 'weights': (64,)}
2026-08-30 05:44:07,392 [DEBUG] path_b_bootstrap: BC epoch 7/25 step 101/250 | loss=0.46976 | batch shapes={'tiles': (64, 9, 10, 10), 'numeric': (64, 55), 'action_verb': (64,), 'action_crop': (64,), 'action_hands': (64, 6), 'action_market': (64, 10), 'reward': (64,), 'next_tiles': (64, 9, 10, 10), 'next_numeric': (64, 55), 'done': (64,), 'weights': (64,)}
2026-08-30 05:44:08,931 [DEBUG] path_b_bootstrap: BC epoch 7/25 step 151/250 | loss=0.41887 | batch shapes={'tiles': (64, 9, 10, 10), 'numeric': (64, 55), 'action_verb': (64,), 'action_crop': (64,), 'action_hands': (64, 6), 'action_market': (64, 10), 'reward': (64,), 'next_tiles': (64, 9, 10, 10), 'next_numeric': (64, 55), 'done': (64,), 'weights': (64,)}
2026-08-30 05:44:10,474 [DEBUG] path_b_bootstrap: BC epoch 7/25 step 201/250 | loss=0.45045 | batch shapes={'tiles': (64, 9, 10, 10), 'numeric': (64, 55), 'action_verb': (64,), 'action_crop': (64,), 'action_hands': (64, 6), 'action_market': (64, 10), 'reward': (64,), 'next_tiles': (64, 9, 10, 10), 'next_numeric': (64, 55), 'done': (64,), 'weights': (64,)}
2026-08-30 05:44:11,963 [DEBUG] path_b_bootstrap: BC epoch 7/25 step 250/250 | loss=0.40215 | batch shapes={'tiles': (64, 9, 10, 10), 'numeric': (64, 55), 'action_verb': (64,), 'action_crop': (64,), 'action_hands': (64, 6), 'action_market': (64, 10), 'reward': (64,), 'next_tiles': (64, 9, 10, 10), 'next_numeric': (64, 55), 'done': (64,), 'weights': (64,)}
2026-08-30 05:44:11,963 [INFO] path_b_bootstrap: BC epoch 7/25 | avg loss: 0.43822
2026-08-30 05:44:11,995 [DEBUG] path_b_bootstrap: BC epoch 8/25 step 1/250 | loss=0.40859 | batch shapes={'tiles': (64, 9, 10, 10), 'numeric': (64, 55), 'action_verb': (64,), 'action_crop': (64,), 'action_hands': (64, 6), 'action_market': (64, 10), 'reward': (64,), 'next_tiles': (64, 9, 10, 10), 'next_numeric': (64, 55), 'done': (64,), 'weights': (64,)}
2026-08-30 05:44:12,023 [DEBUG] path_b_bootstrap: BC epoch 8/25 step 2/250 | loss=0.40814 | batch shapes={'tiles': (64, 9, 10, 10), 'numeric': (64, 55), 'action_verb': (64,), 'action_crop': (64,), 'action_hands': (64, 6), 'action_market': (64, 10), 'reward': (64,), 'next_tiles': (64, 9, 10, 10), 'next_numeric': (64, 55), 'done': (64,), 'weights': (64,)}
2026-08-30 05:44:12,055 [DEBUG] path_b_bootstrap: BC epoch 8/25 step 3/250 | loss=0.43609 | batch shapes={'tiles': (64, 9, 10, 10), 'numeric': (64, 55), 'action_verb': (64,), 'action_crop': (64,), 'action_hands': (64, 6), 'action_market': (64, 10), 'reward': (64,), 'next_tiles': (64, 9, 10, 10), 'next_numeric': (64, 55), 'done': (64,), 'weights': (64,)}
2026-08-30 05:44:13,562 [DEBUG] path_b_bootstrap: BC epoch 8/25 step 51/250 | loss=0.41034 | batch shapes={'tiles': (64, 9, 10, 10), 'numeric': (64, 55), 'action_verb': (64,), 'action_crop': (64,), 'action_hands': (64, 6), 'action_market': (64, 10), 'reward': (64,), 'next_tiles': (64, 9, 10, 10), 'next_numeric': (64, 55), 'done': (64,), 'weights': (64,)}
2026-08-30 05:44:15,081 [DEBUG] path_b_bootstrap: BC epoch 8/25 step 101/250 | loss=0.37658 | batch shapes={'tiles': (64, 9, 10, 10), 'numeric': (64, 55), 'action_verb': (64,), 'action_crop': (64,), 'action_hands': (64, 6), 'action_market': (64, 10), 'reward': (64,), 'next_tiles': (64, 9, 10, 10), 'next_numeric': (64, 55), 'done': (64,), 'weights': (64,)}
2026-08-30 05:44:16,624 [DEBUG] path_b_bootstrap: BC epoch 8/25 step 151/250 | loss=0.38688 | batch shapes={'tiles': (64, 9, 10, 10), 'numeric': (64, 55), 'action_verb': (64,), 'action_crop': (64,), 'action_hands': (64, 6), 'action_market': (64, 10), 'reward': (64,), 'next_tiles': (64, 9, 10, 10), 'next_numeric': (64, 55), 'done': (64,), 'weights': (64,)}
2026-08-30 05:44:18,127 [DEBUG] path_b_bootstrap: BC epoch 8/25 step 201/250 | loss=0.46617 | batch shapes={'tiles': (64, 9, 10, 10), 'numeric': (64, 55), 'action_verb': (64,), 'action_crop': (64,), 'action_hands': (64, 6), 'action_market': (64, 10), 'reward': (64,), 'next_tiles': (64, 9, 10, 10), 'next_numeric': (64, 55), 'done': (64,), 'weights': (64,)}
2026-08-30 05:44:19,611 [DEBUG] path_b_bootstrap: BC epoch 8/25 step 250/250 | loss=0.39410 | batch shapes={'tiles': (64, 9, 10, 10), 'numeric': (64, 55), 'action_verb': (64,), 'action_crop': (64,), 'action_hands': (64, 6), 'action_market': (64, 10), 'reward': (64,), 'next_tiles': (64, 9, 10, 10), 'next_numeric': (64, 55), 'done': (64,), 'weights': (64,)}
2026-08-30 05:44:19,611 [INFO] path_b_bootstrap: BC epoch 8/25 | avg loss: 0.41096
2026-08-30 05:44:19,642 [DEBUG] path_b_bootstrap: BC epoch 9/25 step 1/250 | loss=0.40622 | batch shapes={'tiles': (64, 9, 10, 10), 'numeric': (64, 55), 'action_verb': (64,), 'action_crop': (64,), 'action_hands': (64, 6), 'action_market': (64, 10), 'reward': (64,), 'next_tiles': (64, 9, 10, 10), 'next_numeric': (64, 55), 'done': (64,), 'weights': (64,)}
2026-08-30 05:44:19,676 [DEBUG] path_b_bootstrap: BC epoch 9/25 step 2/250 | loss=0.43296 | batch shapes={'tiles': (64, 9, 10, 10), 'numeric': (64, 55), 'action_verb': (64,), 'action_crop': (64,), 'action_hands': (64, 6), 'action_market': (64, 10), 'reward': (64,), 'next_tiles': (64, 9, 10, 10), 'next_numeric': (64, 55), 'done': (64,), 'weights': (64,)}
2026-08-30 05:44:19,707 [DEBUG] path_b_bootstrap: BC epoch 9/25 step 3/250 | loss=0.40609 | batch shapes={'tiles': (64, 9, 10, 10), 'numeric': (64, 55), 'action_verb': (64,), 'action_crop': (64,), 'action_hands': (64, 6), 'action_market': (64, 10), 'reward': (64,), 'next_tiles': (64, 9, 10, 10), 'next_numeric': (64, 55), 'done': (64,), 'weights': (64,)}
2026-08-30 05:44:21,190 [DEBUG] path_b_bootstrap: BC epoch 9/25 step 51/250 | loss=0.35723 | batch shapes={'tiles': (64, 9, 10, 10), 'numeric': (64, 55), 'action_verb': (64,), 'action_crop': (64,), 'action_hands': (64, 6), 'action_market': (64, 10), 'reward': (64,), 'next_tiles': (64, 9, 10, 10), 'next_numeric': (64, 55), 'done': (64,), 'weights': (64,)}
2026-08-30 05:44:22,647 [DEBUG] path_b_bootstrap: BC epoch 9/25 step 101/250 | loss=0.35083 | batch shapes={'tiles': (64, 9, 10, 10), 'numeric': (64, 55), 'action_verb': (64,), 'action_crop': (64,), 'action_hands': (64, 6), 'action_market': (64, 10), 'reward': (64,), 'next_tiles': (64, 9, 10, 10), 'next_numeric': (64, 55), 'done': (64,), 'weights': (64,)}
2026-08-30 05:44:24,162 [DEBUG] path_b_bootstrap: BC epoch 9/25 step 151/250 | loss=0.36270 | batch shapes={'tiles': (64, 9, 10, 10), 'numeric': (64, 55), 'action_verb': (64,), 'action_crop': (64,), 'action_hands': (64, 6), 'action_market': (64, 10), 'reward': (64,), 'next_tiles': (64, 9, 10, 10), 'next_numeric': (64, 55), 'done': (64,), 'weights': (64,)}
2026-08-30 05:44:25,678 [DEBUG] path_b_bootstrap: BC epoch 9/25 step 201/250 | loss=0.38162 | batch shapes={'tiles': (64, 9, 10, 10), 'numeric': (64, 55), 'action_verb': (64,), 'action_crop': (64,), 'action_hands': (64, 6), 'action_market': (64, 10), 'reward': (64,), 'next_tiles': (64, 9, 10, 10), 'next_numeric': (64, 55), 'done': (64,), 'weights': (64,)}
2026-08-30 05:44:27,153 [DEBUG] path_b_bootstrap: BC epoch 9/25 step 250/250 | loss=0.40096 | batch shapes={'tiles': (64, 9, 10, 10), 'numeric': (64, 55), 'action_verb': (64,), 'action_crop': (64,), 'action_hands': (64, 6), 'action_market': (64, 10), 'reward': (64,), 'next_tiles': (64, 9, 10, 10), 'next_numeric': (64, 55), 'done': (64,), 'weights': (64,)}
2026-08-30 05:44:27,153 [INFO] path_b_bootstrap: BC epoch 9/25 | avg loss: 0.38157
2026-08-30 05:44:27,183 [DEBUG] path_b_bootstrap: BC epoch 10/25 step 1/250 | loss=0.35443 | batch shapes={'tiles': (64, 9, 10, 10), 'numeric': (64, 55), 'action_verb': (64,), 'action_crop': (64,), 'action_hands': (64, 6), 'action_market': (64, 10), 'reward': (64,), 'next_tiles': (64, 9, 10, 10), 'next_numeric': (64, 55), 'done': (64,), 'weights': (64,)}
2026-08-30 05:44:27,213 [DEBUG] path_b_bootstrap: BC epoch 10/25 step 2/250 | loss=0.28850 | batch shapes={'tiles': (64, 9, 10, 10), 'numeric': (64, 55), 'action_verb': (64,), 'action_crop': (64,), 'action_hands': (64, 6), 'action_market': (64, 10), 'reward': (64,), 'next_tiles': (64, 9, 10, 10), 'next_numeric': (64, 55), 'done': (64,), 'weights': (64,)}
2026-08-30 05:44:27,241 [DEBUG] path_b_bootstrap: BC epoch 10/25 step 3/250 | loss=0.36119 | batch shapes={'tiles': (64, 9, 10, 10), 'numeric': (64, 55), 'action_verb': (64,), 'action_crop': (64,), 'action_hands': (64, 6), 'action_market': (64, 10), 'reward': (64,), 'next_tiles': (64, 9, 10, 10), 'next_numeric': (64, 55), 'done': (64,), 'weights': (64,)}
2026-08-30 05:44:28,661 [DEBUG] path_b_bootstrap: BC epoch 10/25 step 51/250 | loss=0.36610 | batch shapes={'tiles': (64, 9, 10, 10), 'numeric': (64, 55), 'action_verb': (64,), 'action_crop': (64,), 'action_hands': (64, 6), 'action_market': (64, 10), 'reward': (64,), 'next_tiles': (64, 9, 10, 10), 'next_numeric': (64, 55), 'done': (64,), 'weights': (64,)}
2026-08-30 05:44:30,192 [DEBUG] path_b_bootstrap: BC epoch 10/25 step 101/250 | loss=0.35883 | batch shapes={'tiles': (64, 9, 10, 10), 'numeric': (64, 55), 'action_verb': (64,), 'action_crop': (64,), 'action_hands': (64, 6), 'action_market': (64, 10), 'reward': (64,), 'next_tiles': (64, 9, 10, 10), 'next_numeric': (64, 55), 'done': (64,), 'weights': (64,)}
2026-08-30 05:44:31,708 [DEBUG] path_b_bootstrap: BC epoch 10/25 step 151/250 | loss=0.31211 | batch shapes={'tiles': (64, 9, 10, 10), 'numeric': (64, 55), 'action_verb': (64,), 'action_crop': (64,), 'action_hands': (64, 6), 'action_market': (64, 10), 'reward': (64,), 'next_tiles': (64, 9, 10, 10), 'next_numeric': (64, 55), 'done': (64,), 'weights': (64,)}
2026-08-30 05:44:33,224 [DEBUG] path_b_bootstrap: BC epoch 10/25 step 201/250 | loss=0.37296 | batch shapes={'tiles': (64, 9, 10, 10), 'numeric': (64, 55), 'action_verb': (64,), 'action_crop': (64,), 'action_hands': (64, 6), 'action_market': (64, 10), 'reward': (64,), 'next_tiles': (64, 9, 10, 10), 'next_numeric': (64, 55), 'done': (64,), 'weights': (64,)}
2026-08-30 05:44:34,671 [DEBUG] path_b_bootstrap: BC epoch 10/25 step 250/250 | loss=0.31049 | batch shapes={'tiles': (64, 9, 10, 10), 'numeric': (64, 55), 'action_verb': (64,), 'action_crop': (64,), 'action_hands': (64, 6), 'action_market': (64, 10), 'reward': (64,), 'next_tiles': (64, 9, 10, 10), 'next_numeric': (64, 55), 'done': (64,), 'weights': (64,)}
2026-08-30 05:44:34,671 [INFO] path_b_bootstrap: BC epoch 10/25 | avg loss: 0.36427
2026-08-30 05:44:34,703 [DEBUG] path_b_bootstrap: BC epoch 11/25 step 1/250 | loss=0.45314 | batch shapes={'tiles': (64, 9, 10, 10), 'numeric': (64, 55), 'action_verb': (64,), 'action_crop': (64,), 'action_hands': (64, 6), 'action_market': (64, 10), 'reward': (64,), 'next_tiles': (64, 9, 10, 10), 'next_numeric': (64, 55), 'done': (64,), 'weights': (64,)}
2026-08-30 05:44:34,734 [DEBUG] path_b_bootstrap: BC epoch 11/25 step 2/250 | loss=0.38187 | batch shapes={'tiles': (64, 9, 10, 10), 'numeric': (64, 55), 'action_verb': (64,), 'action_crop': (64,), 'action_hands': (64, 6), 'action_market': (64, 10), 'reward': (64,), 'next_tiles': (64, 9, 10, 10), 'next_numeric': (64, 55), 'done': (64,), 'weights': (64,)}
2026-08-30 05:44:34,765 [DEBUG] path_b_bootstrap: BC epoch 11/25 step 3/250 | loss=0.37804 | batch shapes={'tiles': (64, 9, 10, 10), 'numeric': (64, 55), 'action_verb': (64,), 'action_crop': (64,), 'action_hands': (64, 6), 'action_market': (64, 10), 'reward': (64,), 'next_tiles': (64, 9, 10, 10), 'next_numeric': (64, 55), 'done': (64,), 'weights': (64,)}
2026-08-30 05:44:36,197 [DEBUG] path_b_bootstrap: BC epoch 11/25 step 51/250 | loss=0.37439 | batch shapes={'tiles': (64, 9, 10, 10), 'numeric': (64, 55), 'action_verb': (64,), 'action_crop': (64,), 'action_hands': (64, 6), 'action_market': (64, 10), 'reward': (64,), 'next_tiles': (64, 9, 10, 10), 'next_numeric': (64, 55), 'done': (64,), 'weights': (64,)}
2026-08-30 05:44:37,735 [DEBUG] path_b_bootstrap: BC epoch 11/25 step 101/250 | loss=0.32931 | batch shapes={'tiles': (64, 9, 10, 10), 'numeric': (64, 55), 'action_verb': (64,), 'action_crop': (64,), 'action_hands': (64, 6), 'action_market': (64, 10), 'reward': (64,), 'next_tiles': (64, 9, 10, 10), 'next_numeric': (64, 55), 'done': (64,), 'weights': (64,)}
2026-08-30 05:44:39,241 [DEBUG] path_b_bootstrap: BC epoch 11/25 step 151/250 | loss=0.37487 | batch shapes={'tiles': (64, 9, 10, 10), 'numeric': (64, 55), 'action_verb': (64,), 'action_crop': (64,), 'action_hands': (64, 6), 'action_market': (64, 10), 'reward': (64,), 'next_tiles': (64, 9, 10, 10), 'next_numeric': (64, 55), 'done': (64,), 'weights': (64,)}
2026-08-30 05:44:40,771 [DEBUG] path_b_bootstrap: BC epoch 11/25 step 201/250 | loss=0.37326 | batch shapes={'tiles': (64, 9, 10, 10), 'numeric': (64, 55), 'action_verb': (64,), 'action_crop': (64,), 'action_hands': (64, 6), 'action_market': (64, 10), 'reward': (64,), 'next_tiles': (64, 9, 10, 10), 'next_numeric': (64, 55), 'done': (64,), 'weights': (64,)}
2026-08-30 05:44:42,226 [DEBUG] path_b_bootstrap: BC epoch 11/25 step 250/250 | loss=0.36766 | batch shapes={'tiles': (64, 9, 10, 10), 'numeric': (64, 55), 'action_verb': (64,), 'action_crop': (64,), 'action_hands': (64, 6), 'action_market': (64, 10), 'reward': (64,), 'next_tiles': (64, 9, 10, 10), 'next_numeric': (64, 55), 'done': (64,), 'weights': (64,)}
2026-08-30 05:44:42,226 [INFO] path_b_bootstrap: BC epoch 11/25 | avg loss: 0.34704
2026-08-30 05:44:42,255 [DEBUG] path_b_bootstrap: BC epoch 12/25 step 1/250 | loss=0.33545 | batch shapes={'tiles': (64, 9, 10, 10), 'numeric': (64, 55), 'action_verb': (64,), 'action_crop': (64,), 'action_hands': (64, 6), 'action_market': (64, 10), 'reward': (64,), 'next_tiles': (64, 9, 10, 10), 'next_numeric': (64, 55), 'done': (64,), 'weights': (64,)}
2026-08-30 05:44:42,283 [DEBUG] path_b_bootstrap: BC epoch 12/25 step 2/250 | loss=0.38011 | batch shapes={'tiles': (64, 9, 10, 10), 'numeric': (64, 55), 'action_verb': (64,), 'action_crop': (64,), 'action_hands': (64, 6), 'action_market': (64, 10), 'reward': (64,), 'next_tiles': (64, 9, 10, 10), 'next_numeric': (64, 55), 'done': (64,), 'weights': (64,)}
2026-08-30 05:44:42,314 [DEBUG] path_b_bootstrap: BC epoch 12/25 step 3/250 | loss=0.32351 | batch shapes={'tiles': (64, 9, 10, 10), 'numeric': (64, 55), 'action_verb': (64,), 'action_crop': (64,), 'action_hands': (64, 6), 'action_market': (64, 10), 'reward': (64,), 'next_tiles': (64, 9, 10, 10), 'next_numeric': (64, 55), 'done': (64,), 'weights': (64,)}
2026-08-30 05:44:43,780 [DEBUG] path_b_bootstrap: BC epoch 12/25 step 51/250 | loss=0.36408 | batch shapes={'tiles': (64, 9, 10, 10), 'numeric': (64, 55), 'action_verb': (64,), 'action_crop': (64,), 'action_hands': (64, 6), 'action_market': (64, 10), 'reward': (64,), 'next_tiles': (64, 9, 10, 10), 'next_numeric': (64, 55), 'done': (64,), 'weights': (64,)}
2026-08-30 05:44:45,312 [DEBUG] path_b_bootstrap: BC epoch 12/25 step 101/250 | loss=0.29294 | batch shapes={'tiles': (64, 9, 10, 10), 'numeric': (64, 55), 'action_verb': (64,), 'action_crop': (64,), 'action_hands': (64, 6), 'action_market': (64, 10), 'reward': (64,), 'next_tiles': (64, 9, 10, 10), 'next_numeric': (64, 55), 'done': (64,), 'weights': (64,)}
2026-08-30 05:44:46,830 [DEBUG] path_b_bootstrap: BC epoch 12/25 step 151/250 | loss=0.29274 | batch shapes={'tiles': (64, 9, 10, 10), 'numeric': (64, 55), 'action_verb': (64,), 'action_crop': (64,), 'action_hands': (64, 6), 'action_market': (64, 10), 'reward': (64,), 'next_tiles': (64, 9, 10, 10), 'next_numeric': (64, 55), 'done': (64,), 'weights': (64,)}
2026-08-30 05:44:48,298 [DEBUG] path_b_bootstrap: BC epoch 12/25 step 201/250 | loss=0.37714 | batch shapes={'tiles': (64, 9, 10, 10), 'numeric': (64, 55), 'action_verb': (64,), 'action_crop': (64,), 'action_hands': (64, 6), 'action_market': (64, 10), 'reward': (64,), 'next_tiles': (64, 9, 10, 10), 'next_numeric': (64, 55), 'done': (64,), 'weights': (64,)}
2026-08-30 05:44:49,762 [DEBUG] path_b_bootstrap: BC epoch 12/25 step 250/250 | loss=0.32859 | batch shapes={'tiles': (64, 9, 10, 10), 'numeric': (64, 55), 'action_verb': (64,), 'action_crop': (64,), 'action_hands': (64, 6), 'action_market': (64, 10), 'reward': (64,), 'next_tiles': (64, 9, 10, 10), 'next_numeric': (64, 55), 'done': (64,), 'weights': (64,)}
2026-08-30 05:44:49,762 [INFO] path_b_bootstrap: BC epoch 12/25 | avg loss: 0.32992
2026-08-30 05:44:49,794 [DEBUG] path_b_bootstrap: BC epoch 13/25 step 1/250 | loss=0.30310 | batch shapes={'tiles': (64, 9, 10, 10), 'numeric': (64, 55), 'action_verb': (64,), 'action_crop': (64,), 'action_hands': (64, 6), 'action_market': (64, 10), 'reward': (64,), 'next_tiles': (64, 9, 10, 10), 'next_numeric': (64, 55), 'done': (64,), 'weights': (64,)}
2026-08-30 05:44:49,825 [DEBUG] path_b_bootstrap: BC epoch 13/25 step 2/250 | loss=0.31173 | batch shapes={'tiles': (64, 9, 10, 10), 'numeric': (64, 55), 'action_verb': (64,), 'action_crop': (64,), 'action_hands': (64, 6), 'action_market': (64, 10), 'reward': (64,), 'next_tiles': (64, 9, 10, 10), 'next_numeric': (64, 55), 'done': (64,), 'weights': (64,)}
2026-08-30 05:44:49,857 [DEBUG] path_b_bootstrap: BC epoch 13/25 step 3/250 | loss=0.38970 | batch shapes={'tiles': (64, 9, 10, 10), 'numeric': (64, 55), 'action_verb': (64,), 'action_crop': (64,), 'action_hands': (64, 6), 'action_market': (64, 10), 'reward': (64,), 'next_tiles': (64, 9, 10, 10), 'next_numeric': (64, 55), 'done': (64,), 'weights': (64,)}
2026-08-30 05:44:51,343 [DEBUG] path_b_bootstrap: BC epoch 13/25 step 51/250 | loss=0.34240 | batch shapes={'tiles': (64, 9, 10, 10), 'numeric': (64, 55), 'action_verb': (64,), 'action_crop': (64,), 'action_hands': (64, 6), 'action_market': (64, 10), 'reward': (64,), 'next_tiles': (64, 9, 10, 10), 'next_numeric': (64, 55), 'done': (64,), 'weights': (64,)}
2026-08-30 05:44:52,900 [DEBUG] path_b_bootstrap: BC epoch 13/25 step 101/250 | loss=0.28536 | batch shapes={'tiles': (64, 9, 10, 10), 'numeric': (64, 55), 'action_verb': (64,), 'action_crop': (64,), 'action_hands': (64, 6), 'action_market': (64, 10), 'reward': (64,), 'next_tiles': (64, 9, 10, 10), 'next_numeric': (64, 55), 'done': (64,), 'weights': (64,)}
2026-08-30 05:44:54,448 [DEBUG] path_b_bootstrap: BC epoch 13/25 step 151/250 | loss=0.25629 | batch shapes={'tiles': (64, 9, 10, 10), 'numeric': (64, 55), 'action_verb': (64,), 'action_crop': (64,), 'action_hands': (64, 6), 'action_market': (64, 10), 'reward': (64,), 'next_tiles': (64, 9, 10, 10), 'next_numeric': (64, 55), 'done': (64,), 'weights': (64,)}
2026-08-30 05:44:56,023 [DEBUG] path_b_bootstrap: BC epoch 13/25 step 201/250 | loss=0.32789 | batch shapes={'tiles': (64, 9, 10, 10), 'numeric': (64, 55), 'action_verb': (64,), 'action_crop': (64,), 'action_hands': (64, 6), 'action_market': (64, 10), 'reward': (64,), 'next_tiles': (64, 9, 10, 10), 'next_numeric': (64, 55), 'done': (64,), 'weights': (64,)}
2026-08-30 05:44:57,553 [DEBUG] path_b_bootstrap: BC epoch 13/25 step 250/250 | loss=0.31753 | batch shapes={'tiles': (64, 9, 10, 10), 'numeric': (64, 55), 'action_verb': (64,), 'action_crop': (64,), 'action_hands': (64, 6), 'action_market': (64, 10), 'reward': (64,), 'next_tiles': (64, 9, 10, 10), 'next_numeric': (64, 55), 'done': (64,), 'weights': (64,)}
2026-08-30 05:44:57,553 [INFO] path_b_bootstrap: BC epoch 13/25 | avg loss: 0.31886
2026-08-30 05:44:57,582 [DEBUG] path_b_bootstrap: BC epoch 14/25 step 1/250 | loss=0.31851 | batch shapes={'tiles': (64, 9, 10, 10), 'numeric': (64, 55), 'action_verb': (64,), 'action_crop': (64,), 'action_hands': (64, 6), 'action_market': (64, 10), 'reward': (64,), 'next_tiles': (64, 9, 10, 10), 'next_numeric': (64, 55), 'done': (64,), 'weights': (64,)}
2026-08-30 05:44:57,612 [DEBUG] path_b_bootstrap: BC epoch 14/25 step 2/250 | loss=0.34516 | batch shapes={'tiles': (64, 9, 10, 10), 'numeric': (64, 55), 'action_verb': (64,), 'action_crop': (64,), 'action_hands': (64, 6), 'action_market': (64, 10), 'reward': (64,), 'next_tiles': (64, 9, 10, 10), 'next_numeric': (64, 55), 'done': (64,), 'weights': (64,)}
2026-08-30 05:44:57,642 [DEBUG] path_b_bootstrap: BC epoch 14/25 step 3/250 | loss=0.28252 | batch shapes={'tiles': (64, 9, 10, 10), 'numeric': (64, 55), 'action_verb': (64,), 'action_crop': (64,), 'action_hands': (64, 6), 'action_market': (64, 10), 'reward': (64,), 'next_tiles': (64, 9, 10, 10), 'next_numeric': (64, 55), 'done': (64,), 'weights': (64,)}
2026-08-30 05:44:59,111 [DEBUG] path_b_bootstrap: BC epoch 14/25 step 51/250 | loss=0.40411 | batch shapes={'tiles': (64, 9, 10, 10), 'numeric': (64, 55), 'action_verb': (64,), 'action_crop': (64,), 'action_hands': (64, 6), 'action_market': (64, 10), 'reward': (64,), 'next_tiles': (64, 9, 10, 10), 'next_numeric': (64, 55), 'done': (64,), 'weights': (64,)}
2026-08-30 05:45:00,655 [DEBUG] path_b_bootstrap: BC epoch 14/25 step 101/250 | loss=0.28312 | batch shapes={'tiles': (64, 9, 10, 10), 'numeric': (64, 55), 'action_verb': (64,), 'action_crop': (64,), 'action_hands': (64, 6), 'action_market': (64, 10), 'reward': (64,), 'next_tiles': (64, 9, 10, 10), 'next_numeric': (64, 55), 'done': (64,), 'weights': (64,)}
2026-08-30 05:45:02,190 [DEBUG] path_b_bootstrap: BC epoch 14/25 step 151/250 | loss=0.36502 | batch shapes={'tiles': (64, 9, 10, 10), 'numeric': (64, 55), 'action_verb': (64,), 'action_crop': (64,), 'action_hands': (64, 6), 'action_market': (64, 10), 'reward': (64,), 'next_tiles': (64, 9, 10, 10), 'next_numeric': (64, 55), 'done': (64,), 'weights': (64,)}
2026-08-30 05:45:03,691 [DEBUG] path_b_bootstrap: BC epoch 14/25 step 201/250 | loss=0.35271 | batch shapes={'tiles': (64, 9, 10, 10), 'numeric': (64, 55), 'action_verb': (64,), 'action_crop': (64,), 'action_hands': (64, 6), 'action_market': (64, 10), 'reward': (64,), 'next_tiles': (64, 9, 10, 10), 'next_numeric': (64, 55), 'done': (64,), 'weights': (64,)}
2026-08-30 05:45:05,191 [DEBUG] path_b_bootstrap: BC epoch 14/25 step 250/250 | loss=0.32249 | batch shapes={'tiles': (64, 9, 10, 10), 'numeric': (64, 55), 'action_verb': (64,), 'action_crop': (64,), 'action_hands': (64, 6), 'action_market': (64, 10), 'reward': (64,), 'next_tiles': (64, 9, 10, 10), 'next_numeric': (64, 55), 'done': (64,), 'weights': (64,)}
2026-08-30 05:45:05,191 [INFO] path_b_bootstrap: BC epoch 14/25 | avg loss: 0.30920
2026-08-30 05:45:05,225 [DEBUG] path_b_bootstrap: BC epoch 15/25 step 1/250 | loss=0.30995 | batch shapes={'tiles': (64, 9, 10, 10), 'numeric': (64, 55), 'action_verb': (64,), 'action_crop': (64,), 'action_hands': (64, 6), 'action_market': (64, 10), 'reward': (64,), 'next_tiles': (64, 9, 10, 10), 'next_numeric': (64, 55), 'done': (64,), 'weights': (64,)}
2026-08-30 05:45:05,255 [DEBUG] path_b_bootstrap: BC epoch 15/25 step 2/250 | loss=0.27358 | batch shapes={'tiles': (64, 9, 10, 10), 'numeric': (64, 55), 'action_verb': (64,), 'action_crop': (64,), 'action_hands': (64, 6), 'action_market': (64, 10), 'reward': (64,), 'next_tiles': (64, 9, 10, 10), 'next_numeric': (64, 55), 'done': (64,), 'weights': (64,)}
2026-08-30 05:45:05,287 [DEBUG] path_b_bootstrap: BC epoch 15/25 step 3/250 | loss=0.26675 | batch shapes={'tiles': (64, 9, 10, 10), 'numeric': (64, 55), 'action_verb': (64,), 'action_crop': (64,), 'action_hands': (64, 6), 'action_market': (64, 10), 'reward': (64,), 'next_tiles': (64, 9, 10, 10), 'next_numeric': (64, 55), 'done': (64,), 'weights': (64,)}
2026-08-30 05:45:06,732 [DEBUG] path_b_bootstrap: BC epoch 15/25 step 51/250 | loss=0.18226 | batch shapes={'tiles': (64, 9, 10, 10), 'numeric': (64, 55), 'action_verb': (64,), 'action_crop': (64,), 'action_hands': (64, 6), 'action_market': (64, 10), 'reward': (64,), 'next_tiles': (64, 9, 10, 10), 'next_numeric': (64, 55), 'done': (64,), 'weights': (64,)}
2026-08-30 05:45:08,284 [DEBUG] path_b_bootstrap: BC epoch 15/25 step 101/250 | loss=0.32826 | batch shapes={'tiles': (64, 9, 10, 10), 'numeric': (64, 55), 'action_verb': (64,), 'action_crop': (64,), 'action_hands': (64, 6), 'action_market': (64, 10), 'reward': (64,), 'next_tiles': (64, 9, 10, 10), 'next_numeric': (64, 55), 'done': (64,), 'weights': (64,)}
2026-08-30 05:45:09,814 [DEBUG] path_b_bootstrap: BC epoch 15/25 step 151/250 | loss=0.26326 | batch shapes={'tiles': (64, 9, 10, 10), 'numeric': (64, 55), 'action_verb': (64,), 'action_crop': (64,), 'action_hands': (64, 6), 'action_market': (64, 10), 'reward': (64,), 'next_tiles': (64, 9, 10, 10), 'next_numeric': (64, 55), 'done': (64,), 'weights': (64,)}
2026-08-30 05:45:11,324 [DEBUG] path_b_bootstrap: BC epoch 15/25 step 201/250 | loss=0.26480 | batch shapes={'tiles': (64, 9, 10, 10), 'numeric': (64, 55), 'action_verb': (64,), 'action_crop': (64,), 'action_hands': (64, 6), 'action_market': (64, 10), 'reward': (64,), 'next_tiles': (64, 9, 10, 10), 'next_numeric': (64, 55), 'done': (64,), 'weights': (64,)}
2026-08-30 05:45:12,769 [DEBUG] path_b_bootstrap: BC epoch 15/25 step 250/250 | loss=0.30000 | batch shapes={'tiles': (64, 9, 10, 10), 'numeric': (64, 55), 'action_verb': (64,), 'action_crop': (64,), 'action_hands': (64, 6), 'action_market': (64, 10), 'reward': (64,), 'next_tiles': (64, 9, 10, 10), 'next_numeric': (64, 55), 'done': (64,), 'weights': (64,)}
2026-08-30 05:45:12,769 [INFO] path_b_bootstrap: BC epoch 15/25 | avg loss: 0.29776
2026-08-30 05:45:12,800 [DEBUG] path_b_bootstrap: BC epoch 16/25 step 1/250 | loss=0.25196 | batch shapes={'tiles': (64, 9, 10, 10), 'numeric': (64, 55), 'action_verb': (64,), 'action_crop': (64,), 'action_hands': (64, 6), 'action_market': (64, 10), 'reward': (64,), 'next_tiles': (64, 9, 10, 10), 'next_numeric': (64, 55), 'done': (64,), 'weights': (64,)}
2026-08-30 05:45:12,830 [DEBUG] path_b_bootstrap: BC epoch 16/25 step 2/250 | loss=0.24629 | batch shapes={'tiles': (64, 9, 10, 10), 'numeric': (64, 55), 'action_verb': (64,), 'action_crop': (64,), 'action_hands': (64, 6), 'action_market': (64, 10), 'reward': (64,), 'next_tiles': (64, 9, 10, 10), 'next_numeric': (64, 55), 'done': (64,), 'weights': (64,)}
2026-08-30 05:45:12,859 [DEBUG] path_b_bootstrap: BC epoch 16/25 step 3/250 | loss=0.25699 | batch shapes={'tiles': (64, 9, 10, 10), 'numeric': (64, 55), 'action_verb': (64,), 'action_crop': (64,), 'action_hands': (64, 6), 'action_market': (64, 10), 'reward': (64,), 'next_tiles': (64, 9, 10, 10), 'next_numeric': (64, 55), 'done': (64,), 'weights': (64,)}
2026-08-30 05:45:14,272 [DEBUG] path_b_bootstrap: BC epoch 16/25 step 51/250 | loss=0.28996 | batch shapes={'tiles': (64, 9, 10, 10), 'numeric': (64, 55), 'action_verb': (64,), 'action_crop': (64,), 'action_hands': (64, 6), 'action_market': (64, 10), 'reward': (64,), 'next_tiles': (64, 9, 10, 10), 'next_numeric': (64, 55), 'done': (64,), 'weights': (64,)}
2026-08-30 05:45:15,793 [DEBUG] path_b_bootstrap: BC epoch 16/25 step 101/250 | loss=0.28273 | batch shapes={'tiles': (64, 9, 10, 10), 'numeric': (64, 55), 'action_verb': (64,), 'action_crop': (64,), 'action_hands': (64, 6), 'action_market': (64, 10), 'reward': (64,), 'next_tiles': (64, 9, 10, 10), 'next_numeric': (64, 55), 'done': (64,), 'weights': (64,)}
2026-08-30 05:45:17,267 [DEBUG] path_b_bootstrap: BC epoch 16/25 step 151/250 | loss=0.28845 | batch shapes={'tiles': (64, 9, 10, 10), 'numeric': (64, 55), 'action_verb': (64,), 'action_crop': (64,), 'action_hands': (64, 6), 'action_market': (64, 10), 'reward': (64,), 'next_tiles': (64, 9, 10, 10), 'next_numeric': (64, 55), 'done': (64,), 'weights': (64,)}
2026-08-30 05:45:18,778 [DEBUG] path_b_bootstrap: BC epoch 16/25 step 201/250 | loss=0.29255 | batch shapes={'tiles': (64, 9, 10, 10), 'numeric': (64, 55), 'action_verb': (64,), 'action_crop': (64,), 'action_hands': (64, 6), 'action_market': (64, 10), 'reward': (64,), 'next_tiles': (64, 9, 10, 10), 'next_numeric': (64, 55), 'done': (64,), 'weights': (64,)}
2026-08-30 05:45:20,236 [DEBUG] path_b_bootstrap: BC epoch 16/25 step 250/250 | loss=0.27982 | batch shapes={'tiles': (64, 9, 10, 10), 'numeric': (64, 55), 'action_verb': (64,), 'action_crop': (64,), 'action_hands': (64, 6), 'action_market': (64, 10), 'reward': (64,), 'next_tiles': (64, 9, 10, 10), 'next_numeric': (64, 55), 'done': (64,), 'weights': (64,)}
2026-08-30 05:45:20,236 [INFO] path_b_bootstrap: BC epoch 16/25 | avg loss: 0.28945
2026-08-30 05:45:20,266 [DEBUG] path_b_bootstrap: BC epoch 17/25 step 1/250 | loss=0.29231 | batch shapes={'tiles': (64, 9, 10, 10), 'numeric': (64, 55), 'action_verb': (64,), 'action_crop': (64,), 'action_hands': (64, 6), 'action_market': (64, 10), 'reward': (64,), 'next_tiles': (64, 9, 10, 10), 'next_numeric': (64, 55), 'done': (64,), 'weights': (64,)}
2026-08-30 05:45:20,297 [DEBUG] path_b_bootstrap: BC epoch 17/25 step 2/250 | loss=0.32445 | batch shapes={'tiles': (64, 9, 10, 10), 'numeric': (64, 55), 'action_verb': (64,), 'action_crop': (64,), 'action_hands': (64, 6), 'action_market': (64, 10), 'reward': (64,), 'next_tiles': (64, 9, 10, 10), 'next_numeric': (64, 55), 'done': (64,), 'weights': (64,)}
2026-08-30 05:45:20,329 [DEBUG] path_b_bootstrap: BC epoch 17/25 step 3/250 | loss=0.24415 | batch shapes={'tiles': (64, 9, 10, 10), 'numeric': (64, 55), 'action_verb': (64,), 'action_crop': (64,), 'action_hands': (64, 6), 'action_market': (64, 10), 'reward': (64,), 'next_tiles': (64, 9, 10, 10), 'next_numeric': (64, 55), 'done': (64,), 'weights': (64,)}
2026-08-30 05:45:21,773 [DEBUG] path_b_bootstrap: BC epoch 17/25 step 51/250 | loss=0.27232 | batch shapes={'tiles': (64, 9, 10, 10), 'numeric': (64, 55), 'action_verb': (64,), 'action_crop': (64,), 'action_hands': (64, 6), 'action_market': (64, 10), 'reward': (64,), 'next_tiles': (64, 9, 10, 10), 'next_numeric': (64, 55), 'done': (64,), 'weights': (64,)}
2026-08-30 05:45:23,315 [DEBUG] path_b_bootstrap: BC epoch 17/25 step 101/250 | loss=0.30406 | batch shapes={'tiles': (64, 9, 10, 10), 'numeric': (64, 55), 'action_verb': (64,), 'action_crop': (64,), 'action_hands': (64, 6), 'action_market': (64, 10), 'reward': (64,), 'next_tiles': (64, 9, 10, 10), 'next_numeric': (64, 55), 'done': (64,), 'weights': (64,)}
2026-08-30 05:45:24,847 [DEBUG] path_b_bootstrap: BC epoch 17/25 step 151/250 | loss=0.27348 | batch shapes={'tiles': (64, 9, 10, 10), 'numeric': (64, 55), 'action_verb': (64,), 'action_crop': (64,), 'action_hands': (64, 6), 'action_market': (64, 10), 'reward': (64,), 'next_tiles': (64, 9, 10, 10), 'next_numeric': (64, 55), 'done': (64,), 'weights': (64,)}
2026-08-30 05:45:26,297 [DEBUG] path_b_bootstrap: BC epoch 17/25 step 201/250 | loss=0.24326 | batch shapes={'tiles': (64, 9, 10, 10), 'numeric': (64, 55), 'action_verb': (64,), 'action_crop': (64,), 'action_hands': (64, 6), 'action_market': (64, 10), 'reward': (64,), 'next_tiles': (64, 9, 10, 10), 'next_numeric': (64, 55), 'done': (64,), 'weights': (64,)}
2026-08-30 05:45:27,732 [DEBUG] path_b_bootstrap: BC epoch 17/25 step 250/250 | loss=0.27243 | batch shapes={'tiles': (64, 9, 10, 10), 'numeric': (64, 55), 'action_verb': (64,), 'action_crop': (64,), 'action_hands': (64, 6), 'action_market': (64, 10), 'reward': (64,), 'next_tiles': (64, 9, 10, 10), 'next_numeric': (64, 55), 'done': (64,), 'weights': (64,)}
2026-08-30 05:45:27,732 [INFO] path_b_bootstrap: BC epoch 17/25 | avg loss: 0.27798
2026-08-30 05:45:27,763 [DEBUG] path_b_bootstrap: BC epoch 18/25 step 1/250 | loss=0.22364 | batch shapes={'tiles': (64, 9, 10, 10), 'numeric': (64, 55), 'action_verb': (64,), 'action_crop': (64,), 'action_hands': (64, 6), 'action_market': (64, 10), 'reward': (64,), 'next_tiles': (64, 9, 10, 10), 'next_numeric': (64, 55), 'done': (64,), 'weights': (64,)}
2026-08-30 05:45:27,795 [DEBUG] path_b_bootstrap: BC epoch 18/25 step 2/250 | loss=0.36085 | batch shapes={'tiles': (64, 9, 10, 10), 'numeric': (64, 55), 'action_verb': (64,), 'action_crop': (64,), 'action_hands': (64, 6), 'action_market': (64, 10), 'reward': (64,), 'next_tiles': (64, 9, 10, 10), 'next_numeric': (64, 55), 'done': (64,), 'weights': (64,)}
2026-08-30 05:45:27,827 [DEBUG] path_b_bootstrap: BC epoch 18/25 step 3/250 | loss=0.26504 | batch shapes={'tiles': (64, 9, 10, 10), 'numeric': (64, 55), 'action_verb': (64,), 'action_crop': (64,), 'action_hands': (64, 6), 'action_market': (64, 10), 'reward': (64,), 'next_tiles': (64, 9, 10, 10), 'next_numeric': (64, 55), 'done': (64,), 'weights': (64,)}
2026-08-30 05:45:29,282 [DEBUG] path_b_bootstrap: BC epoch 18/25 step 51/250 | loss=0.24955 | batch shapes={'tiles': (64, 9, 10, 10), 'numeric': (64, 55), 'action_verb': (64,), 'action_crop': (64,), 'action_hands': (64, 6), 'action_market': (64, 10), 'reward': (64,), 'next_tiles': (64, 9, 10, 10), 'next_numeric': (64, 55), 'done': (64,), 'weights': (64,)}
2026-08-30 05:45:30,810 [DEBUG] path_b_bootstrap: BC epoch 18/25 step 101/250 | loss=0.33086 | batch shapes={'tiles': (64, 9, 10, 10), 'numeric': (64, 55), 'action_verb': (64,), 'action_crop': (64,), 'action_hands': (64, 6), 'action_market': (64, 10), 'reward': (64,), 'next_tiles': (64, 9, 10, 10), 'next_numeric': (64, 55), 'done': (64,), 'weights': (64,)}
2026-08-30 05:45:32,342 [DEBUG] path_b_bootstrap: BC epoch 18/25 step 151/250 | loss=0.26399 | batch shapes={'tiles': (64, 9, 10, 10), 'numeric': (64, 55), 'action_verb': (64,), 'action_crop': (64,), 'action_hands': (64, 6), 'action_market': (64, 10), 'reward': (64,), 'next_tiles': (64, 9, 10, 10), 'next_numeric': (64, 55), 'done': (64,), 'weights': (64,)}
2026-08-30 05:45:33,852 [DEBUG] path_b_bootstrap: BC epoch 18/25 step 201/250 | loss=0.22843 | batch shapes={'tiles': (64, 9, 10, 10), 'numeric': (64, 55), 'action_verb': (64,), 'action_crop': (64,), 'action_hands': (64, 6), 'action_market': (64, 10), 'reward': (64,), 'next_tiles': (64, 9, 10, 10), 'next_numeric': (64, 55), 'done': (64,), 'weights': (64,)}
2026-08-30 05:45:35,387 [DEBUG] path_b_bootstrap: BC epoch 18/25 step 250/250 | loss=0.28423 | batch shapes={'tiles': (64, 9, 10, 10), 'numeric': (64, 55), 'action_verb': (64,), 'action_crop': (64,), 'action_hands': (64, 6), 'action_market': (64, 10), 'reward': (64,), 'next_tiles': (64, 9, 10, 10), 'next_numeric': (64, 55), 'done': (64,), 'weights': (64,)}
2026-08-30 05:45:35,388 [INFO] path_b_bootstrap: BC epoch 18/25 | avg loss: 0.27246
2026-08-30 05:45:35,420 [DEBUG] path_b_bootstrap: BC epoch 19/25 step 1/250 | loss=0.26926 | batch shapes={'tiles': (64, 9, 10, 10), 'numeric': (64, 55), 'action_verb': (64,), 'action_crop': (64,), 'action_hands': (64, 6), 'action_market': (64, 10), 'reward': (64,), 'next_tiles': (64, 9, 10, 10), 'next_numeric': (64, 55), 'done': (64,), 'weights': (64,)}
2026-08-30 05:45:35,451 [DEBUG] path_b_bootstrap: BC epoch 19/25 step 2/250 | loss=0.34129 | batch shapes={'tiles': (64, 9, 10, 10), 'numeric': (64, 55), 'action_verb': (64,), 'action_crop': (64,), 'action_hands': (64, 6), 'action_market': (64, 10), 'reward': (64,), 'next_tiles': (64, 9, 10, 10), 'next_numeric': (64, 55), 'done': (64,), 'weights': (64,)}
2026-08-30 05:45:35,483 [DEBUG] path_b_bootstrap: BC epoch 19/25 step 3/250 | loss=0.33243 | batch shapes={'tiles': (64, 9, 10, 10), 'numeric': (64, 55), 'action_verb': (64,), 'action_crop': (64,), 'action_hands': (64, 6), 'action_market': (64, 10), 'reward': (64,), 'next_tiles': (64, 9, 10, 10), 'next_numeric': (64, 55), 'done': (64,), 'weights': (64,)}
2026-08-30 05:45:36,948 [DEBUG] path_b_bootstrap: BC epoch 19/25 step 51/250 | loss=0.25202 | batch shapes={'tiles': (64, 9, 10, 10), 'numeric': (64, 55), 'action_verb': (64,), 'action_crop': (64,), 'action_hands': (64, 6), 'action_market': (64, 10), 'reward': (64,), 'next_tiles': (64, 9, 10, 10), 'next_numeric': (64, 55), 'done': (64,), 'weights': (64,)}
2026-08-30 05:45:38,532 [DEBUG] path_b_bootstrap: BC epoch 19/25 step 101/250 | loss=0.26851 | batch shapes={'tiles': (64, 9, 10, 10), 'numeric': (64, 55), 'action_verb': (64,), 'action_crop': (64,), 'action_hands': (64, 6), 'action_market': (64, 10), 'reward': (64,), 'next_tiles': (64, 9, 10, 10), 'next_numeric': (64, 55), 'done': (64,), 'weights': (64,)}
2026-08-30 05:45:40,022 [DEBUG] path_b_bootstrap: BC epoch 19/25 step 151/250 | loss=0.22686 | batch shapes={'tiles': (64, 9, 10, 10), 'numeric': (64, 55), 'action_verb': (64,), 'action_crop': (64,), 'action_hands': (64, 6), 'action_market': (64, 10), 'reward': (64,), 'next_tiles': (64, 9, 10, 10), 'next_numeric': (64, 55), 'done': (64,), 'weights': (64,)}
2026-08-30 05:45:41,476 [DEBUG] path_b_bootstrap: BC epoch 19/25 step 201/250 | loss=0.34330 | batch shapes={'tiles': (64, 9, 10, 10), 'numeric': (64, 55), 'action_verb': (64,), 'action_crop': (64,), 'action_hands': (64, 6), 'action_market': (64, 10), 'reward': (64,), 'next_tiles': (64, 9, 10, 10), 'next_numeric': (64, 55), 'done': (64,), 'weights': (64,)}
2026-08-30 05:45:42,952 [DEBUG] path_b_bootstrap: BC epoch 19/25 step 250/250 | loss=0.27984 | batch shapes={'tiles': (64, 9, 10, 10), 'numeric': (64, 55), 'action_verb': (64,), 'action_crop': (64,), 'action_hands': (64, 6), 'action_market': (64, 10), 'reward': (64,), 'next_tiles': (64, 9, 10, 10), 'next_numeric': (64, 55), 'done': (64,), 'weights': (64,)}
2026-08-30 05:45:42,953 [INFO] path_b_bootstrap: BC epoch 19/25 | avg loss: 0.26351
2026-08-30 05:45:42,981 [DEBUG] path_b_bootstrap: BC epoch 20/25 step 1/250 | loss=0.25884 | batch shapes={'tiles': (64, 9, 10, 10), 'numeric': (64, 55), 'action_verb': (64,), 'action_crop': (64,), 'action_hands': (64, 6), 'action_market': (64, 10), 'reward': (64,), 'next_tiles': (64, 9, 10, 10), 'next_numeric': (64, 55), 'done': (64,), 'weights': (64,)}
2026-08-30 05:45:43,009 [DEBUG] path_b_bootstrap: BC epoch 20/25 step 2/250 | loss=0.24909 | batch shapes={'tiles': (64, 9, 10, 10), 'numeric': (64, 55), 'action_verb': (64,), 'action_crop': (64,), 'action_hands': (64, 6), 'action_market': (64, 10), 'reward': (64,), 'next_tiles': (64, 9, 10, 10), 'next_numeric': (64, 55), 'done': (64,), 'weights': (64,)}
2026-08-30 05:45:43,040 [DEBUG] path_b_bootstrap: BC epoch 20/25 step 3/250 | loss=0.23282 | batch shapes={'tiles': (64, 9, 10, 10), 'numeric': (64, 55), 'action_verb': (64,), 'action_crop': (64,), 'action_hands': (64, 6), 'action_market': (64, 10), 'reward': (64,), 'next_tiles': (64, 9, 10, 10), 'next_numeric': (64, 55), 'done': (64,), 'weights': (64,)}
2026-08-30 05:45:44,447 [DEBUG] path_b_bootstrap: BC epoch 20/25 step 51/250 | loss=0.24846 | batch shapes={'tiles': (64, 9, 10, 10), 'numeric': (64, 55), 'action_verb': (64,), 'action_crop': (64,), 'action_hands': (64, 6), 'action_market': (64, 10), 'reward': (64,), 'next_tiles': (64, 9, 10, 10), 'next_numeric': (64, 55), 'done': (64,), 'weights': (64,)}
2026-08-30 05:45:45,968 [DEBUG] path_b_bootstrap: BC epoch 20/25 step 101/250 | loss=0.28911 | batch shapes={'tiles': (64, 9, 10, 10), 'numeric': (64, 55), 'action_verb': (64,), 'action_crop': (64,), 'action_hands': (64, 6), 'action_market': (64, 10), 'reward': (64,), 'next_tiles': (64, 9, 10, 10), 'next_numeric': (64, 55), 'done': (64,), 'weights': (64,)}
2026-08-30 05:45:47,494 [DEBUG] path_b_bootstrap: BC epoch 20/25 step 151/250 | loss=0.28135 | batch shapes={'tiles': (64, 9, 10, 10), 'numeric': (64, 55), 'action_verb': (64,), 'action_crop': (64,), 'action_hands': (64, 6), 'action_market': (64, 10), 'reward': (64,), 'next_tiles': (64, 9, 10, 10), 'next_numeric': (64, 55), 'done': (64,), 'weights': (64,)}
2026-08-30 05:45:49,010 [DEBUG] path_b_bootstrap: BC epoch 20/25 step 201/250 | loss=0.29285 | batch shapes={'tiles': (64, 9, 10, 10), 'numeric': (64, 55), 'action_verb': (64,), 'action_crop': (64,), 'action_hands': (64, 6), 'action_market': (64, 10), 'reward': (64,), 'next_tiles': (64, 9, 10, 10), 'next_numeric': (64, 55), 'done': (64,), 'weights': (64,)}
2026-08-30 05:45:50,533 [DEBUG] path_b_bootstrap: BC epoch 20/25 step 250/250 | loss=0.21552 | batch shapes={'tiles': (64, 9, 10, 10), 'numeric': (64, 55), 'action_verb': (64,), 'action_crop': (64,), 'action_hands': (64, 6), 'action_market': (64, 10), 'reward': (64,), 'next_tiles': (64, 9, 10, 10), 'next_numeric': (64, 55), 'done': (64,), 'weights': (64,)}
2026-08-30 05:45:50,534 [INFO] path_b_bootstrap: BC epoch 20/25 | avg loss: 0.25423
2026-08-30 05:45:50,563 [DEBUG] path_b_bootstrap: BC epoch 21/25 step 1/250 | loss=0.22255 | batch shapes={'tiles': (64, 9, 10, 10), 'numeric': (64, 55), 'action_verb': (64,), 'action_crop': (64,), 'action_hands': (64, 6), 'action_market': (64, 10), 'reward': (64,), 'next_tiles': (64, 9, 10, 10), 'next_numeric': (64, 55), 'done': (64,), 'weights': (64,)}
2026-08-30 05:45:50,595 [DEBUG] path_b_bootstrap: BC epoch 21/25 step 2/250 | loss=0.28265 | batch shapes={'tiles': (64, 9, 10, 10), 'numeric': (64, 55), 'action_verb': (64,), 'action_crop': (64,), 'action_hands': (64, 6), 'action_market': (64, 10), 'reward': (64,), 'next_tiles': (64, 9, 10, 10), 'next_numeric': (64, 55), 'done': (64,), 'weights': (64,)}
2026-08-30 05:45:50,627 [DEBUG] path_b_bootstrap: BC epoch 21/25 step 3/250 | loss=0.22427 | batch shapes={'tiles': (64, 9, 10, 10), 'numeric': (64, 55), 'action_verb': (64,), 'action_crop': (64,), 'action_hands': (64, 6), 'action_market': (64, 10), 'reward': (64,), 'next_tiles': (64, 9, 10, 10), 'next_numeric': (64, 55), 'done': (64,), 'weights': (64,)}
2026-08-30 05:45:52,090 [DEBUG] path_b_bootstrap: BC epoch 21/25 step 51/250 | loss=0.21088 | batch shapes={'tiles': (64, 9, 10, 10), 'numeric': (64, 55), 'action_verb': (64,), 'action_crop': (64,), 'action_hands': (64, 6), 'action_market': (64, 10), 'reward': (64,), 'next_tiles': (64, 9, 10, 10), 'next_numeric': (64, 55), 'done': (64,), 'weights': (64,)}
2026-08-30 05:45:53,657 [DEBUG] path_b_bootstrap: BC epoch 21/25 step 101/250 | loss=0.24879 | batch shapes={'tiles': (64, 9, 10, 10), 'numeric': (64, 55), 'action_verb': (64,), 'action_crop': (64,), 'action_hands': (64, 6), 'action_market': (64, 10), 'reward': (64,), 'next_tiles': (64, 9, 10, 10), 'next_numeric': (64, 55), 'done': (64,), 'weights': (64,)}
2026-08-30 05:45:55,190 [DEBUG] path_b_bootstrap: BC epoch 21/25 step 151/250 | loss=0.21801 | batch shapes={'tiles': (64, 9, 10, 10), 'numeric': (64, 55), 'action_verb': (64,), 'action_crop': (64,), 'action_hands': (64, 6), 'action_market': (64, 10), 'reward': (64,), 'next_tiles': (64, 9, 10, 10), 'next_numeric': (64, 55), 'done': (64,), 'weights': (64,)}
2026-08-30 05:45:56,695 [DEBUG] path_b_bootstrap: BC epoch 21/25 step 201/250 | loss=0.23853 | batch shapes={'tiles': (64, 9, 10, 10), 'numeric': (64, 55), 'action_verb': (64,), 'action_crop': (64,), 'action_hands': (64, 6), 'action_market': (64, 10), 'reward': (64,), 'next_tiles': (64, 9, 10, 10), 'next_numeric': (64, 55), 'done': (64,), 'weights': (64,)}
2026-08-30 05:45:58,205 [DEBUG] path_b_bootstrap: BC epoch 21/25 step 250/250 | loss=0.21651 | batch shapes={'tiles': (64, 9, 10, 10), 'numeric': (64, 55), 'action_verb': (64,), 'action_crop': (64,), 'action_hands': (64, 6), 'action_market': (64, 10), 'reward': (64,), 'next_tiles': (64, 9, 10, 10), 'next_numeric': (64, 55), 'done': (64,), 'weights': (64,)}
2026-08-30 05:45:58,205 [INFO] path_b_bootstrap: BC epoch 21/25 | avg loss: 0.25012
2026-08-30 05:45:58,236 [DEBUG] path_b_bootstrap: BC epoch 22/25 step 1/250 | loss=0.38427 | batch shapes={'tiles': (64, 9, 10, 10), 'numeric': (64, 55), 'action_verb': (64,), 'action_crop': (64,), 'action_hands': (64, 6), 'action_market': (64, 10), 'reward': (64,), 'next_tiles': (64, 9, 10, 10), 'next_numeric': (64, 55), 'done': (64,), 'weights': (64,)}
2026-08-30 05:45:58,268 [DEBUG] path_b_bootstrap: BC epoch 22/25 step 2/250 | loss=0.20065 | batch shapes={'tiles': (64, 9, 10, 10), 'numeric': (64, 55), 'action_verb': (64,), 'action_crop': (64,), 'action_hands': (64, 6), 'action_market': (64, 10), 'reward': (64,), 'next_tiles': (64, 9, 10, 10), 'next_numeric': (64, 55), 'done': (64,), 'weights': (64,)}
2026-08-30 05:45:58,298 [DEBUG] path_b_bootstrap: BC epoch 22/25 step 3/250 | loss=0.22572 | batch shapes={'tiles': (64, 9, 10, 10), 'numeric': (64, 55), 'action_verb': (64,), 'action_crop': (64,), 'action_hands': (64, 6), 'action_market': (64, 10), 'reward': (64,), 'next_tiles': (64, 9, 10, 10), 'next_numeric': (64, 55), 'done': (64,), 'weights': (64,)}
2026-08-30 05:45:59,718 [DEBUG] path_b_bootstrap: BC epoch 22/25 step 51/250 | loss=0.24135 | batch shapes={'tiles': (64, 9, 10, 10), 'numeric': (64, 55), 'action_verb': (64,), 'action_crop': (64,), 'action_hands': (64, 6), 'action_market': (64, 10), 'reward': (64,), 'next_tiles': (64, 9, 10, 10), 'next_numeric': (64, 55), 'done': (64,), 'weights': (64,)}
2026-08-30 05:46:01,252 [DEBUG] path_b_bootstrap: BC epoch 22/25 step 101/250 | loss=0.34600 | batch shapes={'tiles': (64, 9, 10, 10), 'numeric': (64, 55), 'action_verb': (64,), 'action_crop': (64,), 'action_hands': (64, 6), 'action_market': (64, 10), 'reward': (64,), 'next_tiles': (64, 9, 10, 10), 'next_numeric': (64, 55), 'done': (64,), 'weights': (64,)}
2026-08-30 05:46:02,780 [DEBUG] path_b_bootstrap: BC epoch 22/25 step 151/250 | loss=0.20547 | batch shapes={'tiles': (64, 9, 10, 10), 'numeric': (64, 55), 'action_verb': (64,), 'action_crop': (64,), 'action_hands': (64, 6), 'action_market': (64, 10), 'reward': (64,), 'next_tiles': (64, 9, 10, 10), 'next_numeric': (64, 55), 'done': (64,), 'weights': (64,)}
2026-08-30 05:46:04,299 [DEBUG] path_b_bootstrap: BC epoch 22/25 step 201/250 | loss=0.28938 | batch shapes={'tiles': (64, 9, 10, 10), 'numeric': (64, 55), 'action_verb': (64,), 'action_crop': (64,), 'action_hands': (64, 6), 'action_market': (64, 10), 'reward': (64,), 'next_tiles': (64, 9, 10, 10), 'next_numeric': (64, 55), 'done': (64,), 'weights': (64,)}
2026-08-30 05:46:05,750 [DEBUG] path_b_bootstrap: BC epoch 22/25 step 250/250 | loss=0.25398 | batch shapes={'tiles': (64, 9, 10, 10), 'numeric': (64, 55), 'action_verb': (64,), 'action_crop': (64,), 'action_hands': (64, 6), 'action_market': (64, 10), 'reward': (64,), 'next_tiles': (64, 9, 10, 10), 'next_numeric': (64, 55), 'done': (64,), 'weights': (64,)}
2026-08-30 05:46:05,750 [INFO] path_b_bootstrap: BC epoch 22/25 | avg loss: 0.24223
2026-08-30 05:46:05,778 [DEBUG] path_b_bootstrap: BC epoch 23/25 step 1/250 | loss=0.19456 | batch shapes={'tiles': (64, 9, 10, 10), 'numeric': (64, 55), 'action_verb': (64,), 'action_crop': (64,), 'action_hands': (64, 6), 'action_market': (64, 10), 'reward': (64,), 'next_tiles': (64, 9, 10, 10), 'next_numeric': (64, 55), 'done': (64,), 'weights': (64,)}
2026-08-30 05:46:05,806 [DEBUG] path_b_bootstrap: BC epoch 23/25 step 2/250 | loss=0.21311 | batch shapes={'tiles': (64, 9, 10, 10), 'numeric': (64, 55), 'action_verb': (64,), 'action_crop': (64,), 'action_hands': (64, 6), 'action_market': (64, 10), 'reward': (64,), 'next_tiles': (64, 9, 10, 10), 'next_numeric': (64, 55), 'done': (64,), 'weights': (64,)}
2026-08-30 05:46:05,836 [DEBUG] path_b_bootstrap: BC epoch 23/25 step 3/250 | loss=0.21616 | batch shapes={'tiles': (64, 9, 10, 10), 'numeric': (64, 55), 'action_verb': (64,), 'action_crop': (64,), 'action_hands': (64, 6), 'action_market': (64, 10), 'reward': (64,), 'next_tiles': (64, 9, 10, 10), 'next_numeric': (64, 55), 'done': (64,), 'weights': (64,)}
2026-08-30 05:46:07,318 [DEBUG] path_b_bootstrap: BC epoch 23/25 step 51/250 | loss=0.27157 | batch shapes={'tiles': (64, 9, 10, 10), 'numeric': (64, 55), 'action_verb': (64,), 'action_crop': (64,), 'action_hands': (64, 6), 'action_market': (64, 10), 'reward': (64,), 'next_tiles': (64, 9, 10, 10), 'next_numeric': (64, 55), 'done': (64,), 'weights': (64,)}
2026-08-30 05:46:08,832 [DEBUG] path_b_bootstrap: BC epoch 23/25 step 101/250 | loss=0.26606 | batch shapes={'tiles': (64, 9, 10, 10), 'numeric': (64, 55), 'action_verb': (64,), 'action_crop': (64,), 'action_hands': (64, 6), 'action_market': (64, 10), 'reward': (64,), 'next_tiles': (64, 9, 10, 10), 'next_numeric': (64, 55), 'done': (64,), 'weights': (64,)}
2026-08-30 05:46:10,334 [DEBUG] path_b_bootstrap: BC epoch 23/25 step 151/250 | loss=0.25157 | batch shapes={'tiles': (64, 9, 10, 10), 'numeric': (64, 55), 'action_verb': (64,), 'action_crop': (64,), 'action_hands': (64, 6), 'action_market': (64, 10), 'reward': (64,), 'next_tiles': (64, 9, 10, 10), 'next_numeric': (64, 55), 'done': (64,), 'weights': (64,)}
2026-08-30 05:46:11,875 [DEBUG] path_b_bootstrap: BC epoch 23/25 step 201/250 | loss=0.23315 | batch shapes={'tiles': (64, 9, 10, 10), 'numeric': (64, 55), 'action_verb': (64,), 'action_crop': (64,), 'action_hands': (64, 6), 'action_market': (64, 10), 'reward': (64,), 'next_tiles': (64, 9, 10, 10), 'next_numeric': (64, 55), 'done': (64,), 'weights': (64,)}
2026-08-30 05:46:13,374 [DEBUG] path_b_bootstrap: BC epoch 23/25 step 250/250 | loss=0.23154 | batch shapes={'tiles': (64, 9, 10, 10), 'numeric': (64, 55), 'action_verb': (64,), 'action_crop': (64,), 'action_hands': (64, 6), 'action_market': (64, 10), 'reward': (64,), 'next_tiles': (64, 9, 10, 10), 'next_numeric': (64, 55), 'done': (64,), 'weights': (64,)}
2026-08-30 05:46:13,374 [INFO] path_b_bootstrap: BC epoch 23/25 | avg loss: 0.23641
2026-08-30 05:46:13,407 [DEBUG] path_b_bootstrap: BC epoch 24/25 step 1/250 | loss=0.24032 | batch shapes={'tiles': (64, 9, 10, 10), 'numeric': (64, 55), 'action_verb': (64,), 'action_crop': (64,), 'action_hands': (64, 6), 'action_market': (64, 10), 'reward': (64,), 'next_tiles': (64, 9, 10, 10), 'next_numeric': (64, 55), 'done': (64,), 'weights': (64,)}
2026-08-30 05:46:13,438 [DEBUG] path_b_bootstrap: BC epoch 24/25 step 2/250 | loss=0.29223 | batch shapes={'tiles': (64, 9, 10, 10), 'numeric': (64, 55), 'action_verb': (64,), 'action_crop': (64,), 'action_hands': (64, 6), 'action_market': (64, 10), 'reward': (64,), 'next_tiles': (64, 9, 10, 10), 'next_numeric': (64, 55), 'done': (64,), 'weights': (64,)}
2026-08-30 05:46:13,472 [DEBUG] path_b_bootstrap: BC epoch 24/25 step 3/250 | loss=0.24623 | batch shapes={'tiles': (64, 9, 10, 10), 'numeric': (64, 55), 'action_verb': (64,), 'action_crop': (64,), 'action_hands': (64, 6), 'action_market': (64, 10), 'reward': (64,), 'next_tiles': (64, 9, 10, 10), 'next_numeric': (64, 55), 'done': (64,), 'weights': (64,)}
2026-08-30 05:46:14,954 [DEBUG] path_b_bootstrap: BC epoch 24/25 step 51/250 | loss=0.18330 | batch shapes={'tiles': (64, 9, 10, 10), 'numeric': (64, 55), 'action_verb': (64,), 'action_crop': (64,), 'action_hands': (64, 6), 'action_market': (64, 10), 'reward': (64,), 'next_tiles': (64, 9, 10, 10), 'next_numeric': (64, 55), 'done': (64,), 'weights': (64,)}
2026-08-30 05:46:16,415 [DEBUG] path_b_bootstrap: BC epoch 24/25 step 101/250 | loss=0.24329 | batch shapes={'tiles': (64, 9, 10, 10), 'numeric': (64, 55), 'action_verb': (64,), 'action_crop': (64,), 'action_hands': (64, 6), 'action_market': (64, 10), 'reward': (64,), 'next_tiles': (64, 9, 10, 10), 'next_numeric': (64, 55), 'done': (64,), 'weights': (64,)}
2026-08-30 05:46:17,934 [DEBUG] path_b_bootstrap: BC epoch 24/25 step 151/250 | loss=0.21349 | batch shapes={'tiles': (64, 9, 10, 10), 'numeric': (64, 55), 'action_verb': (64,), 'action_crop': (64,), 'action_hands': (64, 6), 'action_market': (64, 10), 'reward': (64,), 'next_tiles': (64, 9, 10, 10), 'next_numeric': (64, 55), 'done': (64,), 'weights': (64,)}
2026-08-30 05:46:19,433 [DEBUG] path_b_bootstrap: BC epoch 24/25 step 201/250 | loss=0.25176 | batch shapes={'tiles': (64, 9, 10, 10), 'numeric': (64, 55), 'action_verb': (64,), 'action_crop': (64,), 'action_hands': (64, 6), 'action_market': (64, 10), 'reward': (64,), 'next_tiles': (64, 9, 10, 10), 'next_numeric': (64, 55), 'done': (64,), 'weights': (64,)}
2026-08-30 05:46:20,914 [DEBUG] path_b_bootstrap: BC epoch 24/25 step 250/250 | loss=0.24184 | batch shapes={'tiles': (64, 9, 10, 10), 'numeric': (64, 55), 'action_verb': (64,), 'action_crop': (64,), 'action_hands': (64, 6), 'action_market': (64, 10), 'reward': (64,), 'next_tiles': (64, 9, 10, 10), 'next_numeric': (64, 55), 'done': (64,), 'weights': (64,)}
2026-08-30 05:46:20,914 [INFO] path_b_bootstrap: BC epoch 24/25 | avg loss: 0.23364
2026-08-30 05:46:20,944 [DEBUG] path_b_bootstrap: BC epoch 25/25 step 1/250 | loss=0.25304 | batch shapes={'tiles': (64, 9, 10, 10), 'numeric': (64, 55), 'action_verb': (64,), 'action_crop': (64,), 'action_hands': (64, 6), 'action_market': (64, 10), 'reward': (64,), 'next_tiles': (64, 9, 10, 10), 'next_numeric': (64, 55), 'done': (64,), 'weights': (64,)}
2026-08-30 05:46:20,976 [DEBUG] path_b_bootstrap: BC epoch 25/25 step 2/250 | loss=0.22699 | batch shapes={'tiles': (64, 9, 10, 10), 'numeric': (64, 55), 'action_verb': (64,), 'action_crop': (64,), 'action_hands': (64, 6), 'action_market': (64, 10), 'reward': (64,), 'next_tiles': (64, 9, 10, 10), 'next_numeric': (64, 55), 'done': (64,), 'weights': (64,)}
2026-08-30 05:46:21,006 [DEBUG] path_b_bootstrap: BC epoch 25/25 step 3/250 | loss=0.15621 | batch shapes={'tiles': (64, 9, 10, 10), 'numeric': (64, 55), 'action_verb': (64,), 'action_crop': (64,), 'action_hands': (64, 6), 'action_market': (64, 10), 'reward': (64,), 'next_tiles': (64, 9, 10, 10), 'next_numeric': (64, 55), 'done': (64,), 'weights': (64,)}
2026-08-30 05:46:22,469 [DEBUG] path_b_bootstrap: BC epoch 25/25 step 51/250 | loss=0.21711 | batch shapes={'tiles': (64, 9, 10, 10), 'numeric': (64, 55), 'action_verb': (64,), 'action_crop': (64,), 'action_hands': (64, 6), 'action_market': (64, 10), 'reward': (64,), 'next_tiles': (64, 9, 10, 10), 'next_numeric': (64, 55), 'done': (64,), 'weights': (64,)}
2026-08-30 05:46:24,089 [DEBUG] path_b_bootstrap: BC epoch 25/25 step 101/250 | loss=0.25757 | batch shapes={'tiles': (64, 9, 10, 10), 'numeric': (64, 55), 'action_verb': (64,), 'action_crop': (64,), 'action_hands': (64, 6), 'action_market': (64, 10), 'reward': (64,), 'next_tiles': (64, 9, 10, 10), 'next_numeric': (64, 55), 'done': (64,), 'weights': (64,)}
2026-08-30 05:46:25,685 [DEBUG] path_b_bootstrap: BC epoch 25/25 step 151/250 | loss=0.21537 | batch shapes={'tiles': (64, 9, 10, 10), 'numeric': (64, 55), 'action_verb': (64,), 'action_crop': (64,), 'action_hands': (64, 6), 'action_market': (64, 10), 'reward': (64,), 'next_tiles': (64, 9, 10, 10), 'next_numeric': (64, 55), 'done': (64,), 'weights': (64,)}
2026-08-30 05:46:27,284 [DEBUG] path_b_bootstrap: BC epoch 25/25 step 201/250 | loss=0.22135 | batch shapes={'tiles': (64, 9, 10, 10), 'numeric': (64, 55), 'action_verb': (64,), 'action_crop': (64,), 'action_hands': (64, 6), 'action_market': (64, 10), 'reward': (64,), 'next_tiles': (64, 9, 10, 10), 'next_numeric': (64, 55), 'done': (64,), 'weights': (64,)}
2026-08-30 05:46:28,820 [DEBUG] path_b_bootstrap: BC epoch 25/25 step 250/250 | loss=0.23504 | batch shapes={'tiles': (64, 9, 10, 10), 'numeric': (64, 55), 'action_verb': (64,), 'action_crop': (64,), 'action_hands': (64, 6), 'action_market': (64, 10), 'reward': (64,), 'next_tiles': (64, 9, 10, 10), 'next_numeric': (64, 55), 'done': (64,), 'weights': (64,)}
2026-08-30 05:46:28,821 [INFO] path_b_bootstrap: BC epoch 25/25 | avg loss: 0.22777
2026-08-30 05:46:28,824 [INFO] kaggriculture_self_play_training: BC pretrain metrics saved to: /Users/sweeden/kagg/experiments/Hinesight Experience Replay for Double Q-Learning DQN SB3 Kaggriculture reinforcement learning/bc_pass_fix_ladder/metrics/bc_pretrain.json
2026-08-30 05:46:30,959 [INFO] kaggriculture_self_play_training: Already completed 0 episodes (target 0). Running export/eval only.
2026-08-30 05:46:30,959 [INFO] kaggriculture_self_play_training: BC completed (25 epoch losses); self-play eps_start=0.25 (was 1.0 without BC)
2026-08-30 05:46:32,171 [DEBUG] kaggriculture_self_play_training: Self-play env: KaggleCompetitiveEnv max_steps=720 turns_per_cycle=72 use_kaggle=True
2026-08-30 05:46:32,198 [INFO] kaggriculture_self_play_training: Final model saved to: /Users/sweeden/kagg/experiments/Hinesight Experience Replay for Double Q-Learning DQN SB3 Kaggriculture reinforcement learning/bc_pass_fix_ladder/models/model.pth
2026-08-30 05:56:00,697 [INFO] kaggriculture_self_play_training: League win-rate summary: 0.00 (0/60 ep), cleared=0/10, beats_all=False
2026-08-30 05:56:00,698 [INFO] kaggriculture_self_play_training: Ladder eval (10 opponents, 6 ep each, target 50%): beats_all=False → /Users/sweeden/kagg/experiments/Hinesight Experience Replay for Double Q-Learning DQN SB3 Kaggriculture reinforcement learning/bc_pass_fix_ladder/metrics/ladder_eval.json
2026-08-30 05:56:00,698 [INFO] kaggriculture_self_play_training:   [FAIL] vs fallow_finn      win=0% (0/6) money 3000 vs 3000
2026-08-30 05:56:00,698 [INFO] kaggriculture_self_play_training:   [FAIL] vs wheat_walter     win=0% (0/6) money 3000 vs 6805
2026-08-30 05:56:00,698 [INFO] kaggriculture_self_play_training:   [FAIL] vs rotation_rosa    win=0% (0/6) money 3000 vs 12563
2026-08-30 05:56:00,698 [INFO] kaggriculture_self_play_training:   [FAIL] vs homestead_hana   win=0% (0/6) money 3000 vs 16771
2026-08-30 05:56:00,698 [INFO] kaggriculture_self_play_training:   [FAIL] vs melon_mateo      win=0% (0/6) money 3000 vs 21370
2026-08-30 05:56:00,698 [INFO] kaggriculture_self_play_training:   [FAIL] vs rancher_rita     win=0% (0/6) money 3000 vs 43936
2026-08-30 05:56:00,698 [INFO] kaggriculture_self_play_training:   [FAIL] vs broker_bea       win=0% (0/6) money 117 vs 42429
2026-08-30 05:56:00,698 [INFO] kaggriculture_self_play_training:   [FAIL] vs ledger_lena      win=0% (0/6) money 117 vs 42016
2026-08-30 05:56:00,698 [INFO] kaggriculture_self_play_training:   [FAIL] vs slotter_silas    win=0% (0/6) money 117 vs 41606
2026-08-30 05:56:00,698 [INFO] kaggriculture_self_play_training:   [FAIL] vs closer_cleo      win=0% (0/6) money 2923 vs 25502
2026-08-30 05:56:00,701 [INFO] kaggriculture_self_play_training: Agent export saved to: /Users/sweeden/kagg/experiments/Hinesight Experience Replay for Double Q-Learning DQN SB3 Kaggriculture reinforcement learning/bc_pass_fix_ladder/agent.py
2026-08-30 05:56:00,702 [INFO] kaggriculture_self_play_training: Episode metrics saved to: /Users/sweeden/kagg/experiments/Hinesight Experience Replay for Double Q-Learning DQN SB3 Kaggriculture reinforcement learning/bc_pass_fix_ladder/metrics/episode_metrics.json
2026-08-30 05:56:00,702 [INFO] kaggriculture_self_play_training: Cumulative training progress saved to: /Users/sweeden/kagg/experiments/Hinesight Experience Replay for Double Q-Learning DQN SB3 Kaggriculture reinforcement learning/bc_pass_fix_ladder/metrics/training_progress.json
2026-08-30 05:56:00,702 [INFO] kaggriculture_self_play_training: --- SELF-PLAY TRAINING LOOP COMPLETED ---
